Microchip MPLAB XC8 Compiler V3.10

Linker command line:

-W-3 \
  --edf=C:\Program Files\Microchip\xc8\v3.10\pic\dat\20250813170317_en.msgs \
  -cn -h+dist/default/debug\TF-Micro.X.debug.sym \
  --cmf=dist/default/debug\TF-Micro.X.debug.cmf -z -Q18F57Q43 \
  -oC:\Users\Angel\AppData\Local\Temp\xcAsfxo.0\driver_tmp_3.o \
  --defsym=__MPLAB_BUILD=1 --fixupoverflow=error \
  -Mdist/default/debug/TF-Micro.X.debug.map \
  --md=C:\Users\Angel\AppData\Local\Temp\xcAsfxo.0\driver_tmp_0.dat -E1 \
  -ver=XC8 Compiler -ACODE=00h-01FFFFh -ACONST=00h-01FFFFh \
  -ASMALLCONST=02600h-026FFhx218,012600h-0126FFhx218 \
  -AMEDIUMCONST=02600h-0FFFFh,012600h-01FFFFh -ACOMRAM=0501h-055Fh \
  -AABS1=0500h-024FFh -ABIGRAM=0501h-024FFh \
  -ARAM=0560h-05FFh,0600h-06FFhx31 -ABANK5=0560h-05FFh -ABANK6=0600h-06FFh \
  -ABANK7=0700h-07FFh -ABANK8=0800h-08FFh -ABANK9=0900h-09FFh \
  -ABANK10=0A00h-0AFFh -ABANK11=0B00h-0BFFh -ABANK12=0C00h-0CFFh \
  -ABANK13=0D00h-0DFFh -ABANK14=0E00h-0EFFh -ABANK15=0F00h-0FFFh \
  -ABANK16=01000h-010FFh -ABANK17=01100h-011FFh -ABANK18=01200h-012FFh \
  -ABANK19=01300h-013FFh -ABANK20=01400h-014FFh -ABANK21=01500h-015FFh \
  -ABANK22=01600h-016FFh -ABANK23=01700h-017FFh -ABANK24=01800h-018FFh \
  -ABANK25=01900h-019FFh -ABANK26=01A00h-01AFFh -ABANK27=01B00h-01BFFh \
  -ABANK28=01C00h-01CFFh -ABANK29=01D00h-01DFFh -ABANK30=01E00h-01EFFh \
  -ABANK31=01F00h-01FFFh -ABANK32=02000h-020FFh -ABANK33=02100h-021FFh \
  -ABANK34=02200h-022FFh -ABANK35=02300h-023FFh -ABANK36=02400h-024FFh \
  -ASFR=00h-0FFhx4,0400h-045Fh,0460h-04FFh,02500h-025FFh \
  -ABIGSFR=00h-04FFh,02500h-025FFh -ACONFIG=0300000h-0300011h \
  -AIDLOC=0200000h-020003Fh -AEEDATA=0380000h-03803FFh -peeprom_data=EEDATA \
  -preset_vec=00h -ppowerup=CODE,init -pramtop=02600h \
  -psmallconst=SMALLCONST -pmediumconst=MEDIUMCONST -pconst=CONST \
  -AFARRAM=00h-00h \
  -prdata=COMRAM,nvrram=COMRAM,nvbit=COMRAM,rbss=COMRAM,rbit=COMRAM \
  -pfarbss=FARRAM,fardata=FARRAM,nvFARRAM=FARRAM \
  -pintsave_regs=BIGRAM,bigbss=BIGRAM,bigdata=BIGRAM -pbss=RAM \
  -pidata=CODE,irdata=CODE,ibigdata=CODE,ifardata=CODE -prparam=COMRAM \
  C:\Users\Angel\AppData\Local\Temp\xcAsfxo.0\driver_tmp_9.o \
  dist/default/debug\TF-Micro.X.debug.o 

Object code version is 3.11

Machine type is 18F57Q43



                Name                               Link     Load   Length Selector   Space Scale
C:\Users\Angel\AppData\Local\Temp\xcAsfxo.0\driver_tmp_9.o
                config                           300000   300000        A        0       4
                init                              1FFFC    1FFFC        4     FFFE       0
                reset_vec                             0        0        4        0       0
dist/default/debug\TF-Micro.X.debug.o
                config                           300000   300000        A        0       4
                mediumconst                        FDC6     FDC6      23A     7EE3       0
                text83                            12978    12978       32     8000       0
                text82                            12562    12562       52     8000       0
                text81                            12604    12604       4A     8000       0
                text80                            112EC    112EC       F6     8000       0
                text79                            12A2A    12A2A       2A     8000       0
                text78                            12B40    12B40       10     8000       0
                text77                            1186A    1186A       A2     8000       0
                text76                            1190C    1190C       96     8000       0
                text75                            12B98    12B98        8     8000       0
                text74                            12892    12892       3C     8000       0
                text73                            125B4    125B4       50     8000       0
                text72                            12B6C    12B6C        E     8000       0
                text71                            12334    12334       66     8000       0
                text70                            11CF0    11CF0       88     8000       0
                text69                            11EFA    11EFA       7A     8000       0
                text68                            111F6    111F6       F6     8000       0
                text67                            1250C    1250C       56     8000       0
                text66                            122CE    122CE       66     8000       0
                text65                            12B90    12B90        8     8000       0
                text64                            12B06    12B06       16     8000       0
                text63                            12B5E    12B5E        E     8000       0
                text62                            12B86    12B86        A     8000       0
                text61                            12854    12854       3E     8000       0
                text60                            10A68    10A68      168     8000       0
                text59                            12AA0    12AA0       20     8000       0
                text58                            12AF0    12AF0       16     8000       0
                text57                            114CA    114CA       E8     8000       0
                text56                            12A00    12A00       2A     8000       0
                text55                            12798    12798       40     8000       0
                text54                            10E76    10E76      146     8000       0
                text53                            12942    12942       36     8000       0
                text52                            1167E    1167E       A6     8000       0
                text51                            12B2E    12B2E       12     8000       0
                text50                            10FBC    10FBC      130     8000       0
                text49                            117C8    117C8       A2     8000       0
                text48                            124B6    124B6       56     8000       0
                text47                            11E80    11E80       7A     8000       0
                text46                            12268    12268       66     8000       0
                text45                            113E2    113E2       E8     8000       0
                text44                            1205A    1205A       70     8000       0
                text43                            129AA    129AA       2C     8000       0
                text42                            12AD8    12AD8       18     8000       0
                text41                            12908    12908       3A     8000       0
                text40                            102B4    102B4      25A     8000       0
                text39                            1050E    1050E      1DE     8000       0
                text38                            12202    12202       66     8000       0
                text37                            115B2    115B2       CC     8000       0
                text36                            11DFC    11DFC       84     8000       0
                text35                            12B50    12B50        E     8000       0
                text34                            129D6    129D6       2A     8000       0
                text33                            12134    12134       68     8000       0
                text32                            12B1C    12B1C       12     8000       0
                text31                            11AC2    11AC2       90     8000       0
                text30                            11A32    11A32       90     8000       0
                text29                            12692    12692       44     8000       0
                text28                            12460    12460       56     8000       0
                text27                            1264E    1264E       44     8000       0
                text26                            11F74    11F74       74     8000       0
                text25                            12758    12758       40     8000       0
                text24                            126D6    126D6       42     8000       0
                text23                            12718    12718       40     8000       0
                text22                            119A2    119A2       90     8000       0
                text21                            12A7A    12A7A       26     8000       0
                text20                            10BD0    10BD0      158     8000       0
                text19                            12816    12816       3E     8000       0
                text18                            11724    11724       A4     8000       0
                text17                            11C68    11C68       88     8000       0
                text16                            120CA    120CA       6A     8000       0
                text15                            108BC    108BC      1AC     8000       0
                text14                            128CE    128CE       3A     8000       0
                text13                            11D78    11D78       84     8000       0
                text12                            106EC    106EC      1D0     8000       0
                text11                            10000    10000      2B4     8000       0
                text10                            11B52    11B52       8C     8000       0
                text9                             11FE8    11FE8       72     8000       0
                text8                             1239A    1239A       64     8000       0
                text7                             10D28    10D28      14E     8000       0
                text6                             123FE    123FE       62     8000       0
                text5                             11BDE    11BDE       8A     8000       0
                text4                             12A54    12A54       26     8000       0
                text3                             1219C    1219C       66     8000       0
                text2                             110EC    110EC      10A     8000       0
                text1                             12AC0    12AC0       18     8000       0
                text0                             12B7A    12B7A        C     8000       0
                cstackCOMRAM                        501      501       35      501       1
                bssBANK5                            560      560       9F      560       1
                dataCOMRAM                          55A      55A        4      501       1
                bssCOMRAM                           536      536       24      501       1
                cinit                             127D8    127D8       3E     8000       0
                idataCOMRAM                       12BA0    12BA0        4     8000       0

TOTAL           Name                               Link     Load   Length     Space
        CLASS   CODE           
                init                              1FFFC    1FFFC        4         0
                reset_vec                             0        0        4         0
                text83                            12978    12978       32         0
                text82                            12562    12562       52         0
                text81                            12604    12604       4A         0
                text80                            112EC    112EC       F6         0
                text79                            12A2A    12A2A       2A         0
                text78                            12B40    12B40       10         0
                text77                            1186A    1186A       A2         0
                text76                            1190C    1190C       96         0
                text75                            12B98    12B98        8         0
                text74                            12892    12892       3C         0
                text73                            125B4    125B4       50         0
                text72                            12B6C    12B6C        E         0
                text71                            12334    12334       66         0
                text70                            11CF0    11CF0       88         0
                text69                            11EFA    11EFA       7A         0
                text68                            111F6    111F6       F6         0
                text67                            1250C    1250C       56         0
                text66                            122CE    122CE       66         0
                text65                            12B90    12B90        8         0
                text64                            12B06    12B06       16         0
                text63                            12B5E    12B5E        E         0
                text62                            12B86    12B86        A         0
                text61                            12854    12854       3E         0
                text60                            10A68    10A68      168         0
                text59                            12AA0    12AA0       20         0
                text58                            12AF0    12AF0       16         0
                text57                            114CA    114CA       E8         0
                text56                            12A00    12A00       2A         0
                text55                            12798    12798       40         0
                text54                            10E76    10E76      146         0
                text53                            12942    12942       36         0
                text52                            1167E    1167E       A6         0
                text51                            12B2E    12B2E       12         0
                text50                            10FBC    10FBC      130         0
                text49                            117C8    117C8       A2         0
                text48                            124B6    124B6       56         0
                text47                            11E80    11E80       7A         0
                text46                            12268    12268       66         0
                text45                            113E2    113E2       E8         0
                text44                            1205A    1205A       70         0
                text43                            129AA    129AA       2C         0
                text42                            12AD8    12AD8       18         0
                text41                            12908    12908       3A         0
                text40                            102B4    102B4      25A         0
                text39                            1050E    1050E      1DE         0
                text38                            12202    12202       66         0
                text37                            115B2    115B2       CC         0
                text36                            11DFC    11DFC       84         0
                text35                            12B50    12B50        E         0
                text34                            129D6    129D6       2A         0
                text33                            12134    12134       68         0
                text32                            12B1C    12B1C       12         0
                text31                            11AC2    11AC2       90         0
                text30                            11A32    11A32       90         0
                text29                            12692    12692       44         0
                text28                            12460    12460       56         0
                text27                            1264E    1264E       44         0
                text26                            11F74    11F74       74         0
                text25                            12758    12758       40         0
                text24                            126D6    126D6       42         0
                text23                            12718    12718       40         0
                text22                            119A2    119A2       90         0
                text21                            12A7A    12A7A       26         0
                text20                            10BD0    10BD0      158         0
                text19                            12816    12816       3E         0
                text18                            11724    11724       A4         0
                text17                            11C68    11C68       88         0
                text16                            120CA    120CA       6A         0
                text15                            108BC    108BC      1AC         0
                text14                            128CE    128CE       3A         0
                text13                            11D78    11D78       84         0
                text12                            106EC    106EC      1D0         0
                text11                            10000    10000      2B4         0
                text10                            11B52    11B52       8C         0
                text9                             11FE8    11FE8       72         0
                text8                             1239A    1239A       64         0
                text7                             10D28    10D28      14E         0
                text6                             123FE    123FE       62         0
                text5                             11BDE    11BDE       8A         0
                text4                             12A54    12A54       26         0
                text3                             1219C    1219C       66         0
                text2                             110EC    110EC      10A         0
                text1                             12AC0    12AC0       18         0
                text0                             12B7A    12B7A        C         0
                cinit                             127D8    127D8       3E         0
                idataCOMRAM                       12BA0    12BA0        4         0

        CLASS   CONST          

        CLASS   SMALLCONST     

        CLASS   MEDIUMCONST    
                mediumconst                        FDC6     FDC6      23A         0

        CLASS   COMRAM         
                cstackCOMRAM                        501      501       35         1
                dataCOMRAM                          55A      55A        4         1
                bssCOMRAM                           536      536       24         1

        CLASS   ABS1           

        CLASS   BIGRAM         

        CLASS   RAM            

        CLASS   BANK5          
                bssBANK5                            560      560       9F         1

        CLASS   BANK6          

        CLASS   BANK7          

        CLASS   BANK8          

        CLASS   BANK9          

        CLASS   BANK10         

        CLASS   BANK11         

        CLASS   BANK12         

        CLASS   BANK13         

        CLASS   BANK14         

        CLASS   BANK15         

        CLASS   BANK16         

        CLASS   BANK17         

        CLASS   BANK18         

        CLASS   BANK19         

        CLASS   BANK20         

        CLASS   BANK21         

        CLASS   BANK22         

        CLASS   BANK23         

        CLASS   BANK24         

        CLASS   BANK25         

        CLASS   BANK26         

        CLASS   BANK27         

        CLASS   BANK28         

        CLASS   BANK29         

        CLASS   BANK30         

        CLASS   BANK31         

        CLASS   BANK32         

        CLASS   BANK33         

        CLASS   BANK34         

        CLASS   BANK35         

        CLASS   BANK36         

        CLASS   SFR            

        CLASS   BIGSFR         

        CLASS   CONFIG         
                config                           300000   300000        A         4

        CLASS   IDLOC          

        CLASS   EEDATA         

        CLASS   FARRAM         

        CLASS   HEAP           

        CLASS   STACK          



SEGMENTS        Name                           Load    Length   Top    Selector   Space  Class

                reset_vec                      000000  000004  000004         0       0  CODE    
                cstackCOMRAM                   000501  00005D  00055E       501       1  COMRAM  
                bssBANK5                       000560  00009F  0005FF       560       1  BANK5   
                mediumconst                    00FDC6  00023A  010000      7EE3       0  MEDIUMCO
                text11                         010000  002BA4  012BA4      8000       0  CODE    
                init                           01FFFC  000004  020000      FFFE       0  CODE    


UNUSED ADDRESS RANGES

        Name                Unused          Largest block    Delta
        BANK10           000A00-000AFF              100
        BANK11           000B00-000BFF              100
        BANK12           000C00-000CFF              100
        BANK13           000D00-000DFF              100
        BANK14           000E00-000EFF              100
        BANK15           000F00-000FFF              100
        BANK16           001000-0010FF              100
        BANK17           001100-0011FF              100
        BANK18           001200-0012FF              100
        BANK19           001300-0013FF              100
        BANK20           001400-0014FF              100
        BANK21           001500-0015FF              100
        BANK22           001600-0016FF              100
        BANK23           001700-0017FF              100
        BANK24           001800-0018FF              100
        BANK25           001900-0019FF              100
        BANK26           001A00-001AFF              100
        BANK27           001B00-001BFF              100
        BANK28           001C00-001CFF              100
        BANK29           001D00-001DFF              100
        BANK30           001E00-001EFF              100
        BANK31           001F00-001FFF              100
        BANK32           002000-0020FF              100
        BANK33           002100-0021FF              100
        BANK34           002200-0022FF              100
        BANK35           002300-0023FF              100
        BANK36           002400-0024FF              100
        BANK5            0005FF-0005FF                1
        BANK6            000600-0006FF              100
        BANK7            000700-0007FF              100
        BANK8            000800-0008FF              100
        BANK9            000900-0009FF              100
        BIGRAM           00055E-00055F                2
                         0005FF-0024FF             1F01
        BIGSFR           000000-0004FF              500
                         002500-0025FF              100
        CODE             000004-00FDC5             FDC2
                         012BA4-01FFFB             D458
        COMRAM           00055E-00055F                2
        CONFIG           30000A-300011                8
        CONST            000004-00FDC5             FDC2
                         012BA4-01FFFB             D458
        EEDATA           380000-3803FF              400
        IDLOC            200000-20003F               40
        MEDIUMCONST      002600-00FDC5             D7C6
                         012BA4-01FFFB             D458
        RAM              0005FF-0024FF              100
        SFR              000000-0004FF              100
                         002500-0025FF              100
        SMALLCONST       002600-00FDC5              100
                         012BA4-01FFFB              100

                                  Symbol Table

?_CNY70_Read                             cstackCOMRAM 000501
?___lldiv                                cstackCOMRAM 000501
?___llmod                                cstackCOMRAM 00050E
?___lmul                                 cstackCOMRAM 000501
?___lwdiv                                cstackCOMRAM 000501
?___lwmod                                cstackCOMRAM 000501
Buzzer_Init@ansel                        cstackCOMRAM 00050E
Buzzer_Init@buzzer                       cstackCOMRAM 000508
Buzzer_Init@lat                          cstackCOMRAM 00050A
Buzzer_Init@pin_mask                     cstackCOMRAM 000510
Buzzer_Init@tris                         cstackCOMRAM 00050C
Buzzer_Off@buzzer                        cstackCOMRAM 000508
Buzzer_PinLow@buzzer                     cstackCOMRAM 000501
CNY70_Init@adc_channel                   cstackCOMRAM 000508
CNY70_Init@ansel                         cstackCOMRAM 000505
CNY70_Init@pin_mask                      cstackCOMRAM 000507
CNY70_Init@sensor                        cstackCOMRAM 000501
CNY70_Init@tris                          cstackCOMRAM 000503
CNY70_Read@result                        cstackCOMRAM 000505
CNY70_Read@sensor                        cstackCOMRAM 000501
DS1307_BCDToDecimal@value_bcd            cstackCOMRAM 000502
DS1307_IsValidBCD@tens                   cstackCOMRAM 000501
DS1307_IsValidBCD@units                  cstackCOMRAM 000502
DS1307_IsValidBCD@value_bcd              cstackCOMRAM 000503
DS1307_ReadDateTime@date_time            cstackCOMRAM 000512
DS1307_ReadDateTime@raw_data             cstackCOMRAM 000517
DS1307_ReadDateTime@status               cstackCOMRAM 00051E
DS1307_ReadRaw@raw_data                  cstackCOMRAM 000510
DS1307_ReadRegisters@data                cstackCOMRAM 00050B
DS1307_ReadRegisters@length              cstackCOMRAM 00050D
DS1307_ReadRegisters@start_register      cstackCOMRAM 00050E
DS1307_ReadRegisters@status              cstackCOMRAM 00050F
DS1307_ValidateRawData@date              cstackCOMRAM 00050D
DS1307_ValidateRawData@date_bcd          cstackCOMRAM 00050B
DS1307_ValidateRawData@hours             cstackCOMRAM 000511
DS1307_ValidateRawData@hours_bcd         cstackCOMRAM 000510
DS1307_ValidateRawData@minutes           cstackCOMRAM 000508
DS1307_ValidateRawData@minutes_bcd       cstackCOMRAM 00050A
DS1307_ValidateRawData@month             cstackCOMRAM 00050E
DS1307_ValidateRawData@month_bcd         cstackCOMRAM 00050C
DS1307_ValidateRawData@raw_data          cstackCOMRAM 000504
DS1307_ValidateRawData@seconds           cstackCOMRAM 000507
DS1307_ValidateRawData@seconds_bcd       cstackCOMRAM 000509
DS1307_ValidateRawData@weekday           cstackCOMRAM 00050F
DS1307_ValidateRawData@year_bcd          cstackCOMRAM 000506
Detallar_Horarios@hora                   cstackCOMRAM 000524
Detallar_Horarios@minuto                 cstackCOMRAM 000526
Detallar_Horarios@numero                 cstackCOMRAM 00052A
Detallar_Horarios@tipo                   cstackCOMRAM 000528
EEPROM_ReadByte@address                  cstackCOMRAM 00050B
EEPROM_SetAddress@address                cstackCOMRAM 000501
EEPROM_SetAddress@real_address           cstackCOMRAM 000507
EEPROM_WriteByte@address                 cstackCOMRAM 00050B
EEPROM_WriteByte@data                    cstackCOMRAM 00050D
I2C1_ConfigurePPS@previousGie            cstackCOMRAM 000501
I2C1_Read@address7                       cstackCOMRAM 000506
I2C1_Read@data                           cstackCOMRAM 000503
I2C1_Read@index                          cstackCOMRAM 000507
I2C1_Read@length                         cstackCOMRAM 000505
I2C1_Read@status                         cstackCOMRAM 000508
I2C1_WaitBusFree@timeout                 cstackCOMRAM 000501
I2C1_WaitRxBufferFull@timeout            cstackCOMRAM 000501
I2C1_WaitStop@timeout                    cstackCOMRAM 000501
I2C1_WaitStopRead@timeout                cstackCOMRAM 000501
I2C1_WaitTxBufferEmpty@timeout           cstackCOMRAM 000501
I2C1_Write@address7                      cstackCOMRAM 000506
I2C1_Write@data                          cstackCOMRAM 000503
I2C1_Write@index                         cstackCOMRAM 000507
I2C1_Write@length                        cstackCOMRAM 000505
I2C1_Write@status                        cstackCOMRAM 000508
I2C1_WriteSingleByte@address7            cstackCOMRAM 00050A
I2C1_WriteSingleByte@data                cstackCOMRAM 000509
IRSensor_Init@ansel                      cstackCOMRAM 000507
IRSensor_Init@pin_mask                   cstackCOMRAM 000509
IRSensor_Init@port                       cstackCOMRAM 000503
IRSensor_Init@sensor                     cstackCOMRAM 000501
IRSensor_Init@tris                       cstackCOMRAM 000505
Keypad_ActivateRow@keypad                cstackCOMRAM 000507
Keypad_ActivateRow@row                   cstackCOMRAM 000509
Keypad_AllRowsHigh@keypad                cstackCOMRAM 000501
Keypad_Init@ansel                        cstackCOMRAM 00050F
Keypad_Init@keypad                       cstackCOMRAM 000507
Keypad_Init@lat                          cstackCOMRAM 00050B
Keypad_Init@port                         cstackCOMRAM 000509
Keypad_Init@tris                         cstackCOMRAM 00050D
Keypad_Init@wpu                          cstackCOMRAM 000511
Keypad_Read@confirmed_key                cstackCOMRAM 000519
Keypad_Read@detected_key                 cstackCOMRAM 00051A
Keypad_Read@keypad                       cstackCOMRAM 000516
Keypad_Scan@column                       cstackCOMRAM 000515
Keypad_Scan@keypad                       cstackCOMRAM 00050F
Keypad_Scan@row                          cstackCOMRAM 000514
LCD_I2C_Command@command                  cstackCOMRAM 000514
LCD_I2C_Command@status                   cstackCOMRAM 000513
LCD_I2C_CreateChar@index                 cstackCOMRAM 000518
LCD_I2C_CreateChar@pattern               cstackCOMRAM 000515
LCD_I2C_CreateChar@position              cstackCOMRAM 000517
LCD_I2C_CreateChar@status                cstackCOMRAM 000519
LCD_I2C_CreateSolidPixel@F17470          mediumconst  00FDD7
LCD_I2C_CreateSolidPixel@cgram_position  cstackCOMRAM 000522
LCD_I2C_CreateSolidPixel@solid_pixel     cstackCOMRAM 00051A
LCD_I2C_ExpanderWrite@value              cstackCOMRAM 00050B
LCD_I2C_Init@status                      cstackCOMRAM 000517
LCD_I2C_SendByte@block                   cstackCOMRAM 00050A
LCD_I2C_SendByte@control                 cstackCOMRAM 000511
LCD_I2C_SendByte@highNibble              cstackCOMRAM 00050F
LCD_I2C_SendByte@lowNibble               cstackCOMRAM 000510
LCD_I2C_SendByte@rs                      cstackCOMRAM 000509
LCD_I2C_SendByte@value                   cstackCOMRAM 00050E
LCD_I2C_SetAddress@address7              cstackCOMRAM 000501
LCD_I2C_SetCursor@column                 cstackCOMRAM 000515
LCD_I2C_SetCursor@row                    cstackCOMRAM 000516
LCD_I2C_SetCursor@rowAddress             cstackCOMRAM 000517
LCD_I2C_WriteChar@character              cstackCOMRAM 000512
LCD_I2C_WriteChar@status                 cstackCOMRAM 000513
LCD_I2C_WriteFixedUnsigned@decimals      cstackCOMRAM 00051A
LCD_I2C_WriteFixedUnsigned@digit         cstackCOMRAM 00051B
LCD_I2C_WriteFixedUnsigned@digits        cstackCOMRAM 000519
LCD_I2C_WriteFixedUnsigned@divisor       cstackCOMRAM 00051D
LCD_I2C_WriteFixedUnsigned@index         cstackCOMRAM 00051C
LCD_I2C_WriteFixedUnsigned@number        cstackCOMRAM 000517
LCD_I2C_WriteFixedUnsigned@status        cstackCOMRAM 000521
LCD_I2C_WriteInt@buf                     cstackCOMRAM 000521
LCD_I2C_WriteInt@nd                      cstackCOMRAM 000529
LCD_I2C_WriteInt@pos                     cstackCOMRAM 00052D
LCD_I2C_WriteInt@rev                     cstackCOMRAM 00051B
LCD_I2C_WriteInt@u                       cstackCOMRAM 00052B
LCD_I2C_WriteInt@value                   cstackCOMRAM 000517
LCD_I2C_WriteNibble@base                 cstackCOMRAM 00050D
LCD_I2C_WriteNibble@block                cstackCOMRAM 00050B
LCD_I2C_WriteNibble@nibble               cstackCOMRAM 00050A
LCD_I2C_WriteNibble@rs                   cstackCOMRAM 000509
LCD_I2C_WriteString@status               cstackCOMRAM 000516
LCD_I2C_WriteString@text                 cstackCOMRAM 000514
LCD_I2C_WriteStringN@index               cstackCOMRAM 00051A
LCD_I2C_WriteStringN@length              cstackCOMRAM 000516
LCD_I2C_WriteStringN@status              cstackCOMRAM 000519
LCD_I2C_WriteStringN@text                cstackCOMRAM 000514
LCD_I2C_WriteUInt8@digits                cstackCOMRAM 000522
LCD_I2C_WriteUInt8@number                cstackCOMRAM 000523
MostrarAnimacionCarga@columna            cstackCOMRAM 000523
MostrarAnimacionCarga@fila               cstackCOMRAM 000526
MostrarAnimacionCarga@index              cstackCOMRAM 000527
Stepper_Init@ansel                       cstackCOMRAM 000507
Stepper_Init@lat                         cstackCOMRAM 000503
Stepper_Init@motor                       cstackCOMRAM 000501
Stepper_Init@nibble                      cstackCOMRAM 000509
Stepper_Init@tris                        cstackCOMRAM 000505
SubProceso_MenuLCD@index                 cstackCOMRAM 00052F
WS2812B_Clear@tira                       cstackCOMRAM 000510
WS2812B_Init@i                           cstackCOMRAM 000506
WS2812B_Init@num_leds                    cstackCOMRAM 000503
WS2812B_Init@tira                        cstackCOMRAM 000501
WS2812B_RGB@blue                         cstackCOMRAM 000514
WS2812B_RGB@green                        cstackCOMRAM 000513
WS2812B_RGB@red                          cstackCOMRAM 000512
WS2812B_RGB@tira                         cstackCOMRAM 000510
WS2812B_SendBit@bit_value                cstackCOMRAM 000501
WS2812B_SendByte@data                    cstackCOMRAM 000502
WS2812B_SendByte@mask                    cstackCOMRAM 000503
WS2812B_SetAll@blue                      cstackCOMRAM 00050D
WS2812B_SetAll@green                     cstackCOMRAM 00050C
WS2812B_SetAll@i                         cstackCOMRAM 00050F
WS2812B_SetAll@red                       cstackCOMRAM 00050B
WS2812B_SetAll@tira                      cstackCOMRAM 000509
WS2812B_SetPixel@blue                    cstackCOMRAM 000506
WS2812B_SetPixel@green                   cstackCOMRAM 000505
WS2812B_SetPixel@led                     cstackCOMRAM 000503
WS2812B_SetPixel@red                     cstackCOMRAM 000504
WS2812B_SetPixel@tira                    cstackCOMRAM 000501
WS2812B_Show@i                           cstackCOMRAM 000508
WS2812B_Show@tira                        cstackCOMRAM 000504
_ADCLK                                   (abs)        0003FA
_ADCON0                                  (abs)        0003F3
_ADCON0bits                              (abs)        0003F3
_ADPCH                                   (abs)        0003EC
_ADREF                                   (abs)        0003F8
_ADRESH                                  (abs)        0003EB
_ADRESL                                  (abs)        0003EA
_ANSELA                                  (abs)        000400
_ANSELB                                  (abs)        000408
_ANSELC                                  (abs)        000410
_ANSELCbits                              (abs)        000410
_ANSELD                                  (abs)        000418
_ANSELF                                  (abs)        000428
_Buzzer_Init                             text80       0112EC
_Buzzer_Off                              text35       012B50
_Buzzer_PinLow                           text81       012604
_CNY70_ADC_Init_FOSC64                   text78       012B40
_CNY70_Init                              text77       01186A
_CNY70_Read                              text10       011B52
_DS1307_BCDToDecimal                     text42       012AD8
_DS1307_IsValidBCD                       text41       012908
_DS1307_ReadDateTime                     text39       01050E
_DS1307_ReadRaw                          text43       0129AA
_DS1307_ReadRegisters                    text44       01205A
_DS1307_ValidateRawData                  text40       0102B4
_Detallar_Horarios                       text13       011D78
_EEPROM_ReadByte                         text19       012816
_EEPROM_SetAddress                       text83       012978
_EEPROM_WriteByte                        text82       012562
_I2C1ADB1                                (abs)        00028F
_I2C1BTO                                 (abs)        00029D
_I2C1CLK                                 (abs)        00029C
_I2C1CNT                                 (abs)        00028D
_I2C1CON0                                (abs)        000294
_I2C1CON0bits                            (abs)        000294
_I2C1CON1                                (abs)        000295
_I2C1CON1bits                            (abs)        000295
_I2C1CON2                                (abs)        000296
_I2C1ERR                                 (abs)        000297
_I2C1ERRbits                             (abs)        000297
_I2C1PIE                                 (abs)        00029B
_I2C1PIR                                 (abs)        00029A
_I2C1PIRbits                             (abs)        00029A
_I2C1RXB                                 (abs)        00028B
_I2C1SCLPPS                              (abs)        000271
_I2C1SDAPPS                              (abs)        000270
_I2C1STAT0bits                           (abs)        000298
_I2C1STAT1bits                           (abs)        000299
_I2C1TXB                                 (abs)        00028C
_I2C1_ClearFlags                         text75       012B98
_I2C1_ConfigurePPS                       text74       012892
_I2C1_Init                               text73       0125B4
_I2C1_LastStatus                         bssCOMRAM    000541
_I2C1_Read                               text45       0113E2
_I2C1_ResetModule                        text72       012B6C
_I2C1_WaitBusFree                        text71       012334
_I2C1_WaitRxBufferFull                   text47       011E80
_I2C1_WaitStop                           text70       011CF0
_I2C1_WaitStopRead                       text46       012268
_I2C1_WaitTxBufferEmpty                  text69       011EFA
_I2C1_Write                              text68       0111F6
_I2C1_WriteSingleByte                    text64       012B06
_INTCON0bits                             (abs)        0004D6
_IRSensor_Init                           text57       0114CA
_Keypad_ActivateRow                      text38       012202
_Keypad_AllRowsHigh                      text55       012798
_Keypad_ColumnMasks                      mediumconst  00FDDF
_Keypad_Init                             text54       010E76
_Keypad_Map                              mediumconst  00FDC7
_Keypad_Read                             text36       011DFC
_Keypad_RowMasks                         mediumconst  00FDE3
_Keypad_Scan                             text37       0115B2
_LATA                                    (abs)        0004BE
_LATB                                    (abs)        0004BF
_LATC                                    (abs)        0004C0
_LATCbits                                (abs)        0004C0
_LATD                                    (abs)        0004C1
_LCD_I2C_Clear                           text65       012B90
_LCD_I2C_ClearFile                       text32       012B1C
_LCD_I2C_Command                         text66       0122CE
_LCD_I2C_CreateChar                      text30       011A32
_LCD_I2C_CreateSolidPixel                text29       012692
_LCD_I2C_ExpanderWrite                   text63       012B5E
_LCD_I2C_Init                            text60       010A68
_LCD_I2C_SendByte                        text67       01250C
_LCD_I2C_SetAddress                      text59       012AA0
_LCD_I2C_SetCursor                       text28       012460
_LCD_I2C_UpdateDisplayControl            text62       012B86
_LCD_I2C_WriteChar                       text34       0129D6
_LCD_I2C_WriteFixedUnsigned              text15       0108BC
_LCD_I2C_WriteInt                        text7        010D28
_LCD_I2C_WriteNibble                     text61       012854
_LCD_I2C_WriteString                     text31       011AC2
_LCD_I2C_WriteStringN                    text33       012134
_LCD_I2C_WriteUInt8                      text14       0128CE
_MostrarAnimacionCarga                   text27       01264E
_NVMADRH                                 (abs)        000044
_NVMADRL                                 (abs)        000043
_NVMADRU                                 (abs)        000045
_NVMCON0bits                             (abs)        000040
_NVMCON1bits                             (abs)        000041
_NVMDATL                                 (abs)        000046
_NVMLOCK                                 (abs)        000042
_ODCONCbits                              (abs)        000412
_OSCCON1                                 (abs)        0000AD
_OSCEN                                   (abs)        0000B3
_OSCFRQ                                  (abs)        0000B1
_PORTD                                   (abs)        0004D1
_PORTF                                   (abs)        0004D3
_PPSLOCK                                 (abs)        000200
_PPSLOCKbits                             (abs)        000200
_RC3I2Cbits                              (abs)        000287
_RC3PPS                                  (abs)        000214
_RC4I2Cbits                              (abs)        000286
_RC4PPS                                  (abs)        000215
_Stepper_Init                            text50       010FBC
_SubProceso_MenuLCD                      text11       010000
_SubProceso_ResetSistema                 text20       010BD0
_SubProceso_VerHorarios                  text12       0106EC
_TRISA                                   (abs)        0004C6
_TRISB                                   (abs)        0004C7
_TRISC                                   (abs)        0004C8
_TRISCbits                               (abs)        0004C8
_TRISD                                   (abs)        0004C9
_TRISF                                   (abs)        0004CB
_WPUD                                    (abs)        000419
_WS2812B_Clear                           text21       012A7A
_WS2812B_Init                            text52       01167E
_WS2812B_RGB                             text4        012A54
_WS2812B_SendBit                         text24       0126D6
_WS2812B_SendByte                        text23       012718
_WS2812B_SetAll                          text25       012758
_WS2812B_SetPixel                        text26       011F74
_WS2812B_Show                            text22       0119A2
__HRAM                                   (abs)        000000
__H__absolute__                          __absolute__ 000000
__Habs1                                  abs1         000000
__Hbank10                                bank10       000000
__Hbank11                                bank11       000000
__Hbank12                                bank12       000000
__Hbank13                                bank13       000000
__Hbank14                                bank14       000000
__Hbank15                                bank15       000000
__Hbank16                                bank16       000000
__Hbank17                                bank17       000000
__Hbank18                                bank18       000000
__Hbank19                                bank19       000000
__Hbank20                                bank20       000000
__Hbank21                                bank21       000000
__Hbank22                                bank22       000000
__Hbank23                                bank23       000000
__Hbank24                                bank24       000000
__Hbank25                                bank25       000000
__Hbank26                                bank26       000000
__Hbank27                                bank27       000000
__Hbank28                                bank28       000000
__Hbank29                                bank29       000000
__Hbank30                                bank30       000000
__Hbank31                                bank31       000000
__Hbank32                                bank32       000000
__Hbank33                                bank33       000000
__Hbank34                                bank34       000000
__Hbank35                                bank35       000000
__Hbank36                                bank36       000000
__Hbank5                                 bank5        000000
__Hbank6                                 bank6        000000
__Hbank7                                 bank7        000000
__Hbank8                                 bank8        000000
__Hbank9                                 bank9        000000
__Hbigbss                                bigbss       000000
__Hbigdata                               bigdata      000000
__Hbigram                                bigram       000000
__Hbigsfr                                bigsfr       000000
__Hbss                                   bss          000000
__HbssBANK5                              bssBANK5     000000
__HbssCOMRAM                             bssCOMRAM    000000
__Hcinit                                 cinit        000000
__Hclrtext                               clrtext      000000
__Hcomram                                comram       000000
__Hconfig                                config       30000A
__Hconst                                 const        000000
__HcstackCOMRAM                          cstackCOMRAM 000000
__Hdata                                  data         000000
__HdataCOMRAM                            dataCOMRAM   000000
__Heeprom_data                           eeprom_data  000000
__Hfarbss                                farbss       000000
__Hfardata                               fardata      000000
__Hheap                                  heap         000000
__Hibigdata                              ibigdata     000000
__Hidata                                 idata        000000
__HidataCOMRAM                           idataCOMRAM  000000
__Hidloc                                 idloc        000000
__Hifardata                              ifardata     000000
__Hinit                                  init         020000
__Hintsave_regs                          intsave_regs 000000
__Hirdata                                irdata       000000
__Hmediumconst                           mediumconst  010000
__HnvFARRAM                              nvFARRAM     000000
__Hnvbit                                 nvbit        000000
__Hnvrram                                nvrram       000000
__Hparam                                 rparam       000000
__Hpowerup                               powerup      000000
__Hram                                   ram          000000
__Hramtop                                ramtop       002600
__Hrbit                                  rbit         000000
__Hrbss                                  rbss         000000
__Hrdata                                 rdata        000000
__Hreset_vec                             reset_vec    000004
__Hrparam                                rparam       000000
__Hsfr                                   sfr          000000
__Hsmallconst                            smallconst   000000
__Hspace_0                               (abs)        020000
__Hspace_1                               (abs)        0005FF
__Hspace_2                               (abs)        000000
__Hspace_4                               (abs)        60000A
__Hstack                                 stack        000000
__Hstruct                                struct       000000
__Htemp                                  temp         000000
__Htext                                  text         000000
__Htext0                                 text0        000000
__Htext1                                 text1        000000
__Htext10                                text10       000000
__Htext11                                text11       000000
__Htext12                                text12       000000
__Htext13                                text13       000000
__Htext14                                text14       000000
__Htext15                                text15       000000
__Htext16                                text16       000000
__Htext17                                text17       000000
__Htext18                                text18       000000
__Htext19                                text19       000000
__Htext2                                 text2        000000
__Htext20                                text20       000000
__Htext21                                text21       000000
__Htext22                                text22       000000
__Htext23                                text23       000000
__Htext24                                text24       000000
__Htext25                                text25       000000
__Htext26                                text26       000000
__Htext27                                text27       000000
__Htext28                                text28       000000
__Htext29                                text29       000000
__Htext3                                 text3        000000
__Htext30                                text30       000000
__Htext31                                text31       000000
__Htext32                                text32       000000
__Htext33                                text33       000000
__Htext34                                text34       000000
__Htext35                                text35       000000
__Htext36                                text36       000000
__Htext37                                text37       000000
__Htext38                                text38       000000
__Htext39                                text39       000000
__Htext4                                 text4        000000
__Htext40                                text40       000000
__Htext41                                text41       000000
__Htext42                                text42       000000
__Htext43                                text43       000000
__Htext44                                text44       000000
__Htext45                                text45       000000
__Htext46                                text46       000000
__Htext47                                text47       000000
__Htext48                                text48       000000
__Htext49                                text49       000000
__Htext5                                 text5        000000
__Htext50                                text50       000000
__Htext51                                text51       000000
__Htext52                                text52       000000
__Htext53                                text53       000000
__Htext54                                text54       000000
__Htext55                                text55       000000
__Htext56                                text56       000000
__Htext57                                text57       000000
__Htext58                                text58       000000
__Htext59                                text59       000000
__Htext6                                 text6        000000
__Htext60                                text60       000000
__Htext61                                text61       000000
__Htext62                                text62       000000
__Htext63                                text63       000000
__Htext64                                text64       000000
__Htext65                                text65       000000
__Htext66                                text66       000000
__Htext67                                text67       000000
__Htext68                                text68       000000
__Htext69                                text69       000000
__Htext7                                 text7        000000
__Htext70                                text70       000000
__Htext71                                text71       000000
__Htext72                                text72       000000
__Htext73                                text73       000000
__Htext74                                text74       000000
__Htext75                                text75       000000
__Htext76                                text76       000000
__Htext77                                text77       000000
__Htext78                                text78       000000
__Htext79                                text79       000000
__Htext8                                 text8        000000
__Htext80                                text80       000000
__Htext81                                text81       000000
__Htext82                                text82       000000
__Htext83                                text83       000000
__Htext9                                 text9        000000
__LRAM                                   (abs)        000001
__L__absolute__                          __absolute__ 000000
__Labs1                                  abs1         000000
__Lbank10                                bank10       000000
__Lbank11                                bank11       000000
__Lbank12                                bank12       000000
__Lbank13                                bank13       000000
__Lbank14                                bank14       000000
__Lbank15                                bank15       000000
__Lbank16                                bank16       000000
__Lbank17                                bank17       000000
__Lbank18                                bank18       000000
__Lbank19                                bank19       000000
__Lbank20                                bank20       000000
__Lbank21                                bank21       000000
__Lbank22                                bank22       000000
__Lbank23                                bank23       000000
__Lbank24                                bank24       000000
__Lbank25                                bank25       000000
__Lbank26                                bank26       000000
__Lbank27                                bank27       000000
__Lbank28                                bank28       000000
__Lbank29                                bank29       000000
__Lbank30                                bank30       000000
__Lbank31                                bank31       000000
__Lbank32                                bank32       000000
__Lbank33                                bank33       000000
__Lbank34                                bank34       000000
__Lbank35                                bank35       000000
__Lbank36                                bank36       000000
__Lbank5                                 bank5        000000
__Lbank6                                 bank6        000000
__Lbank7                                 bank7        000000
__Lbank8                                 bank8        000000
__Lbank9                                 bank9        000000
__Lbigbss                                bigbss       000000
__Lbigdata                               bigdata      000000
__Lbigram                                bigram       000000
__Lbigsfr                                bigsfr       000000
__Lbss                                   bss          000000
__LbssBANK5                              bssBANK5     000000
__LbssCOMRAM                             bssCOMRAM    000000
__Lcinit                                 cinit        000000
__Lclrtext                               clrtext      000000
__Lcomram                                comram       000000
__Lconfig                                config       000000
__Lconst                                 const        000000
__LcstackCOMRAM                          cstackCOMRAM 000000
__Ldata                                  data         000000
__LdataCOMRAM                            dataCOMRAM   000000
__Leeprom_data                           eeprom_data  000000
__Lfarbss                                farbss       000000
__Lfardata                               fardata      000000
__Lheap                                  heap         000000
__Libigdata                              ibigdata     000000
__Lidata                                 idata        000000
__LidataCOMRAM                           idataCOMRAM  000000
__Lidloc                                 idloc        000000
__Lifardata                              ifardata     000000
__Linit                                  init         01FFFC
__Lintsave_regs                          intsave_regs 000000
__Lirdata                                irdata       000000
__Lmediumconst                           mediumconst  00FDC6
__LnvFARRAM                              nvFARRAM     000000
__Lnvbit                                 nvbit        000000
__Lnvrram                                nvrram       000000
__Lparam                                 rparam       000000
__Lpowerup                               powerup      000000
__Lram                                   ram          000000
__Lramtop                                ramtop       002600
__Lrbit                                  rbit         000000
__Lrbss                                  rbss         000000
__Lrdata                                 rdata        000000
__Lreset_vec                             reset_vec    000000
__Lrparam                                rparam       000000
__Lsfr                                   sfr          000000
__Lsmallconst                            smallconst   000000
__Lspace_0                               (abs)        000000
__Lspace_1                               (abs)        000000
__Lspace_2                               (abs)        000000
__Lspace_4                               (abs)        000000
__Lstack                                 stack        000000
__Lstruct                                struct       000000
__Ltemp                                  temp         000000
__Ltext                                  text         000000
__Ltext0                                 text0        000000
__Ltext1                                 text1        000000
__Ltext10                                text10       000000
__Ltext11                                text11       000000
__Ltext12                                text12       000000
__Ltext13                                text13       000000
__Ltext14                                text14       000000
__Ltext15                                text15       000000
__Ltext16                                text16       000000
__Ltext17                                text17       000000
__Ltext18                                text18       000000
__Ltext19                                text19       000000
__Ltext2                                 text2        000000
__Ltext20                                text20       000000
__Ltext21                                text21       000000
__Ltext22                                text22       000000
__Ltext23                                text23       000000
__Ltext24                                text24       000000
__Ltext25                                text25       000000
__Ltext26                                text26       000000
__Ltext27                                text27       000000
__Ltext28                                text28       000000
__Ltext29                                text29       000000
__Ltext3                                 text3        000000
__Ltext30                                text30       000000
__Ltext31                                text31       000000
__Ltext32                                text32       000000
__Ltext33                                text33       000000
__Ltext34                                text34       000000
__Ltext35                                text35       000000
__Ltext36                                text36       000000
__Ltext37                                text37       000000
__Ltext38                                text38       000000
__Ltext39                                text39       000000
__Ltext4                                 text4        000000
__Ltext40                                text40       000000
__Ltext41                                text41       000000
__Ltext42                                text42       000000
__Ltext43                                text43       000000
__Ltext44                                text44       000000
__Ltext45                                text45       000000
__Ltext46                                text46       000000
__Ltext47                                text47       000000
__Ltext48                                text48       000000
__Ltext49                                text49       000000
__Ltext5                                 text5        000000
__Ltext50                                text50       000000
__Ltext51                                text51       000000
__Ltext52                                text52       000000
__Ltext53                                text53       000000
__Ltext54                                text54       000000
__Ltext55                                text55       000000
__Ltext56                                text56       000000
__Ltext57                                text57       000000
__Ltext58                                text58       000000
__Ltext59                                text59       000000
__Ltext6                                 text6        000000
__Ltext60                                text60       000000
__Ltext61                                text61       000000
__Ltext62                                text62       000000
__Ltext63                                text63       000000
__Ltext64                                text64       000000
__Ltext65                                text65       000000
__Ltext66                                text66       000000
__Ltext67                                text67       000000
__Ltext68                                text68       000000
__Ltext69                                text69       000000
__Ltext7                                 text7        000000
__Ltext70                                text70       000000
__Ltext71                                text71       000000
__Ltext72                                text72       000000
__Ltext73                                text73       000000
__Ltext74                                text74       000000
__Ltext75                                text75       000000
__Ltext76                                text76       000000
__Ltext77                                text77       000000
__Ltext78                                text78       000000
__Ltext79                                text79       000000
__Ltext8                                 text8        000000
__Ltext80                                text80       000000
__Ltext81                                text81       000000
__Ltext82                                text82       000000
__Ltext83                                text83       000000
__Ltext9                                 text9        000000
__S0                                     (abs)        020000
__S1                                     (abs)        0005FF
__S4                                     (abs)        000000
__S5                                     (abs)        000000
___heap_hi                               (abs)        000000
___heap_lo                               (abs)        000000
___inthi_sp                              stack        000000
___inthi_stack_hi                        stack        000000
___inthi_stack_lo                        stack        000000
___intlo_sp                              stack        000000
___intlo_stack_hi                        stack        000000
___intlo_stack_lo                        stack        000000
___lldiv                                 text18       011724
___lldiv@counter                         cstackCOMRAM 00050D
___lldiv@dividend                        cstackCOMRAM 000501
___lldiv@divisor                         cstackCOMRAM 000505
___lldiv@quotient                        cstackCOMRAM 000509
___llmod                                 text17       011C68
___llmod@counter                         cstackCOMRAM 000516
___llmod@dividend                        cstackCOMRAM 00050E
___llmod@divisor                         cstackCOMRAM 000512
___lmul                                  text16       0120CA
___lmul@multiplicand                     cstackCOMRAM 000505
___lmul@multiplier                       cstackCOMRAM 000501
___lmul@product                          cstackCOMRAM 000509
___lwdiv                                 text9        011FE8
___lwdiv@counter                         cstackCOMRAM 000507
___lwdiv@dividend                        cstackCOMRAM 000501
___lwdiv@divisor                         cstackCOMRAM 000503
___lwdiv@quotient                        cstackCOMRAM 000505
___lwmod                                 text8        01239A
___lwmod@counter                         cstackCOMRAM 000505
___lwmod@dividend                        cstackCOMRAM 000501
___lwmod@divisor                         cstackCOMRAM 000503
___param_bank                            (abs)        000000
___rparam_used                           (abs)        000001
___sp                                    stack        000000
___stack_hi                              stack        000000
___stack_lo                              stack        000000
__accesstop                              (abs)        000560
__activetblptr                           (abs)        000003
__end_ofLCD_I2C_CreateSolidPixel@F17470  mediumconst  00FDDF
__end_of_Buzzer_Init                     text80       0113E2
__end_of_Buzzer_Off                      text35       012B5E
__end_of_Buzzer_PinLow                   text81       01264E
__end_of_CNY70_ADC_Init_FOSC64           text78       012B50
__end_of_CNY70_Init                      text77       01190C
__end_of_CNY70_Read                      text10       011BDE
__end_of_DS1307_BCDToDecimal             text42       012AF0
__end_of_DS1307_IsValidBCD               text41       012942
__end_of_DS1307_ReadDateTime             text39       0106EC
__end_of_DS1307_ReadRaw                  text43       0129D6
__end_of_DS1307_ReadRegisters            text44       0120CA
__end_of_DS1307_ValidateRawData          text40       01050E
__end_of_Detallar_Horarios               text13       011DFC
__end_of_EEPROM_ReadByte                 text19       012854
__end_of_EEPROM_SetAddress               text83       0129AA
__end_of_EEPROM_WriteByte                text82       0125B4
__end_of_I2C1_ClearFlags                 text75       012BA0
__end_of_I2C1_ConfigurePPS               text74       0128CE
__end_of_I2C1_Init                       text73       012604
__end_of_I2C1_Read                       text45       0114CA
__end_of_I2C1_ResetModule                text72       012B7A
__end_of_I2C1_WaitBusFree                text71       01239A
__end_of_I2C1_WaitRxBufferFull           text47       011EFA
__end_of_I2C1_WaitStop                   text70       011D78
__end_of_I2C1_WaitStopRead               text46       0122CE
__end_of_I2C1_WaitTxBufferEmpty          text69       011F74
__end_of_I2C1_Write                      text68       0112EC
__end_of_I2C1_WriteSingleByte            text64       012B1C
__end_of_IRSensor_Init                   text57       0115B2
__end_of_Keypad_ActivateRow              text38       012268
__end_of_Keypad_AllRowsHigh              text55       0127D8
__end_of_Keypad_ColumnMasks              mediumconst  00FDE3
__end_of_Keypad_Init                     text54       010FBC
__end_of_Keypad_Map                      mediumconst  00FDD7
__end_of_Keypad_Read                     text36       011E80
__end_of_Keypad_RowMasks                 mediumconst  00FDE7
__end_of_Keypad_Scan                     text37       01167E
__end_of_LCD_I2C_Clear                   text65       012B98
__end_of_LCD_I2C_ClearFile               text32       012B2E
__end_of_LCD_I2C_Command                 text66       012334
__end_of_LCD_I2C_CreateChar              text30       011AC2
__end_of_LCD_I2C_CreateSolidPixel        text29       0126D6
__end_of_LCD_I2C_ExpanderWrite           text63       012B6C
__end_of_LCD_I2C_Init                    text60       010BD0
__end_of_LCD_I2C_SendByte                text67       012562
__end_of_LCD_I2C_SetAddress              text59       012AC0
__end_of_LCD_I2C_SetCursor               text28       0124B6
__end_of_LCD_I2C_UpdateDisplayControl    text62       012B90
__end_of_LCD_I2C_WriteChar               text34       012A00
__end_of_LCD_I2C_WriteFixedUnsigned      text15       010A68
__end_of_LCD_I2C_WriteInt                text7        010E76
__end_of_LCD_I2C_WriteNibble             text61       012892
__end_of_LCD_I2C_WriteString             text31       011B52
__end_of_LCD_I2C_WriteStringN            text33       01219C
__end_of_LCD_I2C_WriteUInt8              text14       012908
__end_of_MostrarAnimacionCarga           text27       012692
__end_of_Stepper_Init                    text50       0110EC
__end_of_SubProceso_MenuLCD              text11       0102B4
__end_of_SubProceso_ResetSistema         text20       010D28
__end_of_SubProceso_VerHorarios          text12       0108BC
__end_of_WS2812B_Clear                   text21       012AA0
__end_of_WS2812B_Init                    text52       011724
__end_of_WS2812B_RGB                     text4        012A7A
__end_of_WS2812B_SendBit                 text24       012718
__end_of_WS2812B_SendByte                text23       012758
__end_of_WS2812B_SetAll                  text25       012798
__end_of_WS2812B_SetPixel                text26       011FE8
__end_of_WS2812B_Show                    text22       011A32
__end_of___lldiv                         text18       0117C8
__end_of___llmod                         text17       011CF0
__end_of___lmul                          text16       012134
__end_of___lwdiv                         text9        01205A
__end_of___lwmod                         text8        0123FE
__end_of__initialization                 cinit        012810
__end_of_config_buzzer                   text79       012A54
__end_of_config_cny70                    text76       0119A2
__end_of_config_i2c_lcd                  text58       012B06
__end_of_config_ir                       text56       012A2A
__end_of_config_keypad                   text53       012978
__end_of_config_leds                     text51       012B40
__end_of_config_motores                  text49       01186A
__end_of_config_perifericos              text48       01250C
__end_of_configuro                       text1        012AD8
__end_of_full_step_sequence              mediumconst  00FDEB
__end_of_lectura_cny70                   text5        011C68
__end_of_main                            text0        012B86
__end_of_mostrar_valor_cny70             text6        012460
__end_of_sistem_error                    text3        012202
__end_of_verificar_condiciones_iniciales text2        0111F6
__initialization                         cinit        0127D8
__mediumconst                            mediumconst  00FDC6
__pbssBANK5                              bssBANK5     000560
__pbssCOMRAM                             bssCOMRAM    000536
__pcinit                                 cinit        0127D8
__pcstackCOMRAM                          cstackCOMRAM 000501
__pdataCOMRAM                            dataCOMRAM   00055A
__pidataCOMRAM                           idataCOMRAM  012BA0
__pmediumconst                           mediumconst  00FDC6
__ptext0                                 text0        012B7A
__ptext1                                 text1        012AC0
__ptext10                                text10       011B52
__ptext11                                text11       010000
__ptext12                                text12       0106EC
__ptext13                                text13       011D78
__ptext14                                text14       0128CE
__ptext15                                text15       0108BC
__ptext16                                text16       0120CA
__ptext17                                text17       011C68
__ptext18                                text18       011724
__ptext19                                text19       012816
__ptext2                                 text2        0110EC
__ptext20                                text20       010BD0
__ptext21                                text21       012A7A
__ptext22                                text22       0119A2
__ptext23                                text23       012718
__ptext24                                text24       0126D6
__ptext25                                text25       012758
__ptext26                                text26       011F74
__ptext27                                text27       01264E
__ptext28                                text28       012460
__ptext29                                text29       012692
__ptext3                                 text3        01219C
__ptext30                                text30       011A32
__ptext31                                text31       011AC2
__ptext32                                text32       012B1C
__ptext33                                text33       012134
__ptext34                                text34       0129D6
__ptext35                                text35       012B50
__ptext36                                text36       011DFC
__ptext37                                text37       0115B2
__ptext38                                text38       012202
__ptext39                                text39       01050E
__ptext4                                 text4        012A54
__ptext40                                text40       0102B4
__ptext41                                text41       012908
__ptext42                                text42       012AD8
__ptext43                                text43       0129AA
__ptext44                                text44       01205A
__ptext45                                text45       0113E2
__ptext46                                text46       012268
__ptext47                                text47       011E80
__ptext48                                text48       0124B6
__ptext49                                text49       0117C8
__ptext5                                 text5        011BDE
__ptext50                                text50       010FBC
__ptext51                                text51       012B2E
__ptext52                                text52       01167E
__ptext53                                text53       012942
__ptext54                                text54       010E76
__ptext55                                text55       012798
__ptext56                                text56       012A00
__ptext57                                text57       0114CA
__ptext58                                text58       012AF0
__ptext59                                text59       012AA0
__ptext6                                 text6        0123FE
__ptext60                                text60       010A68
__ptext61                                text61       012854
__ptext62                                text62       012B86
__ptext63                                text63       012B5E
__ptext64                                text64       012B06
__ptext65                                text65       012B90
__ptext66                                text66       0122CE
__ptext67                                text67       01250C
__ptext68                                text68       0111F6
__ptext69                                text69       011EFA
__ptext7                                 text7        010D28
__ptext70                                text70       011CF0
__ptext71                                text71       012334
__ptext72                                text72       012B6C
__ptext73                                text73       0125B4
__ptext74                                text74       012892
__ptext75                                text75       012B98
__ptext76                                text76       01190C
__ptext77                                text77       01186A
__ptext78                                text78       012B40
__ptext79                                text79       012A2A
__ptext8                                 text8        01239A
__ptext80                                text80       0112EC
__ptext81                                text81       012604
__ptext82                                text82       012562
__ptext83                                text83       012978
__ptext9                                 text9        011FE8
__ramtop                                 ramtop       002600
__smallconst                             mediumconst  00FDC6
_buzzer1                                 bssBANK5     0005F8
_cny70_last_channel                      dataCOMRAM   00055D
_config_buzzer                           text79       012A2A
_config_cny70                            text76       01190C
_config_i2c_lcd                          text58       012AF0
_config_ir                               text56       012A00
_config_keypad                           text53       012942
_config_leds                             text51       012B2E
_config_motores                          text49       0117C8
_config_perifericos                      text48       0124B6
_configuro                               text1        012AC0
_dato_memoria                            bssCOMRAM    00053E
_estado                                  bssCOMRAM    00053F
_fechaHora                               bssBANK5     0005BB
_full_step_sequence                      mediumconst  00FDE7
_lcdAddress                              dataCOMRAM   00055C
_lcdBacklight                            dataCOMRAM   00055B
_lcdDisplayControl                       dataCOMRAM   00055A
_lectura_cny70                           text5        011BDE
_main                                    text0        012B7A
_mostrar_valor_cny70                     text6        0123FE
_motor1                                  bssBANK5     0005E9
_motor2                                  bssBANK5     0005E1
_motor3                                  bssBANK5     0005D9
_motor4                                  bssBANK5     0005D1
_sensor1                                 bssCOMRAM    000554
_sensor2                                 bssCOMRAM    00054E
_sensor3                                 bssCOMRAM    000548
_sensor4                                 bssCOMRAM    000542
_sensor_ir                               bssBANK5     0005F1
_sistem_error                            text3        01219C
_tecla                                   bssCOMRAM    000540
_teclado                                 bssBANK5     0005C7
_tira1                                   bssBANK5     000560
_valor_S1                                bssCOMRAM    00053C
_valor_S2                                bssCOMRAM    00053A
_valor_S3                                bssCOMRAM    000538
_valor_S4                                bssCOMRAM    000536
_verificar_condiciones_iniciales         text2        0110EC
end_of_initialization                    cinit        012810
intlevel0                                text         000000
intlevel1                                text         000000
intlevel2                                text         000000
intlevel3                                text         000000
isa$std                                  (abs)        000001
isa$xinst                                (abs)        000000
mostrar_valor_cny70@numero_sensor        cstackCOMRAM 000533
mostrar_valor_cny70@valor                cstackCOMRAM 00052F
sistem_error@mensaje                     cstackCOMRAM 000518
stackhi                                  (abs)        000000
stacklo                                  (abs)        000000
start                                    init         01FFFC
start_initialization                     cinit        0127D8


MODULE INFORMATION

Module		Function		Class		Link	Load	Size
C:\Program Files\Microchip\xc8\v3.10\pic\sources\c99\common\lwmod.c
		___lwmod       		CODE           	1239A	0000	100

C:\Program Files\Microchip\xc8\v3.10\pic\sources\c99\common\lwmod.c estimated size: 100

C:\Program Files\Microchip\xc8\v3.10\pic\sources\c99\common\llmod.c
		___llmod       		CODE           	11C68	0000	136

C:\Program Files\Microchip\xc8\v3.10\pic\sources\c99\common\llmod.c estimated size: 136

motor_paso.c
		_Stepper_Init  		CODE           	10FBC	0000	304

motor_paso.c estimated size: 304

ws2812b.c
		_WS2812B_SetAll		CODE           	12758	0000	64
		_WS2812B_SendBit		CODE           	126D6	0000	66
		_WS2812B_RGB   		CODE           	12A54	0000	38
		_WS2812B_Init  		CODE           	1167E	0000	166
		_WS2812B_Show  		CODE           	119A2	0000	144
		_WS2812B_SendByte		CODE           	12718	0000	64
		_WS2812B_Clear 		CODE           	12A7A	0000	38
		_WS2812B_SetPixel		CODE           	11F74	0000	116

ws2812b.c estimated size: 696

keypad4x4.c
		_Keypad_ActivateRow		CODE           	12202	0000	102
		_Keypad_Read   		CODE           	11DFC	0000	132
		_Keypad_Scan   		CODE           	115B2	0000	204
		_Keypad_Init   		CODE           	10E76	0000	326
		_Keypad_AllRowsHigh		CODE           	12798	0000	64

keypad4x4.c estimated size: 828

funcionesGenerales.c
		_config_keypad 		CODE           	12942	0000	54
		_config_buzzer 		CODE           	12A2A	0000	42
		_MostrarAnimacionCarga		CODE           	1264E	0000	68
		_config_i2c_lcd		CODE           	12AF0	0000	22
		_Detallar_Horarios		CODE           	11D78	0000	132
		_config_motores		CODE           	117C8	0000	162
		_SubProceso_ResetSistema		CODE           	10BD0	0000	344
		_SubProceso_VerHorarios		CODE           	106EC	0000	464
		_verificar_condiciones_iniciales		CODE           	110EC	0000	266
		_mostrar_valor_cny70		CODE           	123FE	0000	98
		_config_perifericos		CODE           	124B6	0000	86
		_SubProceso_MenuLCD		CODE           	10000	0000	692
		_sistem_error  		CODE           	1219C	0000	102
		_lectura_cny70 		CODE           	11BDE	0000	138
		_config_ir     		CODE           	12A00	0000	42
		_config_leds   		CODE           	12B2E	0000	18
		_config_cny70  		CODE           	1190C	0000	150

funcionesGenerales.c estimated size: 2880

C:\Program Files\Microchip\xc8\v3.10\pic\sources\c99\common\Umul32.c
		___lmul        		CODE           	120CA	0000	106

C:\Program Files\Microchip\xc8\v3.10\pic\sources\c99\common\Umul32.c estimated size: 106

I2C.c
		_I2C1_Read     		CODE           	113E2	0000	232
		_I2C1_WaitBusFree		CODE           	12334	0000	102
		_I2C1_WaitStopRead		CODE           	12268	0000	102
		_I2C1_Init     		CODE           	125B4	0000	80
		_I2C1_WaitStop 		CODE           	11CF0	0000	136
		_I2C1_ResetModule		CODE           	12B6C	0000	14
		_I2C1_ClearFlags		CODE           	12B98	0000	8
		_I2C1_ConfigurePPS		CODE           	12892	0000	60
		_I2C1_WaitTxBufferEmpty		CODE           	11EFA	0000	122
		_I2C1_Write    		CODE           	111F6	0000	246
		_I2C1_WaitRxBufferFull		CODE           	11E80	0000	122
		_I2C1_WriteSingleByte		CODE           	12B06	0000	22

I2C.c estimated size: 1246

C:\Program Files\Microchip\xc8\v3.10\pic\sources\c99\common\lwdiv.c
		___lwdiv       		CODE           	11FE8	0000	114

C:\Program Files\Microchip\xc8\v3.10\pic\sources\c99\common\lwdiv.c estimated size: 114

shared
		_Keypad_ColumnMasks		MEDIUMCONST    	FDDF	0000	4
		LCD_I2C_CreateSolidPixel@F17470		MEDIUMCONST    	FDD7	0000	8
		_Keypad_Map    		MEDIUMCONST    	FDC7	0000	16
		__initialization		CODE           	127D8	0000	56
		_full_step_sequence		MEDIUMCONST    	FDE7	0000	4
		_Keypad_RowMasks		MEDIUMCONST    	FDE3	0000	4

shared estimated size: 92

CNY70.c
		_CNY70_Init    		CODE           	1186A	0000	162
		_CNY70_Read    		CODE           	11B52	0000	140
		_CNY70_ADC_Init_FOSC64		CODE           	12B40	0000	16

CNY70.c estimated size: 318

DS1307.c
		_DS1307_IsValidBCD		CODE           	12908	0000	58
		_DS1307_ReadDateTime		CODE           	1050E	0000	478
		_DS1307_BCDToDecimal		CODE           	12AD8	0000	24
		_DS1307_ValidateRawData		CODE           	102B4	0000	602
		_DS1307_ReadRaw		CODE           	129AA	0000	44
		_DS1307_ReadRegisters		CODE           	1205A	0000	112

DS1307.c estimated size: 1318

maincode.c
		_configuro     		CODE           	12AC0	0000	24
		_main          		CODE           	12B7A	0000	12

maincode.c estimated size: 36

Libbuzzer.c
		_Buzzer_Init   		CODE           	112EC	0000	246
		_Buzzer_PinLow 		CODE           	12604	0000	74
		_Buzzer_Off    		CODE           	12B50	0000	14

Libbuzzer.c estimated size: 334

LCD_I2C.c
		_LCD_I2C_WriteNibble		CODE           	12854	0000	62
		_LCD_I2C_WriteStringN		CODE           	12134	0000	104
		_LCD_I2C_SetAddress		CODE           	12AA0	0000	32
		_LCD_I2C_UpdateDisplayControl		CODE           	12B86	0000	10
		_LCD_I2C_Init  		CODE           	10A68	0000	360
		_LCD_I2C_WriteString		CODE           	11AC2	0000	144
		_LCD_I2C_SendByte		CODE           	1250C	0000	86
		_LCD_I2C_Clear 		CODE           	12B90	0000	8
		_LCD_I2C_WriteInt		CODE           	10D28	0000	334
		_LCD_I2C_ClearFile		CODE           	12B1C	0000	18
		_LCD_I2C_WriteChar		CODE           	129D6	0000	42
		_LCD_I2C_WriteFixedUnsigned		CODE           	108BC	0000	428
		_LCD_I2C_ExpanderWrite		CODE           	12B5E	0000	14
		_LCD_I2C_SetCursor		CODE           	12460	0000	86
		_LCD_I2C_WriteUInt8		CODE           	128CE	0000	58
		_LCD_I2C_CreateChar		CODE           	11A32	0000	144
		_LCD_I2C_CreateSolidPixel		CODE           	12692	0000	68
		_LCD_I2C_Command		CODE           	122CE	0000	102

LCD_I2C.c estimated size: 2100

irsensor.c
		_IRSensor_Init 		CODE           	114CA	0000	232

irsensor.c estimated size: 232

C:\Program Files\Microchip\xc8\v3.10\pic\sources\c99\common\__lldiv.c
		___lldiv       		CODE           	11724	0000	164

C:\Program Files\Microchip\xc8\v3.10\pic\sources\c99\common\__lldiv.c estimated size: 164

EPROM_DFM.c
		_EEPROM_WriteByte		CODE           	12562	0000	82
		_EEPROM_SetAddress		CODE           	12978	0000	50
		_EEPROM_ReadByte		CODE           	12816	0000	62

EPROM_DFM.c estimated size: 194

