Microchip MPLAB XC8 Compiler V3.10

Linker command line:

-W-3 \
  --edf=C:\Program Files\Microchip\xc8\v3.10\pic\dat\20250813170317_en.msgs \
  -cn -h+dist/default/debug\TF-Micro.X.debug.sym \
  --cmf=dist/default/debug\TF-Micro.X.debug.cmf -z -Q18F57Q43 \
  -oC:\Users\Angel\AppData\Local\Temp\xcAsdoc.0\driver_tmp_3.o \
  --defsym=__MPLAB_BUILD=1 --fixupoverflow=error \
  -Mdist/default/debug/TF-Micro.X.debug.map \
  --md=C:\Users\Angel\AppData\Local\Temp\xcAsdoc.0\driver_tmp_0.dat -E1 \
  -ver=XC8 Compiler -ACODE=00h-01FFFFh -ACONST=00h-01FFFFh \
  -ASMALLCONST=02600h-026FFhx218,012600h-0126FFhx218 \
  -AMEDIUMCONST=02600h-0FFFFh,012600h-01FFFFh -ACOMRAM=0501h-055Fh \
  -AABS1=0500h-024FFh -ABIGRAM=0501h-024FFh \
  -ARAM=0560h-05FFh,0600h-06FFhx31 -ABANK5=0560h-05FFh -ABANK6=0600h-06FFh \
  -ABANK7=0700h-07FFh -ABANK8=0800h-08FFh -ABANK9=0900h-09FFh \
  -ABANK10=0A00h-0AFFh -ABANK11=0B00h-0BFFh -ABANK12=0C00h-0CFFh \
  -ABANK13=0D00h-0DFFh -ABANK14=0E00h-0EFFh -ABANK15=0F00h-0FFFh \
  -ABANK16=01000h-010FFh -ABANK17=01100h-011FFh -ABANK18=01200h-012FFh \
  -ABANK19=01300h-013FFh -ABANK20=01400h-014FFh -ABANK21=01500h-015FFh \
  -ABANK22=01600h-016FFh -ABANK23=01700h-017FFh -ABANK24=01800h-018FFh \
  -ABANK25=01900h-019FFh -ABANK26=01A00h-01AFFh -ABANK27=01B00h-01BFFh \
  -ABANK28=01C00h-01CFFh -ABANK29=01D00h-01DFFh -ABANK30=01E00h-01EFFh \
  -ABANK31=01F00h-01FFFh -ABANK32=02000h-020FFh -ABANK33=02100h-021FFh \
  -ABANK34=02200h-022FFh -ABANK35=02300h-023FFh -ABANK36=02400h-024FFh \
  -ASFR=00h-0FFhx4,0400h-045Fh,0460h-04FFh,02500h-025FFh \
  -ABIGSFR=00h-04FFh,02500h-025FFh -ACONFIG=0300000h-0300011h \
  -AIDLOC=0200000h-020003Fh -AEEDATA=0380000h-03803FFh -peeprom_data=EEDATA \
  -preset_vec=00h -ppowerup=CODE,init -pramtop=02600h \
  -psmallconst=SMALLCONST -pmediumconst=MEDIUMCONST -pconst=CONST \
  -AFARRAM=00h-00h \
  -prdata=COMRAM,nvrram=COMRAM,nvbit=COMRAM,rbss=COMRAM,rbit=COMRAM \
  -pfarbss=FARRAM,fardata=FARRAM,nvFARRAM=FARRAM \
  -pintsave_regs=BIGRAM,bigbss=BIGRAM,bigdata=BIGRAM -pbss=RAM \
  -pidata=CODE,irdata=CODE,ibigdata=CODE,ifardata=CODE -prparam=COMRAM \
  C:\Users\Angel\AppData\Local\Temp\xcAsdoc.0\driver_tmp_9.o \
  dist/default/debug\TF-Micro.X.debug.o 

Object code version is 3.11

Machine type is 18F57Q43



                Name                               Link     Load   Length Selector   Space Scale
C:\Users\Angel\AppData\Local\Temp\xcAsdoc.0\driver_tmp_9.o
                config                           300000   300000        A        0       4
                init                              1FFFC    1FFFC        4     FFFE       0
                reset_vec                             0        0        4        0       0
dist/default/debug\TF-Micro.X.debug.o
                config                           300000   300000        A        0       4
                smallconst                         2600     2600       94     1300       0
                text55                             3BC4     3BC4       4A     134A       0
                text54                             2FA0     2FA0       F6     134A       0
                text53                             3EB8     3EB8       2A     134A       0
                text52                             3FB4     3FB4       10     134A       0
                text51                             3470     3470       A2     134A       0
                text50                             3512     3512       96     134A       0
                text49                             3FFE     3FFE        8     134A       0
                text48                             3D8C     3D8C       3C     134A       0
                text47                             3B74     3B74       50     134A       0
                text46                             3FD2     3FD2        E     134A       0
                text45                             3A62     3A62       66     134A       0
                text44                             36C8     36C8       88     134A       0
                text43                             37CA     37CA       7A     134A       0
                text42                             2EAA     2EAA       F6     134A       0
                text41                             3B1E     3B1E       56     134A       0
                text40                             39FC     39FC       66     134A       0
                text39                             3FF6     3FF6        8     134A       0
                text38                             3F8C     3F8C       16     134A       0
                text37                             3FC4     3FC4        E     134A       0
                text36                             3FEC     3FEC        A     134A       0
                text35                             3D4E     3D4E       3E     134A       0
                text34                             2ACC     2ACC      168     134A       0
                text33                             3F08     3F08       20     134A       0
                text32                             3F76     3F76       16     134A       0
                text31                             317E     317E       E8     134A       0
                text30                             3E8E     3E8E       2A     134A       0
                text29                             3CD0     3CD0       40     134A       0
                text28                             2C34     2C34      146     134A       0
                text27                             3E02     3E02       36     134A       0
                text26                             3328     3328       A6     134A       0
                text25                             3FA2     3FA2       12     134A       0
                text24                             2D7A     2D7A      130     134A       0
                text23                             33CE     33CE       A2     134A       0
                text22                             3F28     3F28       1E     134A       0
                text21                             3750     3750       7A     134A       0
                text20                             3996     3996       66     134A       0
                text19                             3096     3096       E8     134A       0
                text18                             38B8     38B8       70     134A       0
                text17                             3E38     3E38       2C     134A       0
                text16                             3F5E     3F5E       18     134A       0
                text15                             3DC8     3DC8       3A     134A       0
                text14                             2694     2694      25A     134A       0
                text13                             28EE     28EE      1DE     134A       0
                text12                             3AC8     3AC8       56     134A       0
                text11                             3E64     3E64       2A     134A       0
                text10                             3638     3638       90     134A       0
                text9                              3844     3844       74     134A       0
                text8                              3C90     3C90       40     134A       0
                text7                              3C0E     3C0E       42     134A       0
                text6                              3C50     3C50       40     134A       0
                text5                              35A8     35A8       90     134A       0
                text4                              3EE2     3EE2       26     134A       0
                text3                              3928     3928       6E     134A       0
                text2                              3266     3266       C2     134A       0
                text1                              3F46     3F46       18     134A       0
                text0                              3FE0     3FE0        C     134A       0
                cstackCOMRAM                        539      539       20      501       1
                bssBANK5                            560      560       89      560       1
                dataCOMRAM                          559      559        4      501       1
                bssCOMRAM                           501      501       38      501       1
                cinit                              3D10     3D10       3E     134A       0
                idataCOMRAM                        4006     4006        4     134A       0

TOTAL           Name                               Link     Load   Length     Space
        CLASS   CODE           
                init                              1FFFC    1FFFC        4         0
                reset_vec                             0        0        4         0
                text55                             3BC4     3BC4       4A         0
                text54                             2FA0     2FA0       F6         0
                text53                             3EB8     3EB8       2A         0
                text52                             3FB4     3FB4       10         0
                text51                             3470     3470       A2         0
                text50                             3512     3512       96         0
                text49                             3FFE     3FFE        8         0
                text48                             3D8C     3D8C       3C         0
                text47                             3B74     3B74       50         0
                text46                             3FD2     3FD2        E         0
                text45                             3A62     3A62       66         0
                text44                             36C8     36C8       88         0
                text43                             37CA     37CA       7A         0
                text42                             2EAA     2EAA       F6         0
                text41                             3B1E     3B1E       56         0
                text40                             39FC     39FC       66         0
                text39                             3FF6     3FF6        8         0
                text38                             3F8C     3F8C       16         0
                text37                             3FC4     3FC4        E         0
                text36                             3FEC     3FEC        A         0
                text35                             3D4E     3D4E       3E         0
                text34                             2ACC     2ACC      168         0
                text33                             3F08     3F08       20         0
                text32                             3F76     3F76       16         0
                text31                             317E     317E       E8         0
                text30                             3E8E     3E8E       2A         0
                text29                             3CD0     3CD0       40         0
                text28                             2C34     2C34      146         0
                text27                             3E02     3E02       36         0
                text26                             3328     3328       A6         0
                text25                             3FA2     3FA2       12         0
                text24                             2D7A     2D7A      130         0
                text23                             33CE     33CE       A2         0
                text22                             3F28     3F28       1E         0
                text21                             3750     3750       7A         0
                text20                             3996     3996       66         0
                text19                             3096     3096       E8         0
                text18                             38B8     38B8       70         0
                text17                             3E38     3E38       2C         0
                text16                             3F5E     3F5E       18         0
                text15                             3DC8     3DC8       3A         0
                text14                             2694     2694      25A         0
                text13                             28EE     28EE      1DE         0
                text12                             3AC8     3AC8       56         0
                text11                             3E64     3E64       2A         0
                text10                             3638     3638       90         0
                text9                              3844     3844       74         0
                text8                              3C90     3C90       40         0
                text7                              3C0E     3C0E       42         0
                text6                              3C50     3C50       40         0
                text5                              35A8     35A8       90         0
                text4                              3EE2     3EE2       26         0
                text3                              3928     3928       6E         0
                text2                              3266     3266       C2         0
                text1                              3F46     3F46       18         0
                text0                              3FE0     3FE0        C         0
                cinit                              3D10     3D10       3E         0
                idataCOMRAM                        4006     4006        4         0

        CLASS   CONST          

        CLASS   SMALLCONST     
                smallconst                         2600     2600       94         0

        CLASS   MEDIUMCONST    

        CLASS   COMRAM         
                cstackCOMRAM                        539      539       20         1
                dataCOMRAM                          559      559        4         1
                bssCOMRAM                           501      501       38         1

        CLASS   ABS1           

        CLASS   BIGRAM         

        CLASS   RAM            

        CLASS   BANK5          
                bssBANK5                            560      560       89         1

        CLASS   BANK6          

        CLASS   BANK7          

        CLASS   BANK8          

        CLASS   BANK9          

        CLASS   BANK10         

        CLASS   BANK11         

        CLASS   BANK12         

        CLASS   BANK13         

        CLASS   BANK14         

        CLASS   BANK15         

        CLASS   BANK16         

        CLASS   BANK17         

        CLASS   BANK18         

        CLASS   BANK19         

        CLASS   BANK20         

        CLASS   BANK21         

        CLASS   BANK22         

        CLASS   BANK23         

        CLASS   BANK24         

        CLASS   BANK25         

        CLASS   BANK26         

        CLASS   BANK27         

        CLASS   BANK28         

        CLASS   BANK29         

        CLASS   BANK30         

        CLASS   BANK31         

        CLASS   BANK32         

        CLASS   BANK33         

        CLASS   BANK34         

        CLASS   BANK35         

        CLASS   BANK36         

        CLASS   SFR            

        CLASS   BIGSFR         

        CLASS   CONFIG         
                config                           300000   300000        A         4

        CLASS   IDLOC          

        CLASS   EEDATA         

        CLASS   FARRAM         

        CLASS   HEAP           

        CLASS   STACK          



SEGMENTS        Name                           Load    Length   Top    Selector   Space  Class

                reset_vec                      000000  000004  000004         0       0  CODE    
                bssCOMRAM                      000501  00005C  00055D       501       1  COMRAM  
                bssBANK5                       000560  000089  0005E9       560       1  BANK5   
                smallconst                     002600  000094  002694      1300       0  SMALLCON
                text14                         002694  001976  00400A      134A       0  CODE    
                init                           01FFFC  000004  020000      FFFE       0  CODE    


UNUSED ADDRESS RANGES

        Name                Unused          Largest block    Delta
        BANK10           000A00-000AFF              100
        BANK11           000B00-000BFF              100
        BANK12           000C00-000CFF              100
        BANK13           000D00-000DFF              100
        BANK14           000E00-000EFF              100
        BANK15           000F00-000FFF              100
        BANK16           001000-0010FF              100
        BANK17           001100-0011FF              100
        BANK18           001200-0012FF              100
        BANK19           001300-0013FF              100
        BANK20           001400-0014FF              100
        BANK21           001500-0015FF              100
        BANK22           001600-0016FF              100
        BANK23           001700-0017FF              100
        BANK24           001800-0018FF              100
        BANK25           001900-0019FF              100
        BANK26           001A00-001AFF              100
        BANK27           001B00-001BFF              100
        BANK28           001C00-001CFF              100
        BANK29           001D00-001DFF              100
        BANK30           001E00-001EFF              100
        BANK31           001F00-001FFF              100
        BANK32           002000-0020FF              100
        BANK33           002100-0021FF              100
        BANK34           002200-0022FF              100
        BANK35           002300-0023FF              100
        BANK36           002400-0024FF              100
        BANK5            0005E9-0005FF               17
        BANK6            000600-0006FF              100
        BANK7            000700-0007FF              100
        BANK8            000800-0008FF              100
        BANK9            000900-0009FF              100
        BIGRAM           00055D-00055F                3
                         0005E9-0024FF             1F17
        BIGSFR           000000-0004FF              500
                         002500-0025FF              100
        CODE             000004-0025FF             25FC
                         00400A-01FFFB            1BFF2
        COMRAM           00055D-00055F                3
        CONFIG           30000A-300011                8
        CONST            000004-0025FF             25FC
                         00400A-01FFFB            1BFF2
        EEDATA           380000-3803FF              400
        IDLOC            200000-20003F               40
        MEDIUMCONST      00400A-00FFFF             BFF6
                         012600-01FFFB             D9FC
        RAM              0005E9-0024FF              100
        SFR              000000-0004FF              100
                         002500-0025FF              100
        SMALLCONST       00400A-00FFFF              100
                         012600-01FFFB              100

                                  Symbol Table

Buzzer_Init@ansel                        cstackCOMRAM 000546
Buzzer_Init@buzzer                       cstackCOMRAM 000540
Buzzer_Init@lat                          cstackCOMRAM 000542
Buzzer_Init@pin_mask                     cstackCOMRAM 000548
Buzzer_Init@tris                         cstackCOMRAM 000544
Buzzer_PinLow@buzzer                     cstackCOMRAM 000539
CNY70_Init@adc_channel                   cstackCOMRAM 000540
CNY70_Init@ansel                         cstackCOMRAM 00053D
CNY70_Init@pin_mask                      cstackCOMRAM 00053F
CNY70_Init@sensor                        cstackCOMRAM 000539
CNY70_Init@tris                          cstackCOMRAM 00053B
DS1307_BCDToDecimal@value_bcd            cstackCOMRAM 00053A
DS1307_IsValidBCD@tens                   cstackCOMRAM 000539
DS1307_IsValidBCD@units                  cstackCOMRAM 00053A
DS1307_IsValidBCD@value_bcd              cstackCOMRAM 00053B
DS1307_ReadDateTime@date_time            cstackCOMRAM 00054A
DS1307_ReadDateTime@raw_data             cstackCOMRAM 00054F
DS1307_ReadDateTime@status               cstackCOMRAM 000556
DS1307_ReadRaw@raw_data                  cstackCOMRAM 000548
DS1307_ReadRegisters@data                cstackCOMRAM 000543
DS1307_ReadRegisters@length              cstackCOMRAM 000545
DS1307_ReadRegisters@start_register      cstackCOMRAM 000546
DS1307_ReadRegisters@status              cstackCOMRAM 000547
DS1307_ValidateRawData@date              cstackCOMRAM 000545
DS1307_ValidateRawData@date_bcd          cstackCOMRAM 000543
DS1307_ValidateRawData@hours             cstackCOMRAM 000549
DS1307_ValidateRawData@hours_bcd         cstackCOMRAM 000548
DS1307_ValidateRawData@minutes           cstackCOMRAM 000540
DS1307_ValidateRawData@minutes_bcd       cstackCOMRAM 000542
DS1307_ValidateRawData@month             cstackCOMRAM 000546
DS1307_ValidateRawData@month_bcd         cstackCOMRAM 000544
DS1307_ValidateRawData@raw_data          cstackCOMRAM 00053C
DS1307_ValidateRawData@seconds           cstackCOMRAM 00053F
DS1307_ValidateRawData@seconds_bcd       cstackCOMRAM 000541
DS1307_ValidateRawData@weekday           cstackCOMRAM 000547
DS1307_ValidateRawData@year_bcd          cstackCOMRAM 00053E
I2C1_ConfigurePPS@previousGie            cstackCOMRAM 000539
I2C1_Read@address7                       cstackCOMRAM 00053E
I2C1_Read@data                           cstackCOMRAM 00053B
I2C1_Read@index                          cstackCOMRAM 00053F
I2C1_Read@length                         cstackCOMRAM 00053D
I2C1_Read@status                         cstackCOMRAM 000540
I2C1_WaitBusFree@timeout                 cstackCOMRAM 000539
I2C1_WaitRxBufferFull@timeout            cstackCOMRAM 000539
I2C1_WaitStop@timeout                    cstackCOMRAM 000539
I2C1_WaitStopRead@timeout                cstackCOMRAM 000539
I2C1_WaitTxBufferEmpty@timeout           cstackCOMRAM 000539
I2C1_Write@address7                      cstackCOMRAM 00053E
I2C1_Write@data                          cstackCOMRAM 00053B
I2C1_Write@index                         cstackCOMRAM 00053F
I2C1_Write@length                        cstackCOMRAM 00053D
I2C1_Write@status                        cstackCOMRAM 000540
I2C1_WriteSingleByte@address7            cstackCOMRAM 000542
I2C1_WriteSingleByte@data                cstackCOMRAM 000541
IRSensor_Init@ansel                      cstackCOMRAM 00053F
IRSensor_Init@pin_mask                   cstackCOMRAM 000541
IRSensor_Init@port                       cstackCOMRAM 00053B
IRSensor_Init@sensor                     cstackCOMRAM 000539
IRSensor_Init@tris                       cstackCOMRAM 00053D
Keypad_AllRowsHigh@keypad                cstackCOMRAM 000539
Keypad_Init@ansel                        cstackCOMRAM 000547
Keypad_Init@keypad                       cstackCOMRAM 00053F
Keypad_Init@lat                          cstackCOMRAM 000543
Keypad_Init@port                         cstackCOMRAM 000541
Keypad_Init@tris                         cstackCOMRAM 000545
Keypad_Init@wpu                          cstackCOMRAM 000549
LCD_I2C_Command@command                  cstackCOMRAM 00054C
LCD_I2C_Command@status                   cstackCOMRAM 00054B
LCD_I2C_ExpanderWrite@value              cstackCOMRAM 000543
LCD_I2C_Init@status                      cstackCOMRAM 00054F
LCD_I2C_SendByte@block                   cstackCOMRAM 000542
LCD_I2C_SendByte@control                 cstackCOMRAM 000549
LCD_I2C_SendByte@highNibble              cstackCOMRAM 000547
LCD_I2C_SendByte@lowNibble               cstackCOMRAM 000548
LCD_I2C_SendByte@rs                      cstackCOMRAM 000541
LCD_I2C_SendByte@value                   cstackCOMRAM 000546
LCD_I2C_SetAddress@address7              cstackCOMRAM 000539
LCD_I2C_SetCursor@column                 cstackCOMRAM 00054D
LCD_I2C_SetCursor@row                    cstackCOMRAM 00054E
LCD_I2C_SetCursor@rowAddress             cstackCOMRAM 00054F
LCD_I2C_WriteChar@character              cstackCOMRAM 00054A
LCD_I2C_WriteChar@status                 cstackCOMRAM 00054B
LCD_I2C_WriteNibble@base                 cstackCOMRAM 000545
LCD_I2C_WriteNibble@block                cstackCOMRAM 000543
LCD_I2C_WriteNibble@nibble               cstackCOMRAM 000542
LCD_I2C_WriteNibble@rs                   cstackCOMRAM 000541
LCD_I2C_WriteString@status               cstackCOMRAM 00054E
LCD_I2C_WriteString@text                 cstackCOMRAM 00054C
Stepper_Init@ansel                       cstackCOMRAM 00053F
Stepper_Init@lat                         cstackCOMRAM 00053B
Stepper_Init@motor                       cstackCOMRAM 000539
Stepper_Init@nibble                      cstackCOMRAM 000541
Stepper_Init@tris                        cstackCOMRAM 00053D
WS2812B_Init@i                           cstackCOMRAM 00053E
WS2812B_Init@num_leds                    cstackCOMRAM 00053B
WS2812B_Init@tira                        cstackCOMRAM 000539
WS2812B_RGB@blue                         cstackCOMRAM 00054C
WS2812B_RGB@green                        cstackCOMRAM 00054B
WS2812B_RGB@red                          cstackCOMRAM 00054A
WS2812B_RGB@tira                         cstackCOMRAM 000548
WS2812B_SendBit@bit_value                cstackCOMRAM 000539
WS2812B_SendByte@data                    cstackCOMRAM 00053A
WS2812B_SendByte@mask                    cstackCOMRAM 00053B
WS2812B_SetAll@blue                      cstackCOMRAM 000545
WS2812B_SetAll@green                     cstackCOMRAM 000544
WS2812B_SetAll@i                         cstackCOMRAM 000547
WS2812B_SetAll@red                       cstackCOMRAM 000543
WS2812B_SetAll@tira                      cstackCOMRAM 000541
WS2812B_SetPixel@blue                    cstackCOMRAM 00053E
WS2812B_SetPixel@green                   cstackCOMRAM 00053D
WS2812B_SetPixel@led                     cstackCOMRAM 00053B
WS2812B_SetPixel@red                     cstackCOMRAM 00053C
WS2812B_SetPixel@tira                    cstackCOMRAM 000539
WS2812B_Show@i                           cstackCOMRAM 000540
WS2812B_Show@tira                        cstackCOMRAM 00053C
_ADCLK                                   (abs)        0003FA
_ADCON0                                  (abs)        0003F3
_ADCON0bits                              (abs)        0003F3
_ADPCH                                   (abs)        0003EC
_ADREF                                   (abs)        0003F8
_ADRESH                                  (abs)        0003EB
_ADRESL                                  (abs)        0003EA
_ANSELA                                  (abs)        000400
_ANSELB                                  (abs)        000408
_ANSELC                                  (abs)        000410
_ANSELCbits                              (abs)        000410
_ANSELD                                  (abs)        000418
_ANSELF                                  (abs)        000428
_Buzzer_Init                             text54       002FA0
_Buzzer_PinLow                           text55       003BC4
_CNY70_ADC_Init_FOSC64                   text52       003FB4
_CNY70_Init                              text51       003470
_DS1307_BCDToDecimal                     text16       003F5E
_DS1307_IsValidBCD                       text15       003DC8
_DS1307_ReadDateTime                     text13       0028EE
_DS1307_ReadRaw                          text17       003E38
_DS1307_ReadRegisters                    text18       0038B8
_DS1307_ValidateRawData                  text14       002694
_I2C1ADB1                                (abs)        00028F
_I2C1BTO                                 (abs)        00029D
_I2C1CLK                                 (abs)        00029C
_I2C1CNT                                 (abs)        00028D
_I2C1CON0                                (abs)        000294
_I2C1CON0bits                            (abs)        000294
_I2C1CON1                                (abs)        000295
_I2C1CON1bits                            (abs)        000295
_I2C1CON2                                (abs)        000296
_I2C1ERR                                 (abs)        000297
_I2C1ERRbits                             (abs)        000297
_I2C1PIE                                 (abs)        00029B
_I2C1PIR                                 (abs)        00029A
_I2C1PIRbits                             (abs)        00029A
_I2C1RXB                                 (abs)        00028B
_I2C1SCLPPS                              (abs)        000271
_I2C1SDAPPS                              (abs)        000270
_I2C1STAT0bits                           (abs)        000298
_I2C1STAT1bits                           (abs)        000299
_I2C1TXB                                 (abs)        00028C
_I2C1_ClearFlags                         text49       003FFE
_I2C1_ConfigurePPS                       text48       003D8C
_I2C1_Init                               text47       003B74
_I2C1_LastStatus                         bssCOMRAM    00050A
_I2C1_Read                               text19       003096
_I2C1_ResetModule                        text46       003FD2
_I2C1_WaitBusFree                        text45       003A62
_I2C1_WaitRxBufferFull                   text21       003750
_I2C1_WaitStop                           text44       0036C8
_I2C1_WaitStopRead                       text20       003996
_I2C1_WaitTxBufferEmpty                  text43       0037CA
_I2C1_Write                              text42       002EAA
_I2C1_WriteSingleByte                    text38       003F8C
_INTCON0bits                             (abs)        0004D6
_IRSensor_Init                           text31       00317E
_Keypad_AllRowsHigh                      text29       003CD0
_Keypad_ColumnMasks                      smallconst   002611
_Keypad_Init                             text28       002C34
_Keypad_Map                              smallconst   002601
_Keypad_RowMasks                         smallconst   002615
_LATA                                    (abs)        0004BE
_LATB                                    (abs)        0004BF
_LATC                                    (abs)        0004C0
_LATCbits                                (abs)        0004C0
_LATD                                    (abs)        0004C1
_LCD_I2C_Clear                           text39       003FF6
_LCD_I2C_Command                         text40       0039FC
_LCD_I2C_ExpanderWrite                   text37       003FC4
_LCD_I2C_Init                            text34       002ACC
_LCD_I2C_SendByte                        text41       003B1E
_LCD_I2C_SetAddress                      text33       003F08
_LCD_I2C_SetCursor                       text12       003AC8
_LCD_I2C_UpdateDisplayControl            text36       003FEC
_LCD_I2C_WriteChar                       text11       003E64
_LCD_I2C_WriteNibble                     text35       003D4E
_LCD_I2C_WriteString                     text10       003638
_NVMADRH                                 (abs)        000044
_NVMADRL                                 (abs)        000043
_NVMADRU                                 (abs)        000045
_NVMCON0bits                             (abs)        000040
_NVMCON1bits                             (abs)        000041
_NVMDATL                                 (abs)        000046
_NVMLOCK                                 (abs)        000042
_ODCONCbits                              (abs)        000412
_OSCCON1                                 (abs)        0000AD
_OSCEN                                   (abs)        0000B3
_OSCFRQ                                  (abs)        0000B1
_PORTD                                   (abs)        0004D1
_PORTF                                   (abs)        0004D3
_PPSLOCK                                 (abs)        000200
_PPSLOCKbits                             (abs)        000200
_RC3I2Cbits                              (abs)        000287
_RC3PPS                                  (abs)        000214
_RC4I2Cbits                              (abs)        000286
_RC4PPS                                  (abs)        000215
_Stepper_Init                            text24       002D7A
_TRISA                                   (abs)        0004C6
_TRISB                                   (abs)        0004C7
_TRISC                                   (abs)        0004C8
_TRISCbits                               (abs)        0004C8
_TRISD                                   (abs)        0004C9
_TRISF                                   (abs)        0004CB
_WPUD                                    (abs)        000419
_WS2812B_Init                            text26       003328
_WS2812B_RGB                             text4        003EE2
_WS2812B_SendBit                         text7        003C0E
_WS2812B_SendByte                        text6        003C50
_WS2812B_SetAll                          text8        003C90
_WS2812B_SetPixel                        text9        003844
_WS2812B_Show                            text5        0035A8
__HRAM                                   (abs)        000000
__H__absolute__                          __absolute__ 000000
__Habs1                                  abs1         000000
__Hbank10                                bank10       000000
__Hbank11                                bank11       000000
__Hbank12                                bank12       000000
__Hbank13                                bank13       000000
__Hbank14                                bank14       000000
__Hbank15                                bank15       000000
__Hbank16                                bank16       000000
__Hbank17                                bank17       000000
__Hbank18                                bank18       000000
__Hbank19                                bank19       000000
__Hbank20                                bank20       000000
__Hbank21                                bank21       000000
__Hbank22                                bank22       000000
__Hbank23                                bank23       000000
__Hbank24                                bank24       000000
__Hbank25                                bank25       000000
__Hbank26                                bank26       000000
__Hbank27                                bank27       000000
__Hbank28                                bank28       000000
__Hbank29                                bank29       000000
__Hbank30                                bank30       000000
__Hbank31                                bank31       000000
__Hbank32                                bank32       000000
__Hbank33                                bank33       000000
__Hbank34                                bank34       000000
__Hbank35                                bank35       000000
__Hbank36                                bank36       000000
__Hbank5                                 bank5        000000
__Hbank6                                 bank6        000000
__Hbank7                                 bank7        000000
__Hbank8                                 bank8        000000
__Hbank9                                 bank9        000000
__Hbigbss                                bigbss       000000
__Hbigdata                               bigdata      000000
__Hbigram                                bigram       000000
__Hbigsfr                                bigsfr       000000
__Hbss                                   bss          000000
__HbssBANK5                              bssBANK5     000000
__HbssCOMRAM                             bssCOMRAM    000000
__Hcinit                                 cinit        000000
__Hclrtext                               clrtext      000000
__Hcomram                                comram       000000
__Hconfig                                config       30000A
__Hconst                                 const        000000
__HcstackCOMRAM                          cstackCOMRAM 000000
__Hdata                                  data         000000
__HdataCOMRAM                            dataCOMRAM   000000
__Heeprom_data                           eeprom_data  000000
__Hfarbss                                farbss       000000
__Hfardata                               fardata      000000
__Hheap                                  heap         000000
__Hibigdata                              ibigdata     000000
__Hidata                                 idata        000000
__HidataCOMRAM                           idataCOMRAM  000000
__Hidloc                                 idloc        000000
__Hifardata                              ifardata     000000
__Hinit                                  init         020000
__Hintsave_regs                          intsave_regs 000000
__Hirdata                                irdata       000000
__Hmediumconst                           mediumconst  000000
__HnvFARRAM                              nvFARRAM     000000
__Hnvbit                                 nvbit        000000
__Hnvrram                                nvrram       000000
__Hparam                                 rparam       000000
__Hpowerup                               powerup      000000
__Hram                                   ram          000000
__Hramtop                                ramtop       002600
__Hrbit                                  rbit         000000
__Hrbss                                  rbss         000000
__Hrdata                                 rdata        000000
__Hreset_vec                             reset_vec    000004
__Hrparam                                rparam       000000
__Hsfr                                   sfr          000000
__Hsmallconst                            smallconst   002694
__Hspace_0                               (abs)        020000
__Hspace_1                               (abs)        0005E9
__Hspace_2                               (abs)        000000
__Hspace_4                               (abs)        60000A
__Hstack                                 stack        000000
__Hstruct                                struct       000000
__Htemp                                  temp         000000
__Htext                                  text         000000
__Htext0                                 text0        000000
__Htext1                                 text1        000000
__Htext10                                text10       000000
__Htext11                                text11       000000
__Htext12                                text12       000000
__Htext13                                text13       000000
__Htext14                                text14       000000
__Htext15                                text15       000000
__Htext16                                text16       000000
__Htext17                                text17       000000
__Htext18                                text18       000000
__Htext19                                text19       000000
__Htext2                                 text2        000000
__Htext20                                text20       000000
__Htext21                                text21       000000
__Htext22                                text22       000000
__Htext23                                text23       000000
__Htext24                                text24       000000
__Htext25                                text25       000000
__Htext26                                text26       000000
__Htext27                                text27       000000
__Htext28                                text28       000000
__Htext29                                text29       000000
__Htext3                                 text3        000000
__Htext30                                text30       000000
__Htext31                                text31       000000
__Htext32                                text32       000000
__Htext33                                text33       000000
__Htext34                                text34       000000
__Htext35                                text35       000000
__Htext36                                text36       000000
__Htext37                                text37       000000
__Htext38                                text38       000000
__Htext39                                text39       000000
__Htext4                                 text4        000000
__Htext40                                text40       000000
__Htext41                                text41       000000
__Htext42                                text42       000000
__Htext43                                text43       000000
__Htext44                                text44       000000
__Htext45                                text45       000000
__Htext46                                text46       000000
__Htext47                                text47       000000
__Htext48                                text48       000000
__Htext49                                text49       000000
__Htext5                                 text5        000000
__Htext50                                text50       000000
__Htext51                                text51       000000
__Htext52                                text52       000000
__Htext53                                text53       000000
__Htext54                                text54       000000
__Htext55                                text55       000000
__Htext6                                 text6        000000
__Htext7                                 text7        000000
__Htext8                                 text8        000000
__Htext9                                 text9        000000
__LRAM                                   (abs)        000001
__L__absolute__                          __absolute__ 000000
__Labs1                                  abs1         000000
__Lbank10                                bank10       000000
__Lbank11                                bank11       000000
__Lbank12                                bank12       000000
__Lbank13                                bank13       000000
__Lbank14                                bank14       000000
__Lbank15                                bank15       000000
__Lbank16                                bank16       000000
__Lbank17                                bank17       000000
__Lbank18                                bank18       000000
__Lbank19                                bank19       000000
__Lbank20                                bank20       000000
__Lbank21                                bank21       000000
__Lbank22                                bank22       000000
__Lbank23                                bank23       000000
__Lbank24                                bank24       000000
__Lbank25                                bank25       000000
__Lbank26                                bank26       000000
__Lbank27                                bank27       000000
__Lbank28                                bank28       000000
__Lbank29                                bank29       000000
__Lbank30                                bank30       000000
__Lbank31                                bank31       000000
__Lbank32                                bank32       000000
__Lbank33                                bank33       000000
__Lbank34                                bank34       000000
__Lbank35                                bank35       000000
__Lbank36                                bank36       000000
__Lbank5                                 bank5        000000
__Lbank6                                 bank6        000000
__Lbank7                                 bank7        000000
__Lbank8                                 bank8        000000
__Lbank9                                 bank9        000000
__Lbigbss                                bigbss       000000
__Lbigdata                               bigdata      000000
__Lbigram                                bigram       000000
__Lbigsfr                                bigsfr       000000
__Lbss                                   bss          000000
__LbssBANK5                              bssBANK5     000000
__LbssCOMRAM                             bssCOMRAM    000000
__Lcinit                                 cinit        000000
__Lclrtext                               clrtext      000000
__Lcomram                                comram       000000
__Lconfig                                config       000000
__Lconst                                 const        000000
__LcstackCOMRAM                          cstackCOMRAM 000000
__Ldata                                  data         000000
__LdataCOMRAM                            dataCOMRAM   000000
__Leeprom_data                           eeprom_data  000000
__Lfarbss                                farbss       000000
__Lfardata                               fardata      000000
__Lheap                                  heap         000000
__Libigdata                              ibigdata     000000
__Lidata                                 idata        000000
__LidataCOMRAM                           idataCOMRAM  000000
__Lidloc                                 idloc        000000
__Lifardata                              ifardata     000000
__Linit                                  init         01FFFC
__Lintsave_regs                          intsave_regs 000000
__Lirdata                                irdata       000000
__Lmediumconst                           mediumconst  000000
__LnvFARRAM                              nvFARRAM     000000
__Lnvbit                                 nvbit        000000
__Lnvrram                                nvrram       000000
__Lparam                                 rparam       000000
__Lpowerup                               powerup      000000
__Lram                                   ram          000000
__Lramtop                                ramtop       002600
__Lrbit                                  rbit         000000
__Lrbss                                  rbss         000000
__Lrdata                                 rdata        000000
__Lreset_vec                             reset_vec    000000
__Lrparam                                rparam       000000
__Lsfr                                   sfr          000000
__Lsmallconst                            smallconst   002600
__Lspace_0                               (abs)        000000
__Lspace_1                               (abs)        000000
__Lspace_2                               (abs)        000000
__Lspace_4                               (abs)        000000
__Lstack                                 stack        000000
__Lstruct                                struct       000000
__Ltemp                                  temp         000000
__Ltext                                  text         000000
__Ltext0                                 text0        000000
__Ltext1                                 text1        000000
__Ltext10                                text10       000000
__Ltext11                                text11       000000
__Ltext12                                text12       000000
__Ltext13                                text13       000000
__Ltext14                                text14       000000
__Ltext15                                text15       000000
__Ltext16                                text16       000000
__Ltext17                                text17       000000
__Ltext18                                text18       000000
__Ltext19                                text19       000000
__Ltext2                                 text2        000000
__Ltext20                                text20       000000
__Ltext21                                text21       000000
__Ltext22                                text22       000000
__Ltext23                                text23       000000
__Ltext24                                text24       000000
__Ltext25                                text25       000000
__Ltext26                                text26       000000
__Ltext27                                text27       000000
__Ltext28                                text28       000000
__Ltext29                                text29       000000
__Ltext3                                 text3        000000
__Ltext30                                text30       000000
__Ltext31                                text31       000000
__Ltext32                                text32       000000
__Ltext33                                text33       000000
__Ltext34                                text34       000000
__Ltext35                                text35       000000
__Ltext36                                text36       000000
__Ltext37                                text37       000000
__Ltext38                                text38       000000
__Ltext39                                text39       000000
__Ltext4                                 text4        000000
__Ltext40                                text40       000000
__Ltext41                                text41       000000
__Ltext42                                text42       000000
__Ltext43                                text43       000000
__Ltext44                                text44       000000
__Ltext45                                text45       000000
__Ltext46                                text46       000000
__Ltext47                                text47       000000
__Ltext48                                text48       000000
__Ltext49                                text49       000000
__Ltext5                                 text5        000000
__Ltext50                                text50       000000
__Ltext51                                text51       000000
__Ltext52                                text52       000000
__Ltext53                                text53       000000
__Ltext54                                text54       000000
__Ltext55                                text55       000000
__Ltext6                                 text6        000000
__Ltext7                                 text7        000000
__Ltext8                                 text8        000000
__Ltext9                                 text9        000000
__S0                                     (abs)        020000
__S1                                     (abs)        0005E9
__S4                                     (abs)        000000
__S5                                     (abs)        000000
___heap_hi                               (abs)        000000
___heap_lo                               (abs)        000000
___inthi_sp                              stack        000000
___inthi_stack_hi                        stack        000000
___inthi_stack_lo                        stack        000000
___intlo_sp                              stack        000000
___intlo_stack_hi                        stack        000000
___intlo_stack_lo                        stack        000000
___param_bank                            (abs)        000000
___rparam_used                           (abs)        000001
___sp                                    stack        000000
___stack_hi                              stack        000000
___stack_lo                              stack        000000
__accesstop                              (abs)        000560
__activetblptr                           (abs)        000003
__end_of_Buzzer_Init                     text54       003096
__end_of_Buzzer_PinLow                   text55       003C0E
__end_of_CNY70_ADC_Init_FOSC64           text52       003FC4
__end_of_CNY70_Init                      text51       003512
__end_of_DS1307_BCDToDecimal             text16       003F76
__end_of_DS1307_IsValidBCD               text15       003E02
__end_of_DS1307_ReadDateTime             text13       002ACC
__end_of_DS1307_ReadRaw                  text17       003E64
__end_of_DS1307_ReadRegisters            text18       003928
__end_of_DS1307_ValidateRawData          text14       0028EE
__end_of_I2C1_ClearFlags                 text49       004006
__end_of_I2C1_ConfigurePPS               text48       003DC8
__end_of_I2C1_Init                       text47       003BC4
__end_of_I2C1_Read                       text19       00317E
__end_of_I2C1_ResetModule                text46       003FE0
__end_of_I2C1_WaitBusFree                text45       003AC8
__end_of_I2C1_WaitRxBufferFull           text21       0037CA
__end_of_I2C1_WaitStop                   text44       003750
__end_of_I2C1_WaitStopRead               text20       0039FC
__end_of_I2C1_WaitTxBufferEmpty          text43       003844
__end_of_I2C1_Write                      text42       002FA0
__end_of_I2C1_WriteSingleByte            text38       003FA2
__end_of_IRSensor_Init                   text31       003266
__end_of_Keypad_AllRowsHigh              text29       003D10
__end_of_Keypad_ColumnMasks              smallconst   002615
__end_of_Keypad_Init                     text28       002D7A
__end_of_Keypad_Map                      smallconst   002611
__end_of_Keypad_RowMasks                 smallconst   002619
__end_of_LCD_I2C_Clear                   text39       003FFE
__end_of_LCD_I2C_Command                 text40       003A62
__end_of_LCD_I2C_ExpanderWrite           text37       003FD2
__end_of_LCD_I2C_Init                    text34       002C34
__end_of_LCD_I2C_SendByte                text41       003B74
__end_of_LCD_I2C_SetAddress              text33       003F28
__end_of_LCD_I2C_SetCursor               text12       003B1E
__end_of_LCD_I2C_UpdateDisplayControl    text36       003FF6
__end_of_LCD_I2C_WriteChar               text11       003E8E
__end_of_LCD_I2C_WriteNibble             text35       003D8C
__end_of_LCD_I2C_WriteString             text10       0036C8
__end_of_Stepper_Init                    text24       002EAA
__end_of_WS2812B_Init                    text26       0033CE
__end_of_WS2812B_RGB                     text4        003F08
__end_of_WS2812B_SendBit                 text7        003C50
__end_of_WS2812B_SendByte                text6        003C90
__end_of_WS2812B_SetAll                  text8        003CD0
__end_of_WS2812B_SetPixel                text9        0038B8
__end_of_WS2812B_Show                    text5        003638
__end_of__initialization                 cinit        003D48
__end_of_config_buzzer                   text53       003EE2
__end_of_config_cny70                    text50       0035A8
__end_of_config_i2c_lcd                  text32       003F8C
__end_of_config_ir                       text30       003EB8
__end_of_config_keypad                   text27       003E38
__end_of_config_leds                     text25       003FB4
__end_of_config_motores                  text23       003470
__end_of_config_perifericos              text22       003F46
__end_of_configuro                       text1        003F5E
__end_of_full_step_sequence              smallconst   00261D
__end_of_main                            text0        003FEC
__end_of_sistem_error                    text3        003996
__end_of_verificar_condiciones_iniciales text2        003328
__initialization                         cinit        003D10
__mediumconst                            smallconst   002600
__pbssBANK5                              bssBANK5     000560
__pbssCOMRAM                             bssCOMRAM    000501
__pcinit                                 cinit        003D10
__pcstackCOMRAM                          cstackCOMRAM 000539
__pdataCOMRAM                            dataCOMRAM   000559
__pidataCOMRAM                           idataCOMRAM  004006
__psmallconst                            smallconst   002600
__ptext0                                 text0        003FE0
__ptext1                                 text1        003F46
__ptext10                                text10       003638
__ptext11                                text11       003E64
__ptext12                                text12       003AC8
__ptext13                                text13       0028EE
__ptext14                                text14       002694
__ptext15                                text15       003DC8
__ptext16                                text16       003F5E
__ptext17                                text17       003E38
__ptext18                                text18       0038B8
__ptext19                                text19       003096
__ptext2                                 text2        003266
__ptext20                                text20       003996
__ptext21                                text21       003750
__ptext22                                text22       003F28
__ptext23                                text23       0033CE
__ptext24                                text24       002D7A
__ptext25                                text25       003FA2
__ptext26                                text26       003328
__ptext27                                text27       003E02
__ptext28                                text28       002C34
__ptext29                                text29       003CD0
__ptext3                                 text3        003928
__ptext30                                text30       003E8E
__ptext31                                text31       00317E
__ptext32                                text32       003F76
__ptext33                                text33       003F08
__ptext34                                text34       002ACC
__ptext35                                text35       003D4E
__ptext36                                text36       003FEC
__ptext37                                text37       003FC4
__ptext38                                text38       003F8C
__ptext39                                text39       003FF6
__ptext4                                 text4        003EE2
__ptext40                                text40       0039FC
__ptext41                                text41       003B1E
__ptext42                                text42       002EAA
__ptext43                                text43       0037CA
__ptext44                                text44       0036C8
__ptext45                                text45       003A62
__ptext46                                text46       003FD2
__ptext47                                text47       003B74
__ptext48                                text48       003D8C
__ptext49                                text49       003FFE
__ptext5                                 text5        0035A8
__ptext50                                text50       003512
__ptext51                                text51       003470
__ptext52                                text52       003FB4
__ptext53                                text53       003EB8
__ptext54                                text54       002FA0
__ptext55                                text55       003BC4
__ptext6                                 text6        003C50
__ptext7                                 text7        003C0E
__ptext8                                 text8        003C90
__ptext9                                 text9        003844
__ramtop                                 ramtop       002600
__smallconst                             smallconst   002600
_buzzer1                                 bssCOMRAM    00051A
_cny70_last_channel                      dataCOMRAM   00055C
_config_buzzer                           text53       003EB8
_config_cny70                            text50       003512
_config_i2c_lcd                          text32       003F76
_config_ir                               text30       003E8E
_config_keypad                           text27       003E02
_config_leds                             text25       003FA2
_config_motores                          text23       0033CE
_config_perifericos                      text22       003F28
_configuro                               text1        003F46
_estado                                  bssCOMRAM    000509
_fechaHora                               bssBANK5     0005BB
_full_step_sequence                      smallconst   002619
_lcdAddress                              dataCOMRAM   00055B
_lcdBacklight                            dataCOMRAM   00055A
_lcdDisplayControl                       dataCOMRAM   000559
_main                                    text0        003FE0
_motor1                                  bssCOMRAM    00050B
_motor2                                  bssBANK5     0005E1
_motor3                                  bssBANK5     0005D9
_motor4                                  bssBANK5     0005D1
_sensor1                                 bssCOMRAM    000533
_sensor2                                 bssCOMRAM    00052D
_sensor3                                 bssCOMRAM    000527
_sensor4                                 bssCOMRAM    000521
_sensor_ir                               bssCOMRAM    000513
_sistem_error                            text3        003928
_teclado                                 bssBANK5     0005C7
_tira1                                   bssBANK5     000560
_valor_S1                                bssCOMRAM    000507
_valor_S2                                bssCOMRAM    000505
_valor_S3                                bssCOMRAM    000503
_valor_S4                                bssCOMRAM    000501
_verificar_condiciones_iniciales         text2        003266
end_of_initialization                    cinit        003D48
intlevel0                                text         000000
intlevel1                                text         000000
intlevel2                                text         000000
intlevel3                                text         000000
isa$std                                  (abs)        000001
isa$xinst                                (abs)        000000
sistem_error@mensaje                     cstackCOMRAM 000550
stackhi                                  (abs)        000000
stacklo                                  (abs)        000000
start                                    init         01FFFC
start_initialization                     cinit        003D10


MODULE INFORMATION

Module		Function		Class		Link	Load	Size
motor_paso.c
		_Stepper_Init  		CODE           	2D7A	0000	304

motor_paso.c estimated size: 304

ws2812b.c
		_WS2812B_SetAll		CODE           	3C90	0000	64
		_WS2812B_SendBit		CODE           	3C0E	0000	66
		_WS2812B_RGB   		CODE           	3EE2	0000	38
		_WS2812B_Init  		CODE           	3328	0000	166
		_WS2812B_Show  		CODE           	35A8	0000	144
		_WS2812B_SendByte		CODE           	3C50	0000	64
		_WS2812B_SetPixel		CODE           	3844	0000	116

ws2812b.c estimated size: 658

keypad4x4.c
		_Keypad_Init   		CODE           	2C34	0000	326
		_Keypad_AllRowsHigh		CODE           	3CD0	0000	64

keypad4x4.c estimated size: 390

funcionesGenerales.c
		_config_keypad 		CODE           	3E02	0000	54
		_config_buzzer 		CODE           	3EB8	0000	42
		_config_i2c_lcd		CODE           	3F76	0000	22
		_config_motores		CODE           	33CE	0000	162
		_verificar_condiciones_iniciales		CODE           	3266	0000	194
		_config_perifericos		CODE           	3F28	0000	30
		_sistem_error  		CODE           	3928	0000	110
		_config_ir     		CODE           	3E8E	0000	42
		_config_leds   		CODE           	3FA2	0000	18
		_config_cny70  		CODE           	3512	0000	150

funcionesGenerales.c estimated size: 824

I2C.c
		_I2C1_Read     		CODE           	3096	0000	232
		_I2C1_WaitBusFree		CODE           	3A62	0000	102
		_I2C1_WaitStopRead		CODE           	3996	0000	102
		_I2C1_Init     		CODE           	3B74	0000	80
		_I2C1_WaitStop 		CODE           	36C8	0000	136
		_I2C1_ResetModule		CODE           	3FD2	0000	14
		_I2C1_ClearFlags		CODE           	3FFE	0000	8
		_I2C1_ConfigurePPS		CODE           	3D8C	0000	60
		_I2C1_WaitTxBufferEmpty		CODE           	37CA	0000	122
		_I2C1_Write    		CODE           	2EAA	0000	246
		_I2C1_WaitRxBufferFull		CODE           	3750	0000	122
		_I2C1_WriteSingleByte		CODE           	3F8C	0000	22

I2C.c estimated size: 1246

shared
		_Keypad_ColumnMasks		SMALLCONST     	2611	0000	4
		_Keypad_Map    		SMALLCONST     	2601	0000	16
		__initialization		CODE           	3D10	0000	56
		_full_step_sequence		SMALLCONST     	2619	0000	4
		_Keypad_RowMasks		SMALLCONST     	2615	0000	4

shared estimated size: 84

CNY70.c
		_CNY70_Init    		CODE           	3470	0000	162
		_CNY70_ADC_Init_FOSC64		CODE           	3FB4	0000	16

CNY70.c estimated size: 178

DS1307.c
		_DS1307_IsValidBCD		CODE           	3DC8	0000	58
		_DS1307_ReadDateTime		CODE           	28EE	0000	478
		_DS1307_BCDToDecimal		CODE           	3F5E	0000	24
		_DS1307_ValidateRawData		CODE           	2694	0000	602
		_DS1307_ReadRaw		CODE           	3E38	0000	44
		_DS1307_ReadRegisters		CODE           	38B8	0000	112

DS1307.c estimated size: 1318

maincode.c
		_configuro     		CODE           	3F46	0000	24
		_main          		CODE           	3FE0	0000	12

maincode.c estimated size: 36

Libbuzzer.c
		_Buzzer_Init   		CODE           	2FA0	0000	246
		_Buzzer_PinLow 		CODE           	3BC4	0000	74

Libbuzzer.c estimated size: 320

LCD_I2C.c
		_LCD_I2C_WriteNibble		CODE           	3D4E	0000	62
		_LCD_I2C_SetAddress		CODE           	3F08	0000	32
		_LCD_I2C_UpdateDisplayControl		CODE           	3FEC	0000	10
		_LCD_I2C_Init  		CODE           	2ACC	0000	360
		_LCD_I2C_WriteString		CODE           	3638	0000	144
		_LCD_I2C_SendByte		CODE           	3B1E	0000	86
		_LCD_I2C_Clear 		CODE           	3FF6	0000	8
		_LCD_I2C_WriteChar		CODE           	3E64	0000	42
		_LCD_I2C_ExpanderWrite		CODE           	3FC4	0000	14
		_LCD_I2C_SetCursor		CODE           	3AC8	0000	86
		_LCD_I2C_Command		CODE           	39FC	0000	102

LCD_I2C.c estimated size: 946

irsensor.c
		_IRSensor_Init 		CODE           	317E	0000	232

irsensor.c estimated size: 232

