Microchip MPLAB XC8 Compiler V3.10

Linker command line:

-W-3 \
  --edf=C:\Program Files\Microchip\xc8\v3.10\pic\dat\20250813170317_en.msgs \
  -cn -h+dist/default/production\TF-Micro.X.production.sym \
  --cmf=dist/default/production\TF-Micro.X.production.cmf -z -Q18F57Q43 \
  -oC:\Users\Angel\AppData\Local\Temp\xcAsds.0\driver_tmp_3.o \
  --defsym=__MPLAB_BUILD=1 --fixupoverflow=error \
  -Mdist/default/production/TF-Micro.X.production.map \
  --md=C:\Users\Angel\AppData\Local\Temp\xcAsds.0\driver_tmp_0.dat -E1 \
  -ver=XC8 Compiler -ACODE=00h-01FFFFh -ACONST=00h-01FFFFh \
  -ASMALLCONST=02600h-026FFhx218,012600h-0126FFhx218 \
  -AMEDIUMCONST=02600h-0FFFFh,012600h-01FFFFh -ACOMRAM=0501h-055Fh \
  -AABS1=0500h-024FFh -ABIGRAM=0501h-024FFh \
  -ARAM=0560h-05FFh,0600h-06FFhx31 -ABANK5=0560h-05FFh -ABANK6=0600h-06FFh \
  -ABANK7=0700h-07FFh -ABANK8=0800h-08FFh -ABANK9=0900h-09FFh \
  -ABANK10=0A00h-0AFFh -ABANK11=0B00h-0BFFh -ABANK12=0C00h-0CFFh \
  -ABANK13=0D00h-0DFFh -ABANK14=0E00h-0EFFh -ABANK15=0F00h-0FFFh \
  -ABANK16=01000h-010FFh -ABANK17=01100h-011FFh -ABANK18=01200h-012FFh \
  -ABANK19=01300h-013FFh -ABANK20=01400h-014FFh -ABANK21=01500h-015FFh \
  -ABANK22=01600h-016FFh -ABANK23=01700h-017FFh -ABANK24=01800h-018FFh \
  -ABANK25=01900h-019FFh -ABANK26=01A00h-01AFFh -ABANK27=01B00h-01BFFh \
  -ABANK28=01C00h-01CFFh -ABANK29=01D00h-01DFFh -ABANK30=01E00h-01EFFh \
  -ABANK31=01F00h-01FFFh -ABANK32=02000h-020FFh -ABANK33=02100h-021FFh \
  -ABANK34=02200h-022FFh -ABANK35=02300h-023FFh -ABANK36=02400h-024FFh \
  -ASFR=00h-0FFhx4,0400h-045Fh,0460h-04FFh,02500h-025FFh \
  -ABIGSFR=00h-04FFh,02500h-025FFh -ACONFIG=0300000h-0300011h \
  -AIDLOC=0200000h-020003Fh -AEEDATA=0380000h-03803FFh -peeprom_data=EEDATA \
  -preset_vec=00h -ppowerup=CODE,init -pramtop=02600h \
  -psmallconst=SMALLCONST -pmediumconst=MEDIUMCONST -pconst=CONST \
  -AFARRAM=00h-00h \
  -prdata=COMRAM,nvrram=COMRAM,nvbit=COMRAM,rbss=COMRAM,rbit=COMRAM \
  -pfarbss=FARRAM,fardata=FARRAM,nvFARRAM=FARRAM \
  -pintsave_regs=BIGRAM,bigbss=BIGRAM,bigdata=BIGRAM -pbss=RAM \
  -pidata=CODE,irdata=CODE,ibigdata=CODE,ifardata=CODE -prparam=COMRAM \
  C:\Users\Angel\AppData\Local\Temp\xcAsds.0\driver_tmp_9.o \
  dist/default/production\TF-Micro.X.production.o 

Object code version is 3.11

Machine type is 18F57Q43



                Name                               Link     Load   Length Selector   Space Scale
C:\Users\Angel\AppData\Local\Temp\xcAsds.0\driver_tmp_9.o
                config                           300000   300000        A        0       4
                init                              1FFFC    1FFFC        4     FFFE       0
                reset_vec                             0        0        4        0       0
dist/default/production\TF-Micro.X.production.o
                config                           300000   300000        A        0       4
                mediumconst                        FA70     FA70      590     7D38       0
                text93                            147B6    147B6        8     8000       0
                text92                            1478A    1478A        E     8000       0
                text91                            13F40    13F40       66     8000       0
                text90                            13BDE    13BDE       7A     8000       0
                text89                            13EDA    13EDA       66     8000       0
                text88                            12E4E    12E4E       E8     8000       0
                text87                            139DE    139DE       88     8000       0
                text86                            13B64    13B64       7A     8000       0
                text85                            12C70    12C70       F6     8000       0
                text84                            14724    14724       16     8000       0
                text83                            13CCC    13CCC       70     8000       0
                text82                            145B2    145B2       2C     8000       0
                text81                            146E0    146E0       18     8000       0
                text80                            1444C    1444C       3A     8000       0
                text79                            11A7A    11A7A      25A     8000       0
                text78                            11CD4    11CD4      1DE     8000       0
                text77                            14526    14526       32     8000       0
                text76                            14398    14398       3E     8000       0
                text75                            14486    14486       38     8000       0
                text74                            1413E    1413E       4A     8000       0
                text73                            1477C    1477C        E     8000       0
                text72                            14558    14558       2E     8000       0
                text71                            14188    14188       48     8000       0
                text70                            13528    13528       A4     8000       0
                text69                            13D3C    13D3C       6A     8000       0
                text68                            11EB2    11EB2      1D0     8000       0
                text67                            14586    14586       2C     8000       0
                text66                            133D2    133D2       B0     8000       0
                text65                            13322    13322       B0     8000       0
                text64                            1431A    1431A       40     8000       0
                text63                            13E74    13E74       66     8000       0
                text62                            1300A    1300A       CC     8000       0
                text61                            13A66    13A66       84     8000       0
                text60                            13FFC    13FFC       56     8000       0
                text59                            13E0E    13E0E       66     8000       0
                text58                            147AE    147AE        8     8000       0
                text57                            13FA6    13FA6       56     8000       0
                text56                            14632    14632       2A     8000       0
                text55                            138C6    138C6       90     8000       0
                text54                            13C58    13C58       74     8000       0
                text53                            142DA    142DA       40     8000       0
                text52                            14258    14258       42     8000       0
                text51                            1429A    1429A       40     8000       0
                text50                            13836    13836       90     8000       0
                text49                            14682    14682       26     8000       0
                text48                            1465C    1465C       26     8000       0
                text47                            1222E    1222E      17E     8000       0
                text46                            14052    14052       52     8000       0
                text45                            144F4    144F4       32     8000       0
                text44                            13956    13956       88     8000       0
                text43                            12082    12082      1AC     8000       0
                text42                            14412    14412       3A     8000       0
                text41                            1096E    1096E      5F0     8000       0
                text40                            10000    10000      96E     8000       0
                text39                            130D6    130D6       C8     8000       0
                text38                            1470E    1470E       16     8000       0
                text37                            12F36    12F36       D4     8000       0
                text36                            12918    12918      132     8000       0
                text35                            13DA6    13DA6       68     8000       0
                text34                            1474C    1474C       12     8000       0
                text33                            137A6    137A6       90     8000       0
                text32                            14214    14214       44     8000       0
                text31                            141D0    141D0       44     8000       0
                text30                            1136C    1136C      3D6     8000       0
                text29                            1267A    1267A      158     8000       0
                text28                            13AEA    13AEA       7A     8000       0
                text27                            13262    13262       C0     8000       0
                text26                            10F5E    10F5E      40E     8000       0
                text25                            11742    11742      338     8000       0
                text24                            12514    12514      166     8000       0
                text23                            12B7A    12B7A       F6     8000       0
                text22                            14608    14608       2A     8000       0
                text21                            1475E    1475E       10     8000       0
                text20                            1366E    1366E       A2     8000       0
                text19                            13710    13710       96     8000       0
                text18                            143D6    143D6       3C     8000       0
                text17                            140A4    140A4       50     8000       0
                text16                            1476E    1476E        E     8000       0
                text15                            147A4    147A4        A     8000       0
                text14                            1435A    1435A       3E     8000       0
                text13                            123AC    123AC      168     8000       0
                text12                            146A8    146A8       20     8000       0
                text11                            146F8    146F8       16     8000       0
                text10                            12D66    12D66       E8     8000       0
                text9                             145DE    145DE       2A     8000       0
                text8                             127D2    127D2      146     8000       0
                text7                             144BE    144BE       36     8000       0
                text6                             13482    13482       A6     8000       0
                text5                             1473A    1473A       12     8000       0
                text4                             12A4A    12A4A      130     8000       0
                text3                             135CC    135CC       A2     8000       0
                text2                             1319E    1319E       C4     8000       0
                text1                             146C8    146C8       18     8000       0
                text0                             14798    14798        C     8000       0
                cstackCOMRAM                        501      501       4A      501       1
                bssBANK6                            600      600       5B      600       1
                bssBANK5                            560      560       5F      560       1
                dataCOMRAM                          55C      55C        4      501       1
                bssCOMRAM                           54B      54B       11      501       1
                cinit                             140F4    140F4       4A     8000       0
                idataCOMRAM                       147BE    147BE        4     8000       0

TOTAL           Name                               Link     Load   Length     Space
        CLASS   CODE           
                init                              1FFFC    1FFFC        4         0
                reset_vec                             0        0        4         0
                text93                            147B6    147B6        8         0
                text92                            1478A    1478A        E         0
                text91                            13F40    13F40       66         0
                text90                            13BDE    13BDE       7A         0
                text89                            13EDA    13EDA       66         0
                text88                            12E4E    12E4E       E8         0
                text87                            139DE    139DE       88         0
                text86                            13B64    13B64       7A         0
                text85                            12C70    12C70       F6         0
                text84                            14724    14724       16         0
                text83                            13CCC    13CCC       70         0
                text82                            145B2    145B2       2C         0
                text81                            146E0    146E0       18         0
                text80                            1444C    1444C       3A         0
                text79                            11A7A    11A7A      25A         0
                text78                            11CD4    11CD4      1DE         0
                text77                            14526    14526       32         0
                text76                            14398    14398       3E         0
                text75                            14486    14486       38         0
                text74                            1413E    1413E       4A         0
                text73                            1477C    1477C        E         0
                text72                            14558    14558       2E         0
                text71                            14188    14188       48         0
                text70                            13528    13528       A4         0
                text69                            13D3C    13D3C       6A         0
                text68                            11EB2    11EB2      1D0         0
                text67                            14586    14586       2C         0
                text66                            133D2    133D2       B0         0
                text65                            13322    13322       B0         0
                text64                            1431A    1431A       40         0
                text63                            13E74    13E74       66         0
                text62                            1300A    1300A       CC         0
                text61                            13A66    13A66       84         0
                text60                            13FFC    13FFC       56         0
                text59                            13E0E    13E0E       66         0
                text58                            147AE    147AE        8         0
                text57                            13FA6    13FA6       56         0
                text56                            14632    14632       2A         0
                text55                            138C6    138C6       90         0
                text54                            13C58    13C58       74         0
                text53                            142DA    142DA       40         0
                text52                            14258    14258       42         0
                text51                            1429A    1429A       40         0
                text50                            13836    13836       90         0
                text49                            14682    14682       26         0
                text48                            1465C    1465C       26         0
                text47                            1222E    1222E      17E         0
                text46                            14052    14052       52         0
                text45                            144F4    144F4       32         0
                text44                            13956    13956       88         0
                text43                            12082    12082      1AC         0
                text42                            14412    14412       3A         0
                text41                            1096E    1096E      5F0         0
                text40                            10000    10000      96E         0
                text39                            130D6    130D6       C8         0
                text38                            1470E    1470E       16         0
                text37                            12F36    12F36       D4         0
                text36                            12918    12918      132         0
                text35                            13DA6    13DA6       68         0
                text34                            1474C    1474C       12         0
                text33                            137A6    137A6       90         0
                text32                            14214    14214       44         0
                text31                            141D0    141D0       44         0
                text30                            1136C    1136C      3D6         0
                text29                            1267A    1267A      158         0
                text28                            13AEA    13AEA       7A         0
                text27                            13262    13262       C0         0
                text26                            10F5E    10F5E      40E         0
                text25                            11742    11742      338         0
                text24                            12514    12514      166         0
                text23                            12B7A    12B7A       F6         0
                text22                            14608    14608       2A         0
                text21                            1475E    1475E       10         0
                text20                            1366E    1366E       A2         0
                text19                            13710    13710       96         0
                text18                            143D6    143D6       3C         0
                text17                            140A4    140A4       50         0
                text16                            1476E    1476E        E         0
                text15                            147A4    147A4        A         0
                text14                            1435A    1435A       3E         0
                text13                            123AC    123AC      168         0
                text12                            146A8    146A8       20         0
                text11                            146F8    146F8       16         0
                text10                            12D66    12D66       E8         0
                text9                             145DE    145DE       2A         0
                text8                             127D2    127D2      146         0
                text7                             144BE    144BE       36         0
                text6                             13482    13482       A6         0
                text5                             1473A    1473A       12         0
                text4                             12A4A    12A4A      130         0
                text3                             135CC    135CC       A2         0
                text2                             1319E    1319E       C4         0
                text1                             146C8    146C8       18         0
                text0                             14798    14798        C         0
                cinit                             140F4    140F4       4A         0
                idataCOMRAM                       147BE    147BE        4         0

        CLASS   CONST          

        CLASS   SMALLCONST     

        CLASS   MEDIUMCONST    
                mediumconst                        FA70     FA70      590         0

        CLASS   COMRAM         
                cstackCOMRAM                        501      501       4A         1
                dataCOMRAM                          55C      55C        4         1
                bssCOMRAM                           54B      54B       11         1

        CLASS   ABS1           

        CLASS   BIGRAM         

        CLASS   RAM            

        CLASS   BANK5          
                bssBANK5                            560      560       5F         1

        CLASS   BANK6          
                bssBANK6                            600      600       5B         1

        CLASS   BANK7          

        CLASS   BANK8          

        CLASS   BANK9          

        CLASS   BANK10         

        CLASS   BANK11         

        CLASS   BANK12         

        CLASS   BANK13         

        CLASS   BANK14         

        CLASS   BANK15         

        CLASS   BANK16         

        CLASS   BANK17         

        CLASS   BANK18         

        CLASS   BANK19         

        CLASS   BANK20         

        CLASS   BANK21         

        CLASS   BANK22         

        CLASS   BANK23         

        CLASS   BANK24         

        CLASS   BANK25         

        CLASS   BANK26         

        CLASS   BANK27         

        CLASS   BANK28         

        CLASS   BANK29         

        CLASS   BANK30         

        CLASS   BANK31         

        CLASS   BANK32         

        CLASS   BANK33         

        CLASS   BANK34         

        CLASS   BANK35         

        CLASS   BANK36         

        CLASS   SFR            

        CLASS   BIGSFR         

        CLASS   CONFIG         
                config                           300000   300000        A         4

        CLASS   IDLOC          

        CLASS   EEDATA         

        CLASS   FARRAM         

        CLASS   HEAP           

        CLASS   STACK          



SEGMENTS        Name                           Load    Length   Top    Selector   Space  Class

                reset_vec                      000000  000004  000004         0       0  CODE    
                cstackCOMRAM                   000501  00005F  000560       501       1  COMRAM  
                bssBANK5                       000560  00005F  0005BF       560       1  BANK5   
                bssBANK6                       000600  00005B  00065B       600       1  BANK6   
                mediumconst                    00FA70  000590  010000      7D38       0  MEDIUMCO
                text40                         010000  0047C2  0147C2      8000       0  CODE    
                init                           01FFFC  000004  020000      FFFE       0  CODE    


UNUSED ADDRESS RANGES

        Name                Unused          Largest block    Delta
        BANK10           000A00-000AFF              100
        BANK11           000B00-000BFF              100
        BANK12           000C00-000CFF              100
        BANK13           000D00-000DFF              100
        BANK14           000E00-000EFF              100
        BANK15           000F00-000FFF              100
        BANK16           001000-0010FF              100
        BANK17           001100-0011FF              100
        BANK18           001200-0012FF              100
        BANK19           001300-0013FF              100
        BANK20           001400-0014FF              100
        BANK21           001500-0015FF              100
        BANK22           001600-0016FF              100
        BANK23           001700-0017FF              100
        BANK24           001800-0018FF              100
        BANK25           001900-0019FF              100
        BANK26           001A00-001AFF              100
        BANK27           001B00-001BFF              100
        BANK28           001C00-001CFF              100
        BANK29           001D00-001DFF              100
        BANK30           001E00-001EFF              100
        BANK31           001F00-001FFF              100
        BANK32           002000-0020FF              100
        BANK33           002100-0021FF              100
        BANK34           002200-0022FF              100
        BANK35           002300-0023FF              100
        BANK36           002400-0024FF              100
        BANK5            0005BF-0005FF               41
        BANK6            00065B-0006FF               A5
        BANK7            000700-0007FF              100
        BANK8            000800-0008FF              100
        BANK9            000900-0009FF              100
        BIGRAM           0005BF-0005FF               41
                         00065B-0024FF             1EA5
        BIGSFR           000000-0004FF              500
                         002500-0025FF              100
        CODE             000004-00FA6F             FA6C
                         0147C2-01FFFB             B83A
        CONFIG           30000A-300011                8
        CONST            000004-00FA6F             FA6C
                         0147C2-01FFFB             B83A
        EEDATA           380000-3803FF              400
        IDLOC            200000-20003F               40
        MEDIUMCONST      002600-00FA6F             D470
                         0147C2-01FFFB             B83A
        RAM              0005BF-0005FF               41
                         00065B-0024FF              100
        SFR              000000-0004FF              100
                         002500-0025FF              100
        SMALLCONST       002600-00FA6F              100
                         0147C2-01FFFB              100

                                  Symbol Table

?___awdiv                                            cstackCOMRAM 000501
?___lldiv                                            cstackCOMRAM 00050D
?___llmod                                            cstackCOMRAM 00051A
?___lmul                                             cstackCOMRAM 000501
Buzzer_ButtonClick@buzzer                            cstackCOMRAM 000535
Buzzer_CorrectSound@buzzer                           cstackCOMRAM 000535
Buzzer_DelayUs@time_us                               cstackCOMRAM 000501
Buzzer_ErrorSound@buzzer                             cstackCOMRAM 000535
Buzzer_Init@ansel                                    cstackCOMRAM 00050E
Buzzer_Init@buzzer                                   cstackCOMRAM 000508
Buzzer_Init@lat                                      cstackCOMRAM 00050A
Buzzer_Init@pin_mask                                 cstackCOMRAM 000510
Buzzer_Init@tris                                     cstackCOMRAM 00050C
Buzzer_Off@buzzer                                    cstackCOMRAM 000508
Buzzer_PinHigh@buzzer                                cstackCOMRAM 000501
Buzzer_PinLow@buzzer                                 cstackCOMRAM 000501
Buzzer_Tone@buzzer                                   cstackCOMRAM 00051A
Buzzer_Tone@cycles                                   cstackCOMRAM 000521
Buzzer_Tone@duty                                     cstackCOMRAM 000520
Buzzer_Tone@freq                                     cstackCOMRAM 00051C
Buzzer_Tone@high_time_us                             cstackCOMRAM 000531
Buzzer_Tone@i                                        cstackCOMRAM 000525
Buzzer_Tone@low_time_us                              cstackCOMRAM 000529
Buzzer_Tone@period_us                                cstackCOMRAM 00052D
Buzzer_Tone@time_ms                                  cstackCOMRAM 00051E
Buzzer_WarningSound@buzzer                           cstackCOMRAM 000535
CNY70_Init@adc_channel                               cstackCOMRAM 000508
CNY70_Init@ansel                                     cstackCOMRAM 000505
CNY70_Init@pin_mask                                  cstackCOMRAM 000507
CNY70_Init@sensor                                    cstackCOMRAM 000501
CNY70_Init@tris                                      cstackCOMRAM 000503
DS1307_BCDToDecimal@value_bcd                        cstackCOMRAM 000502
DS1307_IsValidBCD@tens                               cstackCOMRAM 000501
DS1307_IsValidBCD@units                              cstackCOMRAM 000502
DS1307_IsValidBCD@value_bcd                          cstackCOMRAM 000503
DS1307_ReadDateTime@date_time                        cstackCOMRAM 000512
DS1307_ReadDateTime@raw_data                         cstackCOMRAM 000517
DS1307_ReadDateTime@status                           cstackCOMRAM 00051E
DS1307_ReadRaw@raw_data                              cstackCOMRAM 000510
DS1307_ReadRegisters@data                            cstackCOMRAM 00050B
DS1307_ReadRegisters@length                          cstackCOMRAM 00050D
DS1307_ReadRegisters@start_register                  cstackCOMRAM 00050E
DS1307_ReadRegisters@status                          cstackCOMRAM 00050F
DS1307_ValidateRawData@date                          cstackCOMRAM 00050D
DS1307_ValidateRawData@date_bcd                      cstackCOMRAM 00050B
DS1307_ValidateRawData@hours                         cstackCOMRAM 000511
DS1307_ValidateRawData@hours_bcd                     cstackCOMRAM 000510
DS1307_ValidateRawData@minutes                       cstackCOMRAM 000508
DS1307_ValidateRawData@minutes_bcd                   cstackCOMRAM 00050A
DS1307_ValidateRawData@month                         cstackCOMRAM 00050E
DS1307_ValidateRawData@month_bcd                     cstackCOMRAM 00050C
DS1307_ValidateRawData@raw_data                      cstackCOMRAM 000504
DS1307_ValidateRawData@seconds                       cstackCOMRAM 000507
DS1307_ValidateRawData@seconds_bcd                   cstackCOMRAM 000509
DS1307_ValidateRawData@weekday                       cstackCOMRAM 00050F
DS1307_ValidateRawData@year_bcd                      cstackCOMRAM 000506
Detallar_CantPastillas@F17639                        mediumconst  00FA89
Detallar_CantPastillas@tecla                         cstackCOMRAM 000539
Detallar_CantPastillas@ubicacion_memoria             cstackCOMRAM 000535
Detallar_Horarios@hora                               cstackCOMRAM 000530
Detallar_Horarios@minuto                             cstackCOMRAM 000532
Detallar_Horarios@numero                             cstackCOMRAM 000536
Detallar_Horarios@tipo                               cstackCOMRAM 000534
EEPROM_ReadByte@address                              cstackCOMRAM 00050B
EEPROM_SetAddress@address                            cstackCOMRAM 000501
EEPROM_SetAddress@real_address                       cstackCOMRAM 000507
EEPROM_UpdateByte@address                            cstackCOMRAM 00050E
EEPROM_UpdateByte@data                               cstackCOMRAM 000510
EEPROM_UpdateByte@old_data                           cstackCOMRAM 000511
EEPROM_WriteByte@address                             cstackCOMRAM 00050B
EEPROM_WriteByte@data                                cstackCOMRAM 00050D
Guardar_CantPastillas@F17635                         mediumconst  00FA8D
Guardar_CantPastillas@cantidad_a_sumar               cstackCOMRAM 000530
Guardar_CantPastillas@pastillero_selecionado         cstackCOMRAM 000538
Guardar_CantPastillas@ubicacion_memoria              cstackCOMRAM 000534
I2C1_ConfigurePPS@previousGie                        cstackCOMRAM 000501
I2C1_Read@address7                                   cstackCOMRAM 000506
I2C1_Read@data                                       cstackCOMRAM 000503
I2C1_Read@index                                      cstackCOMRAM 000507
I2C1_Read@length                                     cstackCOMRAM 000505
I2C1_Read@status                                     cstackCOMRAM 000508
I2C1_WaitBusFree@timeout                             cstackCOMRAM 000501
I2C1_WaitRxBufferFull@timeout                        cstackCOMRAM 000501
I2C1_WaitStop@timeout                                cstackCOMRAM 000501
I2C1_WaitStopRead@timeout                            cstackCOMRAM 000501
I2C1_WaitTxBufferEmpty@timeout                       cstackCOMRAM 000501
I2C1_Write@address7                                  cstackCOMRAM 000506
I2C1_Write@data                                      cstackCOMRAM 000503
I2C1_Write@index                                     cstackCOMRAM 000507
I2C1_Write@length                                    cstackCOMRAM 000505
I2C1_Write@status                                    cstackCOMRAM 000508
I2C1_WriteSingleByte@address7                        cstackCOMRAM 00050A
I2C1_WriteSingleByte@data                            cstackCOMRAM 000509
IRSensor_Init@ansel                                  cstackCOMRAM 000507
IRSensor_Init@pin_mask                               cstackCOMRAM 000509
IRSensor_Init@port                                   cstackCOMRAM 000503
IRSensor_Init@sensor                                 cstackCOMRAM 000501
IRSensor_Init@tris                                   cstackCOMRAM 000505
Keypad_ActivateRow@keypad                            cstackCOMRAM 000507
Keypad_ActivateRow@row                               cstackCOMRAM 000509
Keypad_AllRowsHigh@keypad                            cstackCOMRAM 000501
Keypad_Init@ansel                                    cstackCOMRAM 00050F
Keypad_Init@keypad                                   cstackCOMRAM 000507
Keypad_Init@lat                                      cstackCOMRAM 00050B
Keypad_Init@port                                     cstackCOMRAM 000509
Keypad_Init@tris                                     cstackCOMRAM 00050D
Keypad_Init@wpu                                      cstackCOMRAM 000511
Keypad_Read@confirmed_key                            cstackCOMRAM 000519
Keypad_Read@detected_key                             cstackCOMRAM 00051A
Keypad_Read@keypad                                   cstackCOMRAM 000516
Keypad_Scan@column                                   cstackCOMRAM 000515
Keypad_Scan@keypad                                   cstackCOMRAM 00050F
Keypad_Scan@row                                      cstackCOMRAM 000514
LCD_I2C_Command@command                              cstackCOMRAM 000514
LCD_I2C_Command@status                               cstackCOMRAM 000513
LCD_I2C_CreateChar@index                             cstackCOMRAM 000518
LCD_I2C_CreateChar@pattern                           cstackCOMRAM 000515
LCD_I2C_CreateChar@position                          cstackCOMRAM 000517
LCD_I2C_CreateChar@status                            cstackCOMRAM 000519
LCD_I2C_CreateSolidPixel@F17470                      mediumconst  00FA81
LCD_I2C_CreateSolidPixel@cgram_position              cstackCOMRAM 000522
LCD_I2C_CreateSolidPixel@solid_pixel                 cstackCOMRAM 00051A
LCD_I2C_ExpanderWrite@value                          cstackCOMRAM 00050B
LCD_I2C_Init@status                                  cstackCOMRAM 000517
LCD_I2C_SendByte@block                               cstackCOMRAM 00050A
LCD_I2C_SendByte@control                             cstackCOMRAM 000511
LCD_I2C_SendByte@highNibble                          cstackCOMRAM 00050F
LCD_I2C_SendByte@lowNibble                           cstackCOMRAM 000510
LCD_I2C_SendByte@rs                                  cstackCOMRAM 000509
LCD_I2C_SendByte@value                               cstackCOMRAM 00050E
LCD_I2C_SetAddress@address7                          cstackCOMRAM 000501
LCD_I2C_SetCursor@column                             cstackCOMRAM 000515
LCD_I2C_SetCursor@row                                cstackCOMRAM 000516
LCD_I2C_SetCursor@rowAddress                         cstackCOMRAM 000517
LCD_I2C_WriteChar@character                          cstackCOMRAM 000512
LCD_I2C_WriteChar@status                             cstackCOMRAM 000513
LCD_I2C_WriteFixedUnsigned@decimals                  cstackCOMRAM 000526
LCD_I2C_WriteFixedUnsigned@digit                     cstackCOMRAM 000527
LCD_I2C_WriteFixedUnsigned@digits                    cstackCOMRAM 000525
LCD_I2C_WriteFixedUnsigned@divisor                   cstackCOMRAM 000529
LCD_I2C_WriteFixedUnsigned@index                     cstackCOMRAM 000528
LCD_I2C_WriteFixedUnsigned@number                    cstackCOMRAM 000523
LCD_I2C_WriteFixedUnsigned@status                    cstackCOMRAM 00052D
LCD_I2C_WriteNibble@base                             cstackCOMRAM 00050D
LCD_I2C_WriteNibble@block                            cstackCOMRAM 00050B
LCD_I2C_WriteNibble@nibble                           cstackCOMRAM 00050A
LCD_I2C_WriteNibble@rs                               cstackCOMRAM 000509
LCD_I2C_WriteString@status                           cstackCOMRAM 000516
LCD_I2C_WriteString@text                             cstackCOMRAM 000514
LCD_I2C_WriteStringN@index                           cstackCOMRAM 00051A
LCD_I2C_WriteStringN@length                          cstackCOMRAM 000516
LCD_I2C_WriteStringN@status                          cstackCOMRAM 000519
LCD_I2C_WriteStringN@text                            cstackCOMRAM 000514
LCD_I2C_WriteUInt16@decimals                         cstackCOMRAM 000531
LCD_I2C_WriteUInt16@digits                           cstackCOMRAM 000530
LCD_I2C_WriteUInt16@number                           cstackCOMRAM 00052E
LCD_I2C_WriteUInt8@digits                            cstackCOMRAM 00052E
LCD_I2C_WriteUInt8@number                            cstackCOMRAM 00052F
MostrarAnimacionCarga@columna                        cstackCOMRAM 000523
MostrarAnimacionCarga@fila                           cstackCOMRAM 000526
MostrarAnimacionCarga@index                          cstackCOMRAM 000527
RecorrerEEPROM@x                                     cstackCOMRAM 00050D
Stepper_Init@ansel                                   cstackCOMRAM 000507
Stepper_Init@lat                                     cstackCOMRAM 000503
Stepper_Init@motor                                   cstackCOMRAM 000501
Stepper_Init@nibble                                  cstackCOMRAM 000509
Stepper_Init@tris                                    cstackCOMRAM 000505
SubProceso_AgregarHorario@hora                       cstackCOMRAM 00053B
SubProceso_AgregarHorario@index_horarios_ocupados    cstackCOMRAM 000540
SubProceso_AgregarHorario@pastillero_selecionado     cstackCOMRAM 00053F
SubProceso_AgregarHorario@x                          cstackCOMRAM 000541
SubProceso_ManejoErrores@mensaje                     cstackCOMRAM 000539
SubProceso_ManejoErrores@nivel_error                 cstackCOMRAM 00053B
SubProceso_MenuLCD@index                             cstackCOMRAM 000547
SubProceso_ModificarHorario@hora_modificada          cstackCOMRAM 00053C
SubProceso_ModificarHorario@horario_selecionado      cstackCOMRAM 000541
SubProceso_ModificarHorario@pastillero_modificado    cstackCOMRAM 00053B
SubProceso_ModificarHorario@x                        cstackCOMRAM 000540
SubProceso_RegistrarPastillas@cantidad_a_sumar       cstackCOMRAM 00053C
SubProceso_RegistrarPastillas@pastillero_selecionado cstackCOMRAM 00053D
SubProceso_VerHorarios@cant_horarios                 cstackCOMRAM 000541
SubProceso_VerHorarios@horarios_por_pagina           cstackCOMRAM 000540
SubProceso_VerHorarios@pagina                        cstackCOMRAM 000542
SubProceso_VerHorarios@paginas_max                   cstackCOMRAM 00053F
SubProceso_VerHorarios@x                             cstackCOMRAM 000543
SubProceso_VerHorarios@y                             cstackCOMRAM 000544
WS2812B_Clear@tira                                   cstackCOMRAM 000510
WS2812B_Init@i                                       cstackCOMRAM 000506
WS2812B_Init@num_leds                                cstackCOMRAM 000503
WS2812B_Init@tira                                    cstackCOMRAM 000501
WS2812B_RGB@blue                                     cstackCOMRAM 000514
WS2812B_RGB@green                                    cstackCOMRAM 000513
WS2812B_RGB@red                                      cstackCOMRAM 000512
WS2812B_RGB@tira                                     cstackCOMRAM 000510
WS2812B_SendBit@bit_value                            cstackCOMRAM 000501
WS2812B_SendByte@data                                cstackCOMRAM 000502
WS2812B_SendByte@mask                                cstackCOMRAM 000503
WS2812B_SetAll@blue                                  cstackCOMRAM 00050D
WS2812B_SetAll@green                                 cstackCOMRAM 00050C
WS2812B_SetAll@i                                     cstackCOMRAM 00050F
WS2812B_SetAll@red                                   cstackCOMRAM 00050B
WS2812B_SetAll@tira                                  cstackCOMRAM 000509
WS2812B_SetPixel@blue                                cstackCOMRAM 000506
WS2812B_SetPixel@green                               cstackCOMRAM 000505
WS2812B_SetPixel@led                                 cstackCOMRAM 000503
WS2812B_SetPixel@red                                 cstackCOMRAM 000504
WS2812B_SetPixel@tira                                cstackCOMRAM 000501
WS2812B_Show@i                                       cstackCOMRAM 000508
WS2812B_Show@tira                                    cstackCOMRAM 000504
_ADCLK                                               (abs)        0003FA
_ADCON0                                              (abs)        0003F3
_ADCON0bits                                          (abs)        0003F3
_ADPCH                                               (abs)        0003EC
_ADREF                                               (abs)        0003F8
_ADRESH                                              (abs)        0003EB
_ADRESL                                              (abs)        0003EA
_ANSELA                                              (abs)        000400
_ANSELB                                              (abs)        000408
_ANSELC                                              (abs)        000410
_ANSELCbits                                          (abs)        000410
_ANSELD                                              (abs)        000418
_ANSELEbits                                          (abs)        000420
_ANSELF                                              (abs)        000428
_Buzzer_ButtonClick                                  text67       014586
_Buzzer_CorrectSound                                 text39       0130D6
_Buzzer_DelayUs                                      text72       014558
_Buzzer_ErrorSound                                   text66       0133D2
_Buzzer_Init                                         text23       012B7A
_Buzzer_Off                                          text73       01477C
_Buzzer_PinHigh                                      text71       014188
_Buzzer_PinLow                                       text74       01413E
_Buzzer_Tone                                         text68       011EB2
_Buzzer_WarningSound                                 text65       013322
_CNY70_ADC_Init_FOSC64                               text21       01475E
_CNY70_Init                                          text20       01366E
_DS1307_BCDToDecimal                                 text81       0146E0
_DS1307_IsValidBCD                                   text80       01444C
_DS1307_ReadDateTime                                 text78       011CD4
_DS1307_ReadRaw                                      text82       0145B2
_DS1307_ReadRegisters                                text83       013CCC
_DS1307_ValidateRawData                              text79       011A7A
_Detallar_CantPastillas                              text37       012F36
_Detallar_Horarios                                   text28       013AEA
_EEPROM_ReadByte                                     text76       014398
_EEPROM_SetAddress                                   text77       014526
_EEPROM_UpdateByte                                   text45       0144F4
_EEPROM_WriteByte                                    text46       014052
_Guardar_CantPastillas                               text36       012918
_I2C1ADB1                                            (abs)        00028F
_I2C1BTO                                             (abs)        00029D
_I2C1CLK                                             (abs)        00029C
_I2C1CNT                                             (abs)        00028D
_I2C1CON0                                            (abs)        000294
_I2C1CON0bits                                        (abs)        000294
_I2C1CON1                                            (abs)        000295
_I2C1CON1bits                                        (abs)        000295
_I2C1CON2                                            (abs)        000296
_I2C1ERR                                             (abs)        000297
_I2C1ERRbits                                         (abs)        000297
_I2C1PIE                                             (abs)        00029B
_I2C1PIR                                             (abs)        00029A
_I2C1PIRbits                                         (abs)        00029A
_I2C1RXB                                             (abs)        00028B
_I2C1SCLPPS                                          (abs)        000271
_I2C1SDAPPS                                          (abs)        000270
_I2C1STAT0bits                                       (abs)        000298
_I2C1STAT1bits                                       (abs)        000299
_I2C1TXB                                             (abs)        00028C
_I2C1_ClearFlags                                     text93       0147B6
_I2C1_ConfigurePPS                                   text18       0143D6
_I2C1_Init                                           text17       0140A4
_I2C1_LastStatus                                     bssCOMRAM    000554
_I2C1_Read                                           text88       012E4E
_I2C1_ResetModule                                    text92       01478A
_I2C1_WaitBusFree                                    text91       013F40
_I2C1_WaitRxBufferFull                               text90       013BDE
_I2C1_WaitStop                                       text87       0139DE
_I2C1_WaitStopRead                                   text89       013EDA
_I2C1_WaitTxBufferEmpty                              text86       013B64
_I2C1_Write                                          text85       012C70
_I2C1_WriteSingleByte                                text84       014724
_INTCON0bits                                         (abs)        0004D6
_IRSensor_Init                                       text10       012D66
_Keypad_ActivateRow                                  text63       013E74
_Keypad_AllRowsHigh                                  text64       01431A
_Keypad_ColumnMasks                                  mediumconst  00FA91
_Keypad_Init                                         text8        0127D2
_Keypad_Map                                          mediumconst  00FA71
_Keypad_Read                                         text61       013A66
_Keypad_RowMasks                                     mediumconst  00FA95
_Keypad_Scan                                         text62       01300A
_LATA                                                (abs)        0004BE
_LATB                                                (abs)        0004BF
_LATC                                                (abs)        0004C0
_LATCbits                                            (abs)        0004C0
_LATD                                                (abs)        0004C1
_LCD_I2C_Clear                                       text58       0147AE
_LCD_I2C_ClearFile                                   text34       01474C
_LCD_I2C_Command                                     text59       013E0E
_LCD_I2C_CreateChar                                  text33       0137A6
_LCD_I2C_CreateSolidPixel                            text32       014214
_LCD_I2C_ExpanderWrite                               text16       01476E
_LCD_I2C_Init                                        text13       0123AC
_LCD_I2C_SendByte                                    text60       013FFC
_LCD_I2C_SetAddress                                  text12       0146A8
_LCD_I2C_SetCursor                                   text57       013FA6
_LCD_I2C_UpdateDisplayControl                        text15       0147A4
_LCD_I2C_WriteChar                                   text56       014632
_LCD_I2C_WriteFixedUnsigned                          text43       012082
_LCD_I2C_WriteNibble                                 text14       01435A
_LCD_I2C_WriteString                                 text55       0138C6
_LCD_I2C_WriteStringN                                text35       013DA6
_LCD_I2C_WriteUInt16                                 text38       01470E
_LCD_I2C_WriteUInt8                                  text42       014412
_MostrarAnimacionCarga                               text31       0141D0
_NVMADRH                                             (abs)        000044
_NVMADRL                                             (abs)        000043
_NVMADRU                                             (abs)        000045
_NVMCON0bits                                         (abs)        000040
_NVMCON1bits                                         (abs)        000041
_NVMDATL                                             (abs)        000046
_NVMLOCK                                             (abs)        000042
_ODCONCbits                                          (abs)        000412
_OSCCON1                                             (abs)        0000AD
_OSCEN                                               (abs)        0000B3
_OSCFRQ                                              (abs)        0000B1
_PORTD                                               (abs)        0004D1
_PORTEbits                                           (abs)        0004D2
_PORTF                                               (abs)        0004D3
_PPSLOCK                                             (abs)        000200
_PPSLOCKbits                                         (abs)        000200
_RC3I2Cbits                                          (abs)        000287
_RC3PPS                                              (abs)        000214
_RC4I2Cbits                                          (abs)        000286
_RC4PPS                                              (abs)        000215
_RecorrerEEPROM                                      text75       014486
_Stepper_Init                                        text4        012A4A
_SubProceso_AgregarHorario                           text41       01096E
_SubProceso_CondicionesIniciales                     text24       012514
_SubProceso_ManejoErrores                            text47       01222E
_SubProceso_MenuLCD                                  text25       011742
_SubProceso_ModificarHorario                         text40       010000
_SubProceso_RegistrarPastillas                       text30       01136C
_SubProceso_ResetSistema                             text29       01267A
_SubProceso_VerHorarios                              text26       010F5E
_TRISA                                               (abs)        0004C6
_TRISB                                               (abs)        0004C7
_TRISC                                               (abs)        0004C8
_TRISCbits                                           (abs)        0004C8
_TRISD                                               (abs)        0004C9
_TRISEbits                                           (abs)        0004CA
_TRISF                                               (abs)        0004CB
_WPUD                                                (abs)        000419
_WPUEbits                                            (abs)        000421
_WS2812B_Clear                                       text49       014682
_WS2812B_Init                                        text6        013482
_WS2812B_RGB                                         text48       01465C
_WS2812B_SendBit                                     text52       014258
_WS2812B_SendByte                                    text51       01429A
_WS2812B_SetAll                                      text53       0142DA
_WS2812B_SetPixel                                    text54       013C58
_WS2812B_Show                                        text50       013836
__HRAM                                               (abs)        000000
__H__absolute__                                      __absolute__ 000000
__Habs1                                              abs1         000000
__Hbank10                                            bank10       000000
__Hbank11                                            bank11       000000
__Hbank12                                            bank12       000000
__Hbank13                                            bank13       000000
__Hbank14                                            bank14       000000
__Hbank15                                            bank15       000000
__Hbank16                                            bank16       000000
__Hbank17                                            bank17       000000
__Hbank18                                            bank18       000000
__Hbank19                                            bank19       000000
__Hbank20                                            bank20       000000
__Hbank21                                            bank21       000000
__Hbank22                                            bank22       000000
__Hbank23                                            bank23       000000
__Hbank24                                            bank24       000000
__Hbank25                                            bank25       000000
__Hbank26                                            bank26       000000
__Hbank27                                            bank27       000000
__Hbank28                                            bank28       000000
__Hbank29                                            bank29       000000
__Hbank30                                            bank30       000000
__Hbank31                                            bank31       000000
__Hbank32                                            bank32       000000
__Hbank33                                            bank33       000000
__Hbank34                                            bank34       000000
__Hbank35                                            bank35       000000
__Hbank36                                            bank36       000000
__Hbank5                                             bank5        000000
__Hbank6                                             bank6        000000
__Hbank7                                             bank7        000000
__Hbank8                                             bank8        000000
__Hbank9                                             bank9        000000
__Hbigbss                                            bigbss       000000
__Hbigdata                                           bigdata      000000
__Hbigram                                            bigram       000000
__Hbigsfr                                            bigsfr       000000
__Hbss                                               bss          000000
__HbssBANK5                                          bssBANK5     000000
__HbssBANK6                                          bssBANK6     000000
__HbssCOMRAM                                         bssCOMRAM    000000
__Hcinit                                             cinit        000000
__Hclrtext                                           clrtext      000000
__Hcomram                                            comram       000000
__Hconfig                                            config       30000A
__Hconst                                             const        000000
__HcstackCOMRAM                                      cstackCOMRAM 000000
__Hdata                                              data         000000
__HdataCOMRAM                                        dataCOMRAM   000000
__Heeprom_data                                       eeprom_data  000000
__Hfarbss                                            farbss       000000
__Hfardata                                           fardata      000000
__Hheap                                              heap         000000
__Hibigdata                                          ibigdata     000000
__Hidata                                             idata        000000
__HidataCOMRAM                                       idataCOMRAM  000000
__Hidloc                                             idloc        000000
__Hifardata                                          ifardata     000000
__Hinit                                              init         020000
__Hintsave_regs                                      intsave_regs 000000
__Hirdata                                            irdata       000000
__Hmediumconst                                       mediumconst  010000
__HnvFARRAM                                          nvFARRAM     000000
__Hnvbit                                             nvbit        000000
__Hnvrram                                            nvrram       000000
__Hparam                                             rparam       000000
__Hpowerup                                           powerup      000000
__Hram                                               ram          000000
__Hramtop                                            ramtop       002600
__Hrbit                                              rbit         000000
__Hrbss                                              rbss         000000
__Hrdata                                             rdata        000000
__Hreset_vec                                         reset_vec    000004
__Hrparam                                            rparam       000000
__Hsfr                                               sfr          000000
__Hsmallconst                                        smallconst   000000
__Hspace_0                                           (abs)        020000
__Hspace_1                                           (abs)        00065B
__Hspace_2                                           (abs)        000000
__Hspace_4                                           (abs)        60000A
__Hstack                                             stack        000000
__Hstruct                                            struct       000000
__Htemp                                              temp         000000
__Htext                                              text         000000
__Htext0                                             text0        000000
__Htext1                                             text1        000000
__Htext10                                            text10       000000
__Htext11                                            text11       000000
__Htext12                                            text12       000000
__Htext13                                            text13       000000
__Htext14                                            text14       000000
__Htext15                                            text15       000000
__Htext16                                            text16       000000
__Htext17                                            text17       000000
__Htext18                                            text18       000000
__Htext19                                            text19       000000
__Htext2                                             text2        000000
__Htext20                                            text20       000000
__Htext21                                            text21       000000
__Htext22                                            text22       000000
__Htext23                                            text23       000000
__Htext24                                            text24       000000
__Htext25                                            text25       000000
__Htext26                                            text26       000000
__Htext27                                            text27       000000
__Htext28                                            text28       000000
__Htext29                                            text29       000000
__Htext3                                             text3        000000
__Htext30                                            text30       000000
__Htext31                                            text31       000000
__Htext32                                            text32       000000
__Htext33                                            text33       000000
__Htext34                                            text34       000000
__Htext35                                            text35       000000
__Htext36                                            text36       000000
__Htext37                                            text37       000000
__Htext38                                            text38       000000
__Htext39                                            text39       000000
__Htext4                                             text4        000000
__Htext40                                            text40       000000
__Htext41                                            text41       000000
__Htext42                                            text42       000000
__Htext43                                            text43       000000
__Htext44                                            text44       000000
__Htext45                                            text45       000000
__Htext46                                            text46       000000
__Htext47                                            text47       000000
__Htext48                                            text48       000000
__Htext49                                            text49       000000
__Htext5                                             text5        000000
__Htext50                                            text50       000000
__Htext51                                            text51       000000
__Htext52                                            text52       000000
__Htext53                                            text53       000000
__Htext54                                            text54       000000
__Htext55                                            text55       000000
__Htext56                                            text56       000000
__Htext57                                            text57       000000
__Htext58                                            text58       000000
__Htext59                                            text59       000000
__Htext6                                             text6        000000
__Htext60                                            text60       000000
__Htext61                                            text61       000000
__Htext62                                            text62       000000
__Htext63                                            text63       000000
__Htext64                                            text64       000000
__Htext65                                            text65       000000
__Htext66                                            text66       000000
__Htext67                                            text67       000000
__Htext68                                            text68       000000
__Htext69                                            text69       000000
__Htext7                                             text7        000000
__Htext70                                            text70       000000
__Htext71                                            text71       000000
__Htext72                                            text72       000000
__Htext73                                            text73       000000
__Htext74                                            text74       000000
__Htext75                                            text75       000000
__Htext76                                            text76       000000
__Htext77                                            text77       000000
__Htext78                                            text78       000000
__Htext79                                            text79       000000
__Htext8                                             text8        000000
__Htext80                                            text80       000000
__Htext81                                            text81       000000
__Htext82                                            text82       000000
__Htext83                                            text83       000000
__Htext84                                            text84       000000
__Htext85                                            text85       000000
__Htext86                                            text86       000000
__Htext87                                            text87       000000
__Htext88                                            text88       000000
__Htext89                                            text89       000000
__Htext9                                             text9        000000
__Htext90                                            text90       000000
__Htext91                                            text91       000000
__Htext92                                            text92       000000
__Htext93                                            text93       000000
__LRAM                                               (abs)        000001
__L__absolute__                                      __absolute__ 000000
__Labs1                                              abs1         000000
__Lbank10                                            bank10       000000
__Lbank11                                            bank11       000000
__Lbank12                                            bank12       000000
__Lbank13                                            bank13       000000
__Lbank14                                            bank14       000000
__Lbank15                                            bank15       000000
__Lbank16                                            bank16       000000
__Lbank17                                            bank17       000000
__Lbank18                                            bank18       000000
__Lbank19                                            bank19       000000
__Lbank20                                            bank20       000000
__Lbank21                                            bank21       000000
__Lbank22                                            bank22       000000
__Lbank23                                            bank23       000000
__Lbank24                                            bank24       000000
__Lbank25                                            bank25       000000
__Lbank26                                            bank26       000000
__Lbank27                                            bank27       000000
__Lbank28                                            bank28       000000
__Lbank29                                            bank29       000000
__Lbank30                                            bank30       000000
__Lbank31                                            bank31       000000
__Lbank32                                            bank32       000000
__Lbank33                                            bank33       000000
__Lbank34                                            bank34       000000
__Lbank35                                            bank35       000000
__Lbank36                                            bank36       000000
__Lbank5                                             bank5        000000
__Lbank6                                             bank6        000000
__Lbank7                                             bank7        000000
__Lbank8                                             bank8        000000
__Lbank9                                             bank9        000000
__Lbigbss                                            bigbss       000000
__Lbigdata                                           bigdata      000000
__Lbigram                                            bigram       000000
__Lbigsfr                                            bigsfr       000000
__Lbss                                               bss          000000
__LbssBANK5                                          bssBANK5     000000
__LbssBANK6                                          bssBANK6     000000
__LbssCOMRAM                                         bssCOMRAM    000000
__Lcinit                                             cinit        000000
__Lclrtext                                           clrtext      000000
__Lcomram                                            comram       000000
__Lconfig                                            config       000000
__Lconst                                             const        000000
__LcstackCOMRAM                                      cstackCOMRAM 000000
__Ldata                                              data         000000
__LdataCOMRAM                                        dataCOMRAM   000000
__Leeprom_data                                       eeprom_data  000000
__Lfarbss                                            farbss       000000
__Lfardata                                           fardata      000000
__Lheap                                              heap         000000
__Libigdata                                          ibigdata     000000
__Lidata                                             idata        000000
__LidataCOMRAM                                       idataCOMRAM  000000
__Lidloc                                             idloc        000000
__Lifardata                                          ifardata     000000
__Linit                                              init         01FFFC
__Lintsave_regs                                      intsave_regs 000000
__Lirdata                                            irdata       000000
__Lmediumconst                                       mediumconst  00FA70
__LnvFARRAM                                          nvFARRAM     000000
__Lnvbit                                             nvbit        000000
__Lnvrram                                            nvrram       000000
__Lparam                                             rparam       000000
__Lpowerup                                           powerup      000000
__Lram                                               ram          000000
__Lramtop                                            ramtop       002600
__Lrbit                                              rbit         000000
__Lrbss                                              rbss         000000
__Lrdata                                             rdata        000000
__Lreset_vec                                         reset_vec    000000
__Lrparam                                            rparam       000000
__Lsfr                                               sfr          000000
__Lsmallconst                                        smallconst   000000
__Lspace_0                                           (abs)        000000
__Lspace_1                                           (abs)        000000
__Lspace_2                                           (abs)        000000
__Lspace_4                                           (abs)        000000
__Lstack                                             stack        000000
__Lstruct                                            struct       000000
__Ltemp                                              temp         000000
__Ltext                                              text         000000
__Ltext0                                             text0        000000
__Ltext1                                             text1        000000
__Ltext10                                            text10       000000
__Ltext11                                            text11       000000
__Ltext12                                            text12       000000
__Ltext13                                            text13       000000
__Ltext14                                            text14       000000
__Ltext15                                            text15       000000
__Ltext16                                            text16       000000
__Ltext17                                            text17       000000
__Ltext18                                            text18       000000
__Ltext19                                            text19       000000
__Ltext2                                             text2        000000
__Ltext20                                            text20       000000
__Ltext21                                            text21       000000
__Ltext22                                            text22       000000
__Ltext23                                            text23       000000
__Ltext24                                            text24       000000
__Ltext25                                            text25       000000
__Ltext26                                            text26       000000
__Ltext27                                            text27       000000
__Ltext28                                            text28       000000
__Ltext29                                            text29       000000
__Ltext3                                             text3        000000
__Ltext30                                            text30       000000
__Ltext31                                            text31       000000
__Ltext32                                            text32       000000
__Ltext33                                            text33       000000
__Ltext34                                            text34       000000
__Ltext35                                            text35       000000
__Ltext36                                            text36       000000
__Ltext37                                            text37       000000
__Ltext38                                            text38       000000
__Ltext39                                            text39       000000
__Ltext4                                             text4        000000
__Ltext40                                            text40       000000
__Ltext41                                            text41       000000
__Ltext42                                            text42       000000
__Ltext43                                            text43       000000
__Ltext44                                            text44       000000
__Ltext45                                            text45       000000
__Ltext46                                            text46       000000
__Ltext47                                            text47       000000
__Ltext48                                            text48       000000
__Ltext49                                            text49       000000
__Ltext5                                             text5        000000
__Ltext50                                            text50       000000
__Ltext51                                            text51       000000
__Ltext52                                            text52       000000
__Ltext53                                            text53       000000
__Ltext54                                            text54       000000
__Ltext55                                            text55       000000
__Ltext56                                            text56       000000
__Ltext57                                            text57       000000
__Ltext58                                            text58       000000
__Ltext59                                            text59       000000
__Ltext6                                             text6        000000
__Ltext60                                            text60       000000
__Ltext61                                            text61       000000
__Ltext62                                            text62       000000
__Ltext63                                            text63       000000
__Ltext64                                            text64       000000
__Ltext65                                            text65       000000
__Ltext66                                            text66       000000
__Ltext67                                            text67       000000
__Ltext68                                            text68       000000
__Ltext69                                            text69       000000
__Ltext7                                             text7        000000
__Ltext70                                            text70       000000
__Ltext71                                            text71       000000
__Ltext72                                            text72       000000
__Ltext73                                            text73       000000
__Ltext74                                            text74       000000
__Ltext75                                            text75       000000
__Ltext76                                            text76       000000
__Ltext77                                            text77       000000
__Ltext78                                            text78       000000
__Ltext79                                            text79       000000
__Ltext8                                             text8        000000
__Ltext80                                            text80       000000
__Ltext81                                            text81       000000
__Ltext82                                            text82       000000
__Ltext83                                            text83       000000
__Ltext84                                            text84       000000
__Ltext85                                            text85       000000
__Ltext86                                            text86       000000
__Ltext87                                            text87       000000
__Ltext88                                            text88       000000
__Ltext89                                            text89       000000
__Ltext9                                             text9        000000
__Ltext90                                            text90       000000
__Ltext91                                            text91       000000
__Ltext92                                            text92       000000
__Ltext93                                            text93       000000
__S0                                                 (abs)        020000
__S1                                                 (abs)        00065B
__S4                                                 (abs)        000000
__S5                                                 (abs)        000000
___awdiv                                             text27       013262
___awdiv@counter                                     cstackCOMRAM 000505
___awdiv@dividend                                    cstackCOMRAM 000501
___awdiv@divisor                                     cstackCOMRAM 000503
___awdiv@quotient                                    cstackCOMRAM 000507
___awdiv@sign                                        cstackCOMRAM 000506
___heap_hi                                           (abs)        000000
[...]
__end_of_SubProceso_MenuLCD                          text25       011A7A
__end_of_SubProceso_ModificarHorario                 text40       01096E
__end_of_SubProceso_RegistrarPastillas               text30       011742
__end_of_SubProceso_ResetSistema                     text29       0127D2
__end_of_SubProceso_VerHorarios                      text26       01136C
__end_of_WS2812B_Clear                               text49       0146A8
__end_of_WS2812B_Init                                text6        013528
__end_of_WS2812B_RGB                                 text48       014682
__end_of_WS2812B_SendBit                             text52       01429A
__end_of_WS2812B_SendByte                            text51       0142DA
__end_of_WS2812B_SetAll                              text53       01431A
__end_of_WS2812B_SetPixel                            text54       013CCC
__end_of_WS2812B_Show                                text50       0138C6
__end_of___awdiv                                     text27       013322
__end_of___lldiv                                     text70       0135CC
__end_of___llmod                                     text44       0139DE
__end_of___lmul                                      text69       013DA6
__end_of__initialization                             cinit        014138
__end_of_config_buzzer                               text22       014632
__end_of_config_cny70                                text19       0137A6
__end_of_config_i2c_lcd                              text11       01470E
__end_of_config_ir                                   text9        014608
__end_of_config_keypad                               text7        0144F4
__end_of_config_leds                                 text5        01474C
__end_of_config_motores                              text3        01366E
__end_of_config_perifericos                          text2        013262
__end_of_configuro                                   text1        0146E0
__end_of_full_step_sequence                          mediumconst  00FA9D
__end_of_main                                        text0        0147A4
__initialization                                     cinit        0140F4
__mediumconst                                        mediumconst  00FA70
__pbssBANK5                                          bssBANK5     000560
__pbssBANK6                                          bssBANK6     000600
__pbssCOMRAM                                         bssCOMRAM    00054B
__pcinit                                             cinit        0140F4
__pcstackCOMRAM                                      cstackCOMRAM 000501
__pdataCOMRAM                                        dataCOMRAM   00055C
__pidataCOMRAM                                       idataCOMRAM  0147BE
__pmediumconst                                       mediumconst  00FA70
__ptext0                                             text0        014798
__ptext1                                             text1        0146C8
__ptext10                                            text10       012D66
__ptext11                                            text11       0146F8
__ptext12                                            text12       0146A8
__ptext13                                            text13       0123AC
__ptext14                                            text14       01435A
__ptext15                                            text15       0147A4
__ptext16                                            text16       01476E
__ptext17                                            text17       0140A4
__ptext18                                            text18       0143D6
__ptext19                                            text19       013710
__ptext2                                             text2        01319E
__ptext20                                            text20       01366E
__ptext21                                            text21       01475E
__ptext22                                            text22       014608
__ptext23                                            text23       012B7A
__ptext24                                            text24       012514
__ptext25                                            text25       011742
__ptext26                                            text26       010F5E
__ptext27                                            text27       013262
__ptext28                                            text28       013AEA
__ptext29                                            text29       01267A
__ptext3                                             text3        0135CC
__ptext30                                            text30       01136C
__ptext31                                            text31       0141D0
__ptext32                                            text32       014214
__ptext33                                            text33       0137A6
__ptext34                                            text34       01474C
__ptext35                                            text35       013DA6
__ptext36                                            text36       012918
__ptext37                                            text37       012F36
__ptext38                                            text38       01470E
__ptext39                                            text39       0130D6
__ptext4                                             text4        012A4A
__ptext40                                            text40       010000
__ptext41                                            text41       01096E
__ptext42                                            text42       014412
__ptext43                                            text43       012082
__ptext44                                            text44       013956
__ptext45                                            text45       0144F4
__ptext46                                            text46       014052
__ptext47                                            text47       01222E
__ptext48                                            text48       01465C
__ptext49                                            text49       014682
__ptext5                                             text5        01473A
__ptext50                                            text50       013836
__ptext51                                            text51       01429A
__ptext52                                            text52       014258
__ptext53                                            text53       0142DA
__ptext54                                            text54       013C58
__ptext55                                            text55       0138C6
__ptext56                                            text56       014632
__ptext57                                            text57       013FA6
__ptext58                                            text58       0147AE
__ptext59                                            text59       013E0E
__ptext6                                             text6        013482
__ptext60                                            text60       013FFC
__ptext61                                            text61       013A66
__ptext62                                            text62       01300A
__ptext63                                            text63       013E74
__ptext64                                            text64       01431A
__ptext65                                            text65       013322
__ptext66                                            text66       0133D2
__ptext67                                            text67       014586
__ptext68                                            text68       011EB2
__ptext69                                            text69       013D3C
__ptext7                                             text7        0144BE
__ptext70                                            text70       013528
__ptext71                                            text71       014188
__ptext72                                            text72       014558
__ptext73                                            text73       01477C
__ptext74                                            text74       01413E
__ptext75                                            text75       014486
__ptext76                                            text76       014398
__ptext77                                            text77       014526
__ptext78                                            text78       011CD4
__ptext79                                            text79       011A7A
__ptext8                                             text8        0127D2
__ptext80                                            text80       01444C
__ptext81                                            text81       0146E0
__ptext82                                            text82       0145B2
__ptext83                                            text83       013CCC
__ptext84                                            text84       014724
__ptext85                                            text85       012C70
__ptext86                                            text86       013B64
__ptext87                                            text87       0139DE
__ptext88                                            text88       012E4E
__ptext89                                            text89       013EDA
__ptext9                                             text9        0145DE
__ptext90                                            text90       013BDE
__ptext91                                            text91       013F40
__ptext92                                            text92       01478A
__ptext93                                            text93       0147B6
__ramtop                                             ramtop       002600
__smallconst                                         mediumconst  00FA70
_buzzer1                                             bssCOMRAM    000555
_cny70_last_channel                                  dataCOMRAM   00055F
_config_buzzer                                       text22       014608
_config_cny70                                        text19       013710
_config_i2c_lcd                                      text11       0146F8
_config_ir                                           text9        0145DE
_config_keypad                                       text7        0144BE
_config_leds                                         text5        01473A
_config_motores                                      text3        0135CC
_config_perifericos                                  text2        01319E
_configuro                                           text1        0146C8
_dato_memoria                                        bssCOMRAM    000551
_estado                                              bssCOMRAM    000552
_fechaHora                                           bssBANK5     00056A
_full_step_sequence                                  mediumconst  00FA99
_lcdAddress                                          dataCOMRAM   00055E
_lcdBacklight                                        dataCOMRAM   00055D
_lcdDisplayControl                                   dataCOMRAM   00055C
_main                                                text0        014798
_motor1                                              bssBANK5     000598
_motor2                                              bssBANK5     000590
_motor3                                              bssBANK5     000588
_motor4                                              bssBANK5     000580
_sensor1                                             bssBANK5     0005B9
_sensor2                                             bssBANK5     0005B3
_sensor3                                             bssBANK5     0005AD
_sensor4                                             bssBANK5     0005A7
_sensor_ir                                           bssBANK5     0005A0
_tecla                                               bssCOMRAM    000553
_teclado                                             bssBANK5     000576
_tira1                                               bssBANK6     000600
_valor_S1                                            bssCOMRAM    00054F
_valor_S2                                            bssCOMRAM    00054D
_valor_S3                                            bssCOMRAM    00054B
_valor_S4                                            bssBANK5     000568
config_perifericos@x                                 cstackCOMRAM 00051A
end_of_initialization                                cinit        014138
intlevel0                                            text         000000
intlevel1                                            text         000000
intlevel2                                            text         000000
intlevel3                                            text         000000
isa$std                                              (abs)        000001
isa$xinst                                            (abs)        000000
stackhi                                              (abs)        000000
stacklo                                              (abs)        000000
start                                                init         01FFFC
start_initialization                                 cinit        0140F4


MODULE INFORMATION

Module		Function		Class		Link	Load	Size
C:\Program Files\Microchip\xc8\v3.10\pic\sources\c99\common\llmod.c
		___llmod       		CODE           	13956	0000	136

C:\Program Files\Microchip\xc8\v3.10\pic\sources\c99\common\llmod.c estimated size: 136

motor_paso.c
		_Stepper_Init  		CODE           	12A4A	0000	304

motor_paso.c estimated size: 304

ws2812b.c
		_WS2812B_SetAll		CODE           	142DA	0000	64
		_WS2812B_SendBit		CODE           	14258	0000	66
		_WS2812B_RGB   		CODE           	1465C	0000	38
		_WS2812B_Init  		CODE           	13482	0000	166
		_WS2812B_Show  		CODE           	13836	0000	144
		_WS2812B_SendByte		CODE           	1429A	0000	64
		_WS2812B_Clear 		CODE           	14682	0000	38
		_WS2812B_SetPixel		CODE           	13C58	0000	116

ws2812b.c estimated size: 696

keypad4x4.c
		_Keypad_ActivateRow		CODE           	13E74	0000	102
		_Keypad_Read   		CODE           	13A66	0000	132
		_Keypad_Scan   		CODE           	1300A	0000	204
		_Keypad_Init   		CODE           	127D2	0000	326
		_Keypad_AllRowsHigh		CODE           	1431A	0000	64

keypad4x4.c estimated size: 828

funcionesGenerales.c
		_config_keypad 		CODE           	144BE	0000	54
		_config_buzzer 		CODE           	14608	0000	42
		_MostrarAnimacionCarga		CODE           	141D0	0000	68
		_SubProceso_AgregarHorario		CODE           	1096E	0000	1520
		_config_i2c_lcd		CODE           	146F8	0000	22
		_Detallar_Horarios		CODE           	13AEA	0000	122
		_config_motores		CODE           	135CC	0000	162
		_SubProceso_ResetSistema		CODE           	1267A	0000	344
		_SubProceso_VerHorarios		CODE           	10F5E	0000	1038
		_RecorrerEEPROM		CODE           	14486	0000	56
		_Detallar_CantPastillas		CODE           	12F36	0000	212
		_config_perifericos		CODE           	1319E	0000	196
		_SubProceso_MenuLCD		CODE           	11742	0000	824
		_SubProceso_RegistrarPastillas		CODE           	1136C	0000	982
		_Guardar_CantPastillas		CODE           	12918	0000	306
		_SubProceso_ManejoErrores		CODE           	1222E	0000	382
		_SubProceso_ModificarHorario		CODE           	10000	0000	2414
		_SubProceso_CondicionesIniciales		CODE           	12514	0000	358
		_config_ir     		CODE           	145DE	0000	42
		_config_leds   		CODE           	1473A	0000	18
		_config_cny70  		CODE           	13710	0000	150

funcionesGenerales.c estimated size: 9312

C:\Program Files\Microchip\xc8\v3.10\pic\sources\c99\common\Umul32.c
		___lmul        		CODE           	13D3C	0000	106

C:\Program Files\Microchip\xc8\v3.10\pic\sources\c99\common\Umul32.c estimated size: 106

I2C.c
		_I2C1_Read     		CODE           	12E4E	0000	232
		_I2C1_WaitBusFree		CODE           	13F40	0000	102
		_I2C1_WaitStopRead		CODE           	13EDA	0000	102
		_I2C1_Init     		CODE           	140A4	0000	80
		_I2C1_WaitStop 		CODE           	139DE	0000	136
		_I2C1_ResetModule		CODE           	1478A	0000	14
		_I2C1_ClearFlags		CODE           	147B6	0000	8
		_I2C1_ConfigurePPS		CODE           	143D6	0000	60
		_I2C1_WaitTxBufferEmpty		CODE           	13B64	0000	122
		_I2C1_Write    		CODE           	12C70	0000	246
		_I2C1_WaitRxBufferFull		CODE           	13BDE	0000	122
		_I2C1_WriteSingleByte		CODE           	14724	0000	22

I2C.c estimated size: 1246

C:\Program Files\Microchip\xc8\v3.10\pic\sources\c99\common\awdiv.c
		___awdiv       		CODE           	13262	0000	192

C:\Program Files\Microchip\xc8\v3.10\pic\sources\c99\common\awdiv.c estimated size: 192

shared
		_Keypad_ColumnMasks		MEDIUMCONST    	FA91	0000	4
		LCD_I2C_CreateSolidPixel@F17470		MEDIUMCONST    	FA81	0000	8
		_Keypad_Map    		MEDIUMCONST    	FA71	0000	16
		__initialization		CODE           	140F4	0000	68
		Guardar_CantPastillas@F17635		MEDIUMCONST    	FA8D	0000	4
		_full_step_sequence		MEDIUMCONST    	FA99	0000	4
		_Keypad_RowMasks		MEDIUMCONST    	FA95	0000	4
		Detallar_CantPastillas@F17639		MEDIUMCONST    	FA89	0000	4

shared estimated size: 112

CNY70.c
		_CNY70_Init    		CODE           	1366E	0000	162
		_CNY70_ADC_Init_FOSC64		CODE           	1475E	0000	16

CNY70.c estimated size: 178

DS1307.c
		_DS1307_IsValidBCD		CODE           	1444C	0000	58
		_DS1307_ReadDateTime		CODE           	11CD4	0000	478
		_DS1307_BCDToDecimal		CODE           	146E0	0000	24
		_DS1307_ValidateRawData		CODE           	11A7A	0000	602
		_DS1307_ReadRaw		CODE           	145B2	0000	44
		_DS1307_ReadRegisters		CODE           	13CCC	0000	112

DS1307.c estimated size: 1318

maincode.c
		_configuro     		CODE           	146C8	0000	24
		_main          		CODE           	14798	0000	12

maincode.c estimated size: 36

Libbuzzer.c
		_Buzzer_Tone   		CODE           	11EB2	0000	464
		_Buzzer_CorrectSound		CODE           	130D6	0000	200
		_Buzzer_Init   		CODE           	12B7A	0000	246
		_Buzzer_PinLow 		CODE           	1413E	0000	74
		_Buzzer_ErrorSound		CODE           	133D2	0000	176
		_Buzzer_PinHigh		CODE           	14188	0000	72
		_Buzzer_DelayUs		CODE           	14558	0000	46
		_Buzzer_ButtonClick		CODE           	14586	0000	44
		_Buzzer_Off    		CODE           	1477C	0000	14
		_Buzzer_WarningSound		CODE           	13322	0000	176

Libbuzzer.c estimated size: 1512

LCD_I2C.c
		_LCD_I2C_WriteNibble		CODE           	1435A	0000	62
		_LCD_I2C_WriteStringN		CODE           	13DA6	0000	104
		_LCD_I2C_SetAddress		CODE           	146A8	0000	32
		_LCD_I2C_UpdateDisplayControl		CODE           	147A4	0000	10
		_LCD_I2C_Init  		CODE           	123AC	0000	360
		_LCD_I2C_WriteString		CODE           	138C6	0000	144
		_LCD_I2C_SendByte		CODE           	13FFC	0000	86
		_LCD_I2C_Clear 		CODE           	147AE	0000	8
		_LCD_I2C_ClearFile		CODE           	1474C	0000	18
		_LCD_I2C_WriteChar		CODE           	14632	0000	42
		_LCD_I2C_WriteFixedUnsigned		CODE           	12082	0000	428
		_LCD_I2C_ExpanderWrite		CODE           	1476E	0000	14
		_LCD_I2C_SetCursor		CODE           	13FA6	0000	86
		_LCD_I2C_WriteUInt8		CODE           	14412	0000	58
		_LCD_I2C_CreateChar		CODE           	137A6	0000	144
		_LCD_I2C_CreateSolidPixel		CODE           	14214	0000	68
		_LCD_I2C_Command		CODE           	13E0E	0000	102
		_LCD_I2C_WriteUInt16		CODE           	1470E	0000	22

LCD_I2C.c estimated size: 1788

irsensor.c
		_IRSensor_Init 		CODE           	12D66	0000	232

irsensor.c estimated size: 232

C:\Program Files\Microchip\xc8\v3.10\pic\sources\c99\common\__lldiv.c
		___lldiv       		CODE           	13528	0000	164

C:\Program Files\Microchip\xc8\v3.10\pic\sources\c99\common\__lldiv.c estimated size: 164

EPROM_DFM.c
		_EEPROM_WriteByte		CODE           	14052	0000	82
		_EEPROM_UpdateByte		CODE           	144F4	0000	50
		_EEPROM_SetAddress		CODE           	14526	0000	50
		_EEPROM_ReadByte		CODE           	14398	0000	62

EPROM_DFM.c estimated size: 244

