Microchip MPLAB XC8 Compiler V3.10

Linker command line:

-W-3 \
  --edf=C:\Program Files\Microchip\xc8\v3.10\pic\dat\20250813170317_en.msgs \
  -pivt0x8=08h -cn -h+dist/default/production\TF-Micro.X.production.sym \
  --cmf=dist/default/production\TF-Micro.X.production.cmf -z -Q18F57Q43 \
  -oC:\Users\Angel\AppData\Local\Temp\xcAspwo.0\driver_tmp_3.o \
  --defsym=__MPLAB_BUILD=1 --fixupoverflow=error \
  -Mdist/default/production/TF-Micro.X.production.map \
  --md=C:\Users\Angel\AppData\Local\Temp\xcAspwo.0\driver_tmp_0.dat -E1 \
  -ver=XC8 Compiler -ACODE=00h-01FFFFh -ACONST=00h-01FFFFh \
  -ASMALLCONST=02600h-026FFhx218,012600h-0126FFhx218 \
  -AMEDIUMCONST=02600h-0FFFFh,012600h-01FFFFh -ACOMRAM=0501h-055Fh \
  -AABS1=0500h-024FFh -ABIGRAM=0501h-024FFh \
  -ARAM=0560h-05FFh,0600h-06FFhx31 -ABANK5=0560h-05FFh -ABANK6=0600h-06FFh \
  -ABANK7=0700h-07FFh -ABANK8=0800h-08FFh -ABANK9=0900h-09FFh \
  -ABANK10=0A00h-0AFFh -ABANK11=0B00h-0BFFh -ABANK12=0C00h-0CFFh \
  -ABANK13=0D00h-0DFFh -ABANK14=0E00h-0EFFh -ABANK15=0F00h-0FFFh \
  -ABANK16=01000h-010FFh -ABANK17=01100h-011FFh -ABANK18=01200h-012FFh \
  -ABANK19=01300h-013FFh -ABANK20=01400h-014FFh -ABANK21=01500h-015FFh \
  -ABANK22=01600h-016FFh -ABANK23=01700h-017FFh -ABANK24=01800h-018FFh \
  -ABANK25=01900h-019FFh -ABANK26=01A00h-01AFFh -ABANK27=01B00h-01BFFh \
  -ABANK28=01C00h-01CFFh -ABANK29=01D00h-01DFFh -ABANK30=01E00h-01EFFh \
  -ABANK31=01F00h-01FFFh -ABANK32=02000h-020FFh -ABANK33=02100h-021FFh \
  -ABANK34=02200h-022FFh -ABANK35=02300h-023FFh -ABANK36=02400h-024FFh \
  -ASFR=00h-0FFhx4,0400h-045Fh,0460h-04FFh,02500h-025FFh \
  -ABIGSFR=00h-04FFh,02500h-025FFh -ACONFIG=0300000h-0300011h \
  -AIDLOC=0200000h-020003Fh -AEEDATA=0380000h-03803FFh -peeprom_data=EEDATA \
  -preset_vec=00h -ppowerup=CODE,init -pramtop=02600h \
  -psmallconst=SMALLCONST -pmediumconst=MEDIUMCONST -pconst=CONST \
  -AFARRAM=00h-00h \
  -prdata=COMRAM,nvrram=COMRAM,nvbit=COMRAM,rbss=COMRAM,rbit=COMRAM \
  -pfarbss=FARRAM,fardata=FARRAM,nvFARRAM=FARRAM \
  -pintsave_regs=BIGRAM,bigbss=BIGRAM,bigdata=BIGRAM -pbss=RAM \
  -pidata=CODE,irdata=CODE,ibigdata=CODE,ifardata=CODE -prparam=COMRAM \
  C:\Users\Angel\AppData\Local\Temp\xcAspwo.0\driver_tmp_14.o \
  dist/default/production\TF-Micro.X.production.o 

Object code version is 3.11

Machine type is 18F57Q43



                Name                               Link     Load   Length Selector   Space Scale
C:\Users\Angel\AppData\Local\Temp\xcAspwo.0\driver_tmp_14.o
                config                           300000   300000        A        0       4
                init                                102      102        4        4       0
                reset_vec                             0        0        4        0       0
dist/default/production\TF-Micro.X.production.o
                config                           300000   300000        A        0       4
                mediumconst                        F9F6     F9F6      60A     7CFB       0
                ivt0x8                                8        8       FA        4       0
                text118                           1368C    1368C      12A     4DA3       0
                text117                           15B82    15B82        8     4DA3       0
                text116                           15B60    15B60        E     4DA3       0
                text115                           15150    15150       66     4DA3       0
                text114                           14BC6    14BC6       7A     4DA3       0
                text113                           150EA    150EA       66     4DA3       0
                text112                           139A4    139A4       EA     4DA3       0
                text111                           14948    14948       88     4DA3       0
                text110                           14B4C    14B4C       7A     4DA3       0
                text109                           137B6    137B6       F8     4DA3       0
                text108                           15AD0    15AD0       16     4DA3       0
                text107                           14E08    14E08       70     4DA3       0
                text106                           15968    15968       2C     4DA3       0
                text105                           15AA2    15AA2       18     4DA3       0
                text104                           1576C    1576C       3A     4DA3       0
                text103                           1204E    1204E      25A     8000       0
                text102                           122A8    122A8      1DE     8000       0
                text101                           15414    15414       4A     4DA3       0
                text100                           15B52    15B52        E     4DA3       0
                text99                            1590E    1590E       2E     4DA3       0
                text98                            154A6    154A6       48     4DA3       0
                text97                            142E0    142E0       A4     4DA3       0
                text96                            14EE4    14EE4       6A     4DA3       0
                text95                            12662    12662      1D0     8000       0
                text94                            14FB6    14FB6       68     4DA3       0
                text93                            147A6    147A6       90     4DA3       0
                text92                            158AE    158AE       32     4DA3       0
                text91                            156B8    156B8       3E     4DA3       0
                text90                            15372    15372       52     4DA3       0
                text89                            1587C    1587C       32     4DA3       0
                text88                            15272    15272       58     4DA3       0
                text87                            159BE    159BE       2A     4DA3       0
                text86                            148C0    148C0       88     4DA3       0
                text85                            12BAA    12BAA      1AC     8000       0
                text84                            15732    15732       3A     4DA3       0
                text83                            1423A    1423A       A6     4DA3       0
                text82                            15B30    15B30       12     4DA3       0
                text81                            14E78    14E78       6C     4DA3       0
                text80                            1593C    1593C       2C     4DA3       0
                text79                            140E4    140E4       B0     4DA3       0
                text78                            14034    14034       B0     4DA3       0
                text77                            15678    15678       40     4DA3       0
                text76                            15084    15084       66     4DA3       0
                text75                            13D16    13D16       CC     4DA3       0
                text74                            149D0    149D0       84     4DA3       0
                text73                            1501E    1501E       66     4DA3       0
                text72                            15B7A    15B7A        8     4DA3       0
                text71                            152CA    152CA       56     4DA3       0
                text70                            14716    14716       90     4DA3       0
                text69                            14C40    14C40       74     4DA3       0
                text68                            15638    15638       40     4DA3       0
                text67                            15576    15576       42     4DA3       0
                text66                            155F8    155F8       40     4DA3       0
                text65                            14686    14686       90     4DA3       0
                text64                            15A0E    15A0E       26     4DA3       0
                text63                            159E8    159E8       26     4DA3       0
                text62                            12486    12486      1DC     8000       0
                text61                            14D26    14D26       72     4DA3       0
                text60                            151B6    151B6       64     4DA3       0
                text59                            15B8E    15B8E        2     4DA3       0
                text58                            13DE2    13DE2       CA     4DA3       0
                text57                            12832    12832      1BE     8000       0
                text56                            153C4    153C4       50     4DA3       0
                text55                            1545E    1545E       48     4DA3       0
                text54                            11706    11706      3BE     8000       0
                text53                            129F0    129F0      1BA     8000       0
                text52                            14CB4    14CB4       72     4DA3       0
                text51                            1098E    1098E      594     8000       0
                text50                            10000    10000      98E     8000       0
                text49                            13EAC    13EAC       C8     4DA3       0
                text48                            15ABA    15ABA       16     4DA3       0
                text47                            13B76    13B76       D4     4DA3       0
                text46                            144C8    144C8       98     4DA3       0
                text45                            13C4A    13C4A       CC     4DA3       0
                text44                            14F4E    14F4E       68     4DA3       0
                text43                            15B1E    15B1E       12     4DA3       0
                text42                            145F6    145F6       90     4DA3       0
                text41                            15532    15532       44     4DA3       0
                text40                            154EE    154EE       44     4DA3       0
                text39                            11330    11330      3D6     8000       0
                text38                            14AD2    14AD2       7A     4DA3       0
                text37                            13F74    13F74       C0     4DA3       0
                text36                            10F22    10F22      40E     8000       0
                text35                            11AC4    11AC4      2F0     8000       0
                text34                            1302A    1302A      160     8000       0
                text33                            157A6    157A6       38     4DA3       0
                text32                            12EC4    12EC4      166     8000       0
                text31                            15A54    15A54       1E     4DA3       0
                text30                            138AE    138AE       F6     4DA3       0
                text29                            15814    15814       36     4DA3       0
                text28                            15B0C    15B0C       12     4DA3       0
                text27                            14426    14426       A2     4DA3       0
                text26                            14560    14560       96     4DA3       0
                text25                            156F6    156F6       3C     4DA3       0
                text24                            15320    15320       52     4DA3       0
                text23                            15B42    15B42       10     4DA3       0
                text22                            15B6E    15B6E        C     4DA3       0
                text21                            155B8    155B8       40     4DA3       0
                text20                            12D56    12D56      16E     8000       0
                text19                            15A34    15A34       20     4DA3       0
                text18                            15A8A    15A8A       18     4DA3       0
                text17                            13A8E    13A8E       E8     4DA3       0
                text16                            15994    15994       2A     4DA3       0
                text15                            132D8    132D8      146     8000       0
                text14                            157DE    157DE       36     4DA3       0
                text13                            14194    14194       A6     4DA3       0
                text12                            15AFA    15AFA       12     4DA3       0
                text11                            1355A    1355A      130     8000       0
                text10                            14384    14384       A2     4DA3       0
                text9                             1341E    1341E      13C     8000       0
                text8                             1584A    1584A       32     4DA3       0
                text7                             158E0    158E0       2E     4DA3       0
                text6                             15A72    15A72       18     4DA3       0
                text5                             14D98    14D98       70     4DA3       0
                text4                             1318A    1318A      14E     8000       0
                text3                             14A54    14A54       7E     4DA3       0
                text2                             14836    14836       8A     4DA3       0
                text1                             11DB4    11DB4      29A     8000       0
                text0                             15AE6    15AE6       14     4DA3       0
                cstackCOMRAM                        501      501       51      501       1
                cstackBANK5                         5CC      5CC       20      560       1
                bssBANK6                            600      600       D5      600       1
                dataBANK5                           5EC      5EC        4      560       1
                bssBANK5                            560      560       6C      560       1
                bssCOMRAM                           552      552        C      501       1
                cinit                             1521A    1521A       58     4DA3       0
                idataBANK5                        15B8A    15B8A        4     4DA3       0

TOTAL           Name                               Link     Load   Length     Space
        CLASS   CODE           
                init                                102      102        4         0
                reset_vec                             0        0        4         0
                ivt0x8                                8        8       FA         0
                text118                           1368C    1368C      12A         0
                text117                           15B82    15B82        8         0
                text116                           15B60    15B60        E         0
                text115                           15150    15150       66         0
                text114                           14BC6    14BC6       7A         0
                text113                           150EA    150EA       66         0
                text112                           139A4    139A4       EA         0
                text111                           14948    14948       88         0
                text110                           14B4C    14B4C       7A         0
                text109                           137B6    137B6       F8         0
                text108                           15AD0    15AD0       16         0
                text107                           14E08    14E08       70         0
                text106                           15968    15968       2C         0
                text105                           15AA2    15AA2       18         0
                text104                           1576C    1576C       3A         0
                text103                           1204E    1204E      25A         0
                text102                           122A8    122A8      1DE         0
                text101                           15414    15414       4A         0
                text100                           15B52    15B52        E         0
                text99                            1590E    1590E       2E         0
                text98                            154A6    154A6       48         0
                text97                            142E0    142E0       A4         0
                text96                            14EE4    14EE4       6A         0
                text95                            12662    12662      1D0         0
                text94                            14FB6    14FB6       68         0
                text93                            147A6    147A6       90         0
                text92                            158AE    158AE       32         0
                text91                            156B8    156B8       3E         0
                text90                            15372    15372       52         0
                text89                            1587C    1587C       32         0
                text88                            15272    15272       58         0
                text87                            159BE    159BE       2A         0
                text86                            148C0    148C0       88         0
                text85                            12BAA    12BAA      1AC         0
                text84                            15732    15732       3A         0
                text83                            1423A    1423A       A6         0
                text82                            15B30    15B30       12         0
                text81                            14E78    14E78       6C         0
                text80                            1593C    1593C       2C         0
                text79                            140E4    140E4       B0         0
                text78                            14034    14034       B0         0
                text77                            15678    15678       40         0
                text76                            15084    15084       66         0
                text75                            13D16    13D16       CC         0
                text74                            149D0    149D0       84         0
                text73                            1501E    1501E       66         0
                text72                            15B7A    15B7A        8         0
                text71                            152CA    152CA       56         0
                text70                            14716    14716       90         0
                text69                            14C40    14C40       74         0
                text68                            15638    15638       40         0
                text67                            15576    15576       42         0
                text66                            155F8    155F8       40         0
                text65                            14686    14686       90         0
                text64                            15A0E    15A0E       26         0
                text63                            159E8    159E8       26         0
                text62                            12486    12486      1DC         0
                text61                            14D26    14D26       72         0
                text60                            151B6    151B6       64         0
                text59                            15B8E    15B8E        2         0
                text58                            13DE2    13DE2       CA         0
                text57                            12832    12832      1BE         0
                text56                            153C4    153C4       50         0
                text55                            1545E    1545E       48         0
                text54                            11706    11706      3BE         0
                text53                            129F0    129F0      1BA         0
                text52                            14CB4    14CB4       72         0
                text51                            1098E    1098E      594         0
                text50                            10000    10000      98E         0
                text49                            13EAC    13EAC       C8         0
                text48                            15ABA    15ABA       16         0
                text47                            13B76    13B76       D4         0
                text46                            144C8    144C8       98         0
                text45                            13C4A    13C4A       CC         0
                text44                            14F4E    14F4E       68         0
                text43                            15B1E    15B1E       12         0
                text42                            145F6    145F6       90         0
                text41                            15532    15532       44         0
                text40                            154EE    154EE       44         0
                text39                            11330    11330      3D6         0
                text38                            14AD2    14AD2       7A         0
                text37                            13F74    13F74       C0         0
                text36                            10F22    10F22      40E         0
                text35                            11AC4    11AC4      2F0         0
                text34                            1302A    1302A      160         0
                text33                            157A6    157A6       38         0
                text32                            12EC4    12EC4      166         0
                text31                            15A54    15A54       1E         0
                text30                            138AE    138AE       F6         0
                text29                            15814    15814       36         0
                text28                            15B0C    15B0C       12         0
                text27                            14426    14426       A2         0
                text26                            14560    14560       96         0
                text25                            156F6    156F6       3C         0
                text24                            15320    15320       52         0
                text23                            15B42    15B42       10         0
                text22                            15B6E    15B6E        C         0
                text21                            155B8    155B8       40         0
                text20                            12D56    12D56      16E         0
                text19                            15A34    15A34       20         0
                text18                            15A8A    15A8A       18         0
                text17                            13A8E    13A8E       E8         0
                text16                            15994    15994       2A         0
                text15                            132D8    132D8      146         0
                text14                            157DE    157DE       36         0
                text13                            14194    14194       A6         0
                text12                            15AFA    15AFA       12         0
                text11                            1355A    1355A      130         0
                text10                            14384    14384       A2         0
                text9                             1341E    1341E      13C         0
                text8                             1584A    1584A       32         0
                text7                             158E0    158E0       2E         0
                text6                             15A72    15A72       18         0
                text5                             14D98    14D98       70         0
                text4                             1318A    1318A      14E         0
                text3                             14A54    14A54       7E         0
                text2                             14836    14836       8A         0
                text1                             11DB4    11DB4      29A         0
                text0                             15AE6    15AE6       14         0
                cinit                             1521A    1521A       58         0
                idataBANK5                        15B8A    15B8A        4         0

        CLASS   CONST          

        CLASS   SMALLCONST     

        CLASS   MEDIUMCONST    
                mediumconst                        F9F6     F9F6      60A         0

        CLASS   COMRAM         
                cstackCOMRAM                        501      501       51         1
                bssCOMRAM                           552      552        C         1

        CLASS   ABS1           

        CLASS   BIGRAM         

        CLASS   RAM            

        CLASS   BANK5          
                cstackBANK5                         5CC      5CC       20         1
                dataBANK5                           5EC      5EC        4         1
                bssBANK5                            560      560       6C         1

        CLASS   BANK6          
                bssBANK6                            600      600       D5         1

        CLASS   BANK7          

        CLASS   BANK8          

        CLASS   BANK9          

        CLASS   BANK10         

        CLASS   BANK11         

        CLASS   BANK12         

        CLASS   BANK13         

        CLASS   BANK14         

        CLASS   BANK15         

        CLASS   BANK16         

        CLASS   BANK17         

        CLASS   BANK18         

        CLASS   BANK19         

        CLASS   BANK20         

        CLASS   BANK21         

        CLASS   BANK22         

        CLASS   BANK23         

        CLASS   BANK24         

        CLASS   BANK25         

        CLASS   BANK26         

        CLASS   BANK27         

        CLASS   BANK28         

        CLASS   BANK29         

        CLASS   BANK30         

        CLASS   BANK31         

        CLASS   BANK32         

        CLASS   BANK33         

        CLASS   BANK34         

        CLASS   BANK35         

        CLASS   BANK36         

        CLASS   SFR            

        CLASS   BIGSFR         

        CLASS   CONFIG         
                config                           300000   300000        A         4

        CLASS   IDLOC          

        CLASS   EEDATA         

        CLASS   FARRAM         

        CLASS   HEAP           

        CLASS   STACK          



SEGMENTS        Name                           Load    Length   Top    Selector   Space  Class

                reset_vec                      000000  000004  000004         0       0  CODE    
                ivt0x8                         000008  0000FE  000106         4       0  CODE    
                cstackCOMRAM                   000501  00005D  00055E       501       1  COMRAM  
                bssBANK5                       000560  000090  0005F0       560       1  BANK5   
                bssBANK6                       000600  0000D5  0006D5       600       1  BANK6   
                mediumconst                    00F9F6  00060A  010000      7CFB       0  MEDIUMCO
                text50                         010000  00368A  01368A      8000       0  CODE    
                text118                        01368C  002504  015B90      4DA3       0  CODE    


UNUSED ADDRESS RANGES

        Name                Unused          Largest block    Delta
        BANK10           000A00-000AFF              100
        BANK11           000B00-000BFF              100
        BANK12           000C00-000CFF              100
        BANK13           000D00-000DFF              100
        BANK14           000E00-000EFF              100
        BANK15           000F00-000FFF              100
        BANK16           001000-0010FF              100
        BANK17           001100-0011FF              100
        BANK18           001200-0012FF              100
        BANK19           001300-0013FF              100
        BANK20           001400-0014FF              100
        BANK21           001500-0015FF              100
        BANK22           001600-0016FF              100
        BANK23           001700-0017FF              100
        BANK24           001800-0018FF              100
        BANK25           001900-0019FF              100
        BANK26           001A00-001AFF              100
        BANK27           001B00-001BFF              100
        BANK28           001C00-001CFF              100
        BANK29           001D00-001DFF              100
        BANK30           001E00-001EFF              100
        BANK31           001F00-001FFF              100
        BANK32           002000-0020FF              100
        BANK33           002100-0021FF              100
        BANK34           002200-0022FF              100
        BANK35           002300-0023FF              100
        BANK36           002400-0024FF              100
        BANK5            0005F0-0005FF               10
        BANK6            0006D5-0006FF               2B
        BANK7            000700-0007FF              100
        BANK8            000800-0008FF              100
        BANK9            000900-0009FF              100
        BIGRAM           00055E-00055F                2
                         0005F0-0005FF               10
                         0006D5-0024FF             1E2B
        BIGSFR           000000-0004FF              500
                         002500-0025FF              100
        CODE             000004-000007                4
                         000106-00F9F5             F8F0
                         01368A-01368B                2
                         015B90-01FFFF             A470
        COMRAM           00055E-00055F                2
        CONFIG           30000A-300011                8
        CONST            000004-000007                4
                         000106-00F9F5             F8F0
                         01368A-01368B                2
                         015B90-01FFFF             A470
        EEDATA           380000-3803FF              400
        IDLOC            200000-20003F               40
        MEDIUMCONST      002600-00F9F5             D3F6
                         01368A-01368B                2
                         015B90-01FFFF             A470
        RAM              0005F0-0005FF               10
                         0006D5-0024FF              100
        SFR              000000-0004FF              100
                         002500-0025FF              100
        SMALLCONST       002600-00F9F5              100
                         01368A-01368B                2
                         015B90-01FFFF              100

                                  Symbol Table

?_CNY70_Read                                                         cstackCOMRAM 000502
?___awdiv                                                            cstackCOMRAM 000502
?___lldiv                                                            cstackCOMRAM 00050E
?___llmod                                                            cstackCOMRAM 00051B
?___lmul                                                             cstackCOMRAM 000502
?___lwdiv                                                            cstackCOMRAM 000502
?___lwmod                                                            cstackCOMRAM 000502
?_sprintf                                                            cstackCOMRAM 000522
?_vfprintf                                                           cstackCOMRAM 00051A
Buzzer_ButtonClick@buzzer                                            cstackCOMRAM 000536
Buzzer_CorrectSound@buzzer                                           cstackCOMRAM 000536
Buzzer_DelayUs@time_us                                               cstackCOMRAM 000502
Buzzer_ErrorSound@buzzer                                             cstackCOMRAM 000536
Buzzer_FinalCorrectClick@buzzer                                      cstackCOMRAM 000536
Buzzer_Init@ansel                                                    cstackCOMRAM 00050F
Buzzer_Init@buzzer                                                   cstackCOMRAM 000509
Buzzer_Init@lat                                                      cstackCOMRAM 00050B
Buzzer_Init@pin_mask                                                 cstackCOMRAM 000511
Buzzer_Init@tris                                                     cstackCOMRAM 00050D
Buzzer_Off@buzzer                                                    cstackCOMRAM 000509
Buzzer_PinHigh@buzzer                                                cstackCOMRAM 000502
Buzzer_PinLow@buzzer                                                 cstackCOMRAM 000502
Buzzer_Tone@buzzer                                                   cstackCOMRAM 00051B
Buzzer_Tone@cycles                                                   cstackCOMRAM 000522
Buzzer_Tone@duty                                                     cstackCOMRAM 000521
Buzzer_Tone@freq                                                     cstackCOMRAM 00051D
Buzzer_Tone@high_time_us                                             cstackCOMRAM 000532
Buzzer_Tone@i                                                        cstackCOMRAM 000526
Buzzer_Tone@low_time_us                                              cstackCOMRAM 00052A
Buzzer_Tone@period_us                                                cstackCOMRAM 00052E
Buzzer_Tone@time_ms                                                  cstackCOMRAM 00051F
Buzzer_WarningSound@buzzer                                           cstackCOMRAM 000536
CNY70_Init@adc_channel                                               cstackCOMRAM 000509
CNY70_Init@ansel                                                     cstackCOMRAM 000506
CNY70_Init@pin_mask                                                  cstackCOMRAM 000508
CNY70_Init@sensor                                                    cstackCOMRAM 000502
CNY70_Init@tris                                                      cstackCOMRAM 000504
CNY70_Read@result                                                    cstackCOMRAM 000506
CNY70_Read@sensor                                                    cstackCOMRAM 000502
DS1307_BCDToDecimal@value_bcd                                        cstackCOMRAM 000503
DS1307_IsValidBCD@tens                                               cstackCOMRAM 000502
DS1307_IsValidBCD@units                                              cstackCOMRAM 000503
DS1307_IsValidBCD@value_bcd                                          cstackCOMRAM 000504
DS1307_ReadDateTime@date_time                                        cstackCOMRAM 000513
DS1307_ReadDateTime@raw_data                                         cstackCOMRAM 000518
DS1307_ReadDateTime@status                                           cstackCOMRAM 00051F
DS1307_ReadRaw@raw_data                                              cstackCOMRAM 000511
DS1307_ReadRegisters@data                                            cstackCOMRAM 00050C
DS1307_ReadRegisters@length                                          cstackCOMRAM 00050E
DS1307_ReadRegisters@start_register                                  cstackCOMRAM 00050F
DS1307_ReadRegisters@status                                          cstackCOMRAM 000510
DS1307_ValidateRawData@date                                          cstackCOMRAM 00050E
DS1307_ValidateRawData@date_bcd                                      cstackCOMRAM 00050C
DS1307_ValidateRawData@hours                                         cstackCOMRAM 000512
DS1307_ValidateRawData@hours_bcd                                     cstackCOMRAM 000511
DS1307_ValidateRawData@minutes                                       cstackCOMRAM 000509
DS1307_ValidateRawData@minutes_bcd                                   cstackCOMRAM 00050B
DS1307_ValidateRawData@month                                         cstackCOMRAM 00050F
DS1307_ValidateRawData@month_bcd                                     cstackCOMRAM 00050D
DS1307_ValidateRawData@raw_data                                      cstackCOMRAM 000505
DS1307_ValidateRawData@seconds                                       cstackCOMRAM 000508
DS1307_ValidateRawData@seconds_bcd                                   cstackCOMRAM 00050A
DS1307_ValidateRawData@weekday                                       cstackCOMRAM 000510
DS1307_ValidateRawData@year_bcd                                      cstackCOMRAM 000507
DataEEPROM@data_memoria                                              cstackCOMRAM 00050E
DataEEPROM@x                                                         cstackCOMRAM 000510
Detallar_CantPastillas@F17999                                        mediumconst  00FA0F
Detallar_CantPastillas@tecla                                         cstackCOMRAM 00053A
Detallar_CantPastillas@ubicacion_memoria                             cstackCOMRAM 000536
Detallar_Horarios@hora                                               cstackCOMRAM 000531
Detallar_Horarios@minuto                                             cstackCOMRAM 000533
Detallar_Horarios@numero                                             cstackCOMRAM 000537
Detallar_Horarios@tipo                                               cstackCOMRAM 000535
Dispensar@cantidad_horarios_para_dispersar                           cstackCOMRAM 000541
Dispensar@dispensado                                                 cstackBANK5  0005E2
Dispensar@error                                                      cstackBANK5  0005E1
Dispensar@intentos                                                   cstackBANK5  0005E3
Dispensar@lectura_sensor                                             cstackBANK5  0005E4
Dispensar@mensaje                                                    cstackBANK5  0005CC
Dispensar@pastillas_por_dispensar                                    cstackCOMRAM 00053F
Dispensar@x                                                          cstackBANK5  0005E8
Dispensar@x_1897                                                     cstackBANK5  0005E9
Dispensar@y                                                          cstackBANK5  0005E6
EEPROM_ReadByte@address                                              cstackCOMRAM 00050C
EEPROM_SetAddress@address                                            cstackCOMRAM 000502
EEPROM_SetAddress@real_address                                       cstackCOMRAM 000508
EEPROM_UpdateByte@address                                            cstackCOMRAM 00050F
EEPROM_UpdateByte@data                                               cstackCOMRAM 000511
EEPROM_UpdateByte@old_data                                           cstackCOMRAM 000512
EEPROM_WriteByte@address                                             cstackCOMRAM 00050C
EEPROM_WriteByte@data                                                cstackCOMRAM 00050E
Enviar_Trama_Data@buffer                                             cstackCOMRAM 000503
Enviar_Trama_Data@checksum                                           cstackCOMRAM 000505
Enviar_Trama_Data@i                                                  cstackCOMRAM 000506
Funcion_AgregarHorario@hora                                          cstackCOMRAM 000518
Funcion_AgregarHorario@horario                                       cstackCOMRAM 000515
Funcion_AgregarHorario@min                                           cstackCOMRAM 000513
Funcion_AgregarHorario@pastillero                                    cstackCOMRAM 000514
Funcion_AgregarPastillas@F17990                                      mediumconst  00FA17
Funcion_AgregarPastillas@cantidad_a_sumar                            cstackCOMRAM 000513
Funcion_AgregarPastillas@pastillero_selecionado                      cstackCOMRAM 00051B
Funcion_AgregarPastillas@ubicacion_memoria                           cstackCOMRAM 000517
Guardar_CantPastillas@F17995                                         mediumconst  00FA13
Guardar_CantPastillas@cantidad_a_sumar                               cstackCOMRAM 000531
Guardar_CantPastillas@pastillero_selecionado                         cstackCOMRAM 000539
Guardar_CantPastillas@ubicacion_memoria                              cstackCOMRAM 000535
I2C1_ConfigurePPS@previousGie                                        cstackCOMRAM 000502
I2C1_Read@address7                                                   cstackCOMRAM 000507
I2C1_Read@data                                                       cstackCOMRAM 000504
I2C1_Read@index                                                      cstackCOMRAM 000508
I2C1_Read@length                                                     cstackCOMRAM 000506
I2C1_Read@status                                                     cstackCOMRAM 000509
I2C1_WaitBusFree@timeout                                             cstackCOMRAM 000502
I2C1_WaitRxBufferFull@timeout                                        cstackCOMRAM 000502
I2C1_WaitStop@timeout                                                cstackCOMRAM 000502
I2C1_WaitStopRead@timeout                                            cstackCOMRAM 000502
I2C1_WaitTxBufferEmpty@timeout                                       cstackCOMRAM 000502
I2C1_Write@address7                                                  cstackCOMRAM 000507
I2C1_Write@data                                                      cstackCOMRAM 000504
I2C1_Write@index                                                     cstackCOMRAM 000508
I2C1_Write@length                                                    cstackCOMRAM 000506
I2C1_Write@status                                                    cstackCOMRAM 000509
I2C1_WriteSingleByte@address7                                        cstackCOMRAM 00050B
I2C1_WriteSingleByte@data                                            cstackCOMRAM 00050A
IRSensor_Init@ansel                                                  cstackCOMRAM 000508
IRSensor_Init@pin_mask                                               cstackCOMRAM 00050A
IRSensor_Init@port                                                   cstackCOMRAM 000504
IRSensor_Init@sensor                                                 cstackCOMRAM 000502
IRSensor_Init@tris                                                   cstackCOMRAM 000506
IVTBASEH                                                             (abs)        00045E
IVTBASEL                                                             (abs)        00045D
IVTBASEU                                                             (abs)        00045F
Keypad_ActivateRow@keypad                                            cstackCOMRAM 000508
Keypad_ActivateRow@row                                               cstackCOMRAM 00050A
Keypad_AllRowsHigh@keypad                                            cstackCOMRAM 000502
Keypad_Init@ansel                                                    cstackCOMRAM 000510
Keypad_Init@keypad                                                   cstackCOMRAM 000508
Keypad_Init@lat                                                      cstackCOMRAM 00050C
Keypad_Init@port                                                     cstackCOMRAM 00050A
Keypad_Init@tris                                                     cstackCOMRAM 00050E
Keypad_Init@wpu                                                      cstackCOMRAM 000512
Keypad_Read@confirmed_key                                            cstackCOMRAM 00051A
Keypad_Read@detected_key                                             cstackCOMRAM 00051B
Keypad_Read@keypad                                                   cstackCOMRAM 000517
Keypad_Scan@column                                                   cstackCOMRAM 000516
Keypad_Scan@keypad                                                   cstackCOMRAM 000510
Keypad_Scan@row                                                      cstackCOMRAM 000515
LCD_I2C_Command@command                                              cstackCOMRAM 000515
LCD_I2C_Command@status                                               cstackCOMRAM 000514
LCD_I2C_CreateChar@index                                             cstackCOMRAM 000519
LCD_I2C_CreateChar@pattern                                           cstackCOMRAM 000516
LCD_I2C_CreateChar@position                                          cstackCOMRAM 000518
LCD_I2C_CreateChar@status                                            cstackCOMRAM 00051A
LCD_I2C_CreateSolidPixel@F17470                                      mediumconst  00FA07
LCD_I2C_CreateSolidPixel@cgram_position                              cstackCOMRAM 000523
LCD_I2C_CreateSolidPixel@solid_pixel                                 cstackCOMRAM 00051B
LCD_I2C_ExpanderWrite@value                                          cstackCOMRAM 00050C
LCD_I2C_Init@status                                                  cstackCOMRAM 000518
LCD_I2C_SendByte@block                                               cstackCOMRAM 00050B
LCD_I2C_SendByte@control                                             cstackCOMRAM 000512
LCD_I2C_SendByte@highNibble                                          cstackCOMRAM 000510
LCD_I2C_SendByte@lowNibble                                           cstackCOMRAM 000511
LCD_I2C_SendByte@rs                                                  cstackCOMRAM 00050A
LCD_I2C_SendByte@value                                               cstackCOMRAM 00050F
LCD_I2C_SetAddress@address7                                          cstackCOMRAM 000502
LCD_I2C_SetCursor@column                                             cstackCOMRAM 000516
LCD_I2C_SetCursor@row                                                cstackCOMRAM 000517
LCD_I2C_SetCursor@rowAddress                                         cstackCOMRAM 000518
LCD_I2C_WriteChar@character                                          cstackCOMRAM 000513
LCD_I2C_WriteChar@status                                             cstackCOMRAM 000514
LCD_I2C_WriteFixedUnsigned@decimals                                  cstackCOMRAM 000527
LCD_I2C_WriteFixedUnsigned@digit                                     cstackCOMRAM 000528
LCD_I2C_WriteFixedUnsigned@digits                                    cstackCOMRAM 000526
LCD_I2C_WriteFixedUnsigned@divisor                                   cstackCOMRAM 00052A
LCD_I2C_WriteFixedUnsigned@index                                     cstackCOMRAM 000529
LCD_I2C_WriteFixedUnsigned@number                                    cstackCOMRAM 000524
LCD_I2C_WriteFixedUnsigned@status                                    cstackCOMRAM 00052E
LCD_I2C_WriteInt@buf                                                 cstackCOMRAM 000522
LCD_I2C_WriteInt@nd                                                  cstackCOMRAM 00052A
LCD_I2C_WriteInt@pos                                                 cstackCOMRAM 00052E
LCD_I2C_WriteInt@rev                                                 cstackCOMRAM 00051C
LCD_I2C_WriteInt@u                                                   cstackCOMRAM 00052C
LCD_I2C_WriteInt@value                                               cstackCOMRAM 000518
LCD_I2C_WriteNibble@base                                             cstackCOMRAM 00050E
LCD_I2C_WriteNibble@block                                            cstackCOMRAM 00050C
LCD_I2C_WriteNibble@nibble                                           cstackCOMRAM 00050B
LCD_I2C_WriteNibble@rs                                               cstackCOMRAM 00050A
LCD_I2C_WriteString@status                                           cstackCOMRAM 000517
LCD_I2C_WriteString@text                                             cstackCOMRAM 000515
LCD_I2C_WriteStringN@index                                           cstackCOMRAM 00051B
LCD_I2C_WriteStringN@length                                          cstackCOMRAM 000517
LCD_I2C_WriteStringN@status                                          cstackCOMRAM 00051A
LCD_I2C_WriteStringN@text                                            cstackCOMRAM 000515
LCD_I2C_WriteUInt16@decimals                                         cstackCOMRAM 000532
LCD_I2C_WriteUInt16@digits                                           cstackCOMRAM 000531
LCD_I2C_WriteUInt16@number                                           cstackCOMRAM 00052F
LCD_I2C_WriteUInt8@digits                                            cstackCOMRAM 00052F
LCD_I2C_WriteUInt8@number                                            cstackCOMRAM 000530
MostrarAnimacionCarga@columna                                        cstackCOMRAM 000524
MostrarAnimacionCarga@fila                                           cstackCOMRAM 000527
MostrarAnimacionCarga@index                                          cstackCOMRAM 000528
RecorrerEEPROM@x                                                     cstackCOMRAM 00050E
Sensores@lectura_sensores                                            cstackCOMRAM 000508
Stepper_Init@ansel                                                   cstackCOMRAM 000508
Stepper_Init@lat                                                     cstackCOMRAM 000504
Stepper_Init@motor                                                   cstackCOMRAM 000502
Stepper_Init@nibble                                                  cstackCOMRAM 00050A
Stepper_Init@tris                                                    cstackCOMRAM 000506
Stepper_Off@motor                                                    cstackCOMRAM 00050A
Stepper_Step_CW@motor                                                cstackCOMRAM 00050A
Stepper_Write@motor                                                  cstackCOMRAM 000502
Stepper_Write@output_value                                           cstackCOMRAM 000509
Stepper_Write@value                                                  cstackCOMRAM 000504
SubProceso_AgregarHorario@hora                                       cstackCOMRAM 00053C
SubProceso_AgregarHorario@index_horarios_ocupados                    cstackCOMRAM 000541
SubProceso_AgregarHorario@pastillero_selecionado                     cstackCOMRAM 000540
SubProceso_AgregarHorario@x                                          cstackCOMRAM 000542
SubProceso_DispensacionVerificacion@cant_horarios                    cstackCOMRAM 00054E
SubProceso_DispensacionVerificacion@cantidad_horarios_para_dispersar cstackCOMRAM 00054F
SubProceso_DispensacionVerificacion@dispensar                        cstackCOMRAM 000550
SubProceso_DispensacionVerificacion@pastillas_por_dispensar          cstackCOMRAM 000548
SubProceso_DispensacionVerificacion@x                                cstackCOMRAM 000551
SubProceso_ManejoErrores@mensaje                                     cstackCOMRAM 00053A
SubProceso_ManejoErrores@nivel_error                                 cstackCOMRAM 00053C
SubProceso_MenuLCD@index                                             cstackCOMRAM 000548
SubProceso_ModificarHorario@hora_modificada                          cstackCOMRAM 00053D
SubProceso_ModificarHorario@horario_selecionado                      cstackCOMRAM 000542
SubProceso_ModificarHorario@pastillero_modificado                    cstackCOMRAM 00053C
SubProceso_ModificarHorario@x                                        cstackCOMRAM 000541
SubProceso_RegistrarPastillas@cantidad_a_sumar                       cstackCOMRAM 00053D
SubProceso_RegistrarPastillas@pastillero_selecionado                 cstackCOMRAM 00053E
SubProceso_VerHorarios@cant_horarios                                 cstackCOMRAM 000542
SubProceso_VerHorarios@horarios_por_pagina                           cstackCOMRAM 000541
SubProceso_VerHorarios@pagina                                        cstackCOMRAM 000543
SubProceso_VerHorarios@paginas_max                                   cstackCOMRAM 000540
SubProceso_VerHorarios@x                                             cstackCOMRAM 000544
SubProceso_VerHorarios@y                                             cstackCOMRAM 000545
U1RX_ISR@dato_entrante                                               cstackCOMRAM 000501
U1_BYTE_SEND@dato                                                    cstackCOMRAM 000502
U1_INIT@velocidad                                                    cstackCOMRAM 000502
WS2812B_Clear@tira                                                   cstackCOMRAM 000511
WS2812B_Init@i                                                       cstackCOMRAM 000507
WS2812B_Init@num_leds                                                cstackCOMRAM 000504
WS2812B_Init@tira                                                    cstackCOMRAM 000502
WS2812B_RGB@blue                                                     cstackCOMRAM 000515
WS2812B_RGB@green                                                    cstackCOMRAM 000514
WS2812B_RGB@red                                                      cstackCOMRAM 000513
WS2812B_RGB@tira                                                     cstackCOMRAM 000511
WS2812B_SendBit@bit_value                                            cstackCOMRAM 000502
WS2812B_SendByte@data                                                cstackCOMRAM 000503
WS2812B_SendByte@mask                                                cstackCOMRAM 000504
WS2812B_SetAll@blue                                                  cstackCOMRAM 00050E
WS2812B_SetAll@green                                                 cstackCOMRAM 00050D
WS2812B_SetAll@i                                                     cstackCOMRAM 000510
WS2812B_SetAll@red                                                   cstackCOMRAM 00050C
WS2812B_SetAll@tira                                                  cstackCOMRAM 00050A
WS2812B_SetPixel@blue                                                cstackCOMRAM 000507
WS2812B_SetPixel@green                                               cstackCOMRAM 000506
WS2812B_SetPixel@led                                                 cstackCOMRAM 000504
WS2812B_SetPixel@red                                                 cstackCOMRAM 000505
WS2812B_SetPixel@tira                                                cstackCOMRAM 000502
WS2812B_Show@i                                                       cstackCOMRAM 000509
WS2812B_Show@tira                                                    cstackCOMRAM 000505
_ADCLK                                                               (abs)        0003FA
_ADCON0                                                              (abs)        0003F3
_ADCON0bits                                                          (abs)        0003F3
_ADPCH                                                               (abs)        0003EC
_ADREF                                                               (abs)        0003F8
_ADRESH                                                              (abs)        0003EB
_ADRESL                                                              (abs)        0003EA
_ANSELA                                                              (abs)        000400
_ANSELB                                                              (abs)        000408
_ANSELC                                                              (abs)        000410
_ANSELCbits                                                          (abs)        000410
_ANSELD                                                              (abs)        000418
_ANSELEbits                                                          (abs)        000420
_ANSELF                                                              (abs)        000428
_ANSELFbits                                                          (abs)        000428
_Buzzer_ButtonClick                                                  text80       01593C
_Buzzer_CorrectSound                                                 text49       013EAC
_Buzzer_DelayUs                                                      text99       01590E
_Buzzer_ErrorSound                                                   text79       0140E4
_Buzzer_FinalCorrectClick                                            text94       014FB6
_Buzzer_Init                                                         text30       0138AE
_Buzzer_Off                                                          text100      015B52
_Buzzer_PinHigh                                                      text98       0154A6
_Buzzer_PinLow                                                       text101      015414
_Buzzer_Tone                                                         text95       012662
_Buzzer_WarningSound                                                 text78       014034
_CNY70_ADC_Init_FOSC64                                               text28       015B0C
_CNY70_Init                                                          text27       014426
_CNY70_Read                                                          text93       0147A6
_DS1307_BCDToDecimal                                                 text105      015AA2
_DS1307_IsValidBCD                                                   text104      01576C
_DS1307_ReadDateTime                                                 text102      0122A8
_DS1307_ReadRaw                                                      text106      015968
_DS1307_ReadRegisters                                                text107      014E08
_DS1307_ValidateRawData                                              text103      01204E
_DataEEPROM                                                          text7        0158E0
_Detallar_CantPastillas                                              text47       013B76
_Detallar_Horarios                                                   text38       014AD2
_Dispensar                                                           text54       011706
_Dispensar$3311                                                      cstackBANK5  0005E0
_EEPROM_ReadByte                                                     text91       0156B8
_EEPROM_SetAddress                                                   text92       0158AE
_EEPROM_UpdateByte                                                   text89       01587C
_EEPROM_WriteByte                                                    text90       015372
_Enviar_Trama_Data                                                   text5        014D98
_Funcion_AgregarHorario                                              text52       014CB4
_Funcion_AgregarPastillas                                            text46       0144C8
_Guardar_CantPastillas                                               text45       013C4A
_I2C1ADB1                                                            (abs)        00028F
_I2C1BTO                                                             (abs)        00029D
_I2C1CLK                                                             (abs)        00029C
_I2C1CNT                                                             (abs)        00028D
_I2C1CON0                                                            (abs)        000294
_I2C1CON0bits                                                        (abs)        000294
_I2C1CON1                                                            (abs)        000295
_I2C1CON1bits                                                        (abs)        000295
_I2C1CON2                                                            (abs)        000296
_I2C1ERR                                                             (abs)        000297
_I2C1ERRbits                                                         (abs)        000297
_I2C1PIE                                                             (abs)        00029B
_I2C1PIR                                                             (abs)        00029A
_I2C1PIRbits                                                         (abs)        00029A
_I2C1RXB                                                             (abs)        00028B
_I2C1SCLPPS                                                          (abs)        000271
_I2C1SDAPPS                                                          (abs)        000270
_I2C1STAT0bits                                                       (abs)        000298
_I2C1STAT1bits                                                       (abs)        000299
_I2C1TXB                                                             (abs)        00028C
_I2C1_ClearFlags                                                     text117      015B82
_I2C1_ConfigurePPS                                                   text25       0156F6
_I2C1_Init                                                           text24       015320
_I2C1_LastStatus                                                     bssBANK5     000576
_I2C1_Read                                                           text112      0139A4
_I2C1_ResetModule                                                    text116      015B60
_I2C1_WaitBusFree                                                    text115      015150
_I2C1_WaitRxBufferFull                                               text114      014BC6
_I2C1_WaitStop                                                       text111      014948
_I2C1_WaitStopRead                                                   text113      0150EA
_I2C1_WaitTxBufferEmpty                                              text110      014B4C
_I2C1_Write                                                          text109      0137B6
_I2C1_WriteSingleByte                                                text108      015AD0
_INTCON0bits                                                         (abs)        0004D6
_IRSensor_Init                                                       text17       013A8E
_Keypad_ActivateRow                                                  text76       015084
_Keypad_AllRowsHigh                                                  text77       015678
_Keypad_ColumnMasks                                                  mediumconst  00FA1B
_Keypad_Init                                                         text15       0132D8
_Keypad_Map                                                          mediumconst  00F9F7
_Keypad_Read                                                         text74       0149D0
_Keypad_RowMasks                                                     mediumconst  00FA1F
_Keypad_Scan                                                         text75       013D16
_LATA                                                                (abs)        0004BE
_LATB                                                                (abs)        0004BF
_LATC                                                                (abs)        0004C0
_LATCbits                                                            (abs)        0004C0
_LATD                                                                (abs)        0004C1
_LCD_I2C_Clear                                                       text72       015B7A
_LCD_I2C_ClearFile                                                   text43       015B1E
_LCD_I2C_Command                                                     text73       01501E
_LCD_I2C_CreateChar                                                  text42       0145F6
_LCD_I2C_CreateSolidPixel                                            text41       015532
_LCD_I2C_ExpanderWrite                                               text23       015B42
_LCD_I2C_Init                                                        text20       012D56
_LCD_I2C_SendByte                                                    text88       015272
_LCD_I2C_SetAddress                                                  text19       015A34
_LCD_I2C_SetCursor                                                   text71       0152CA
_LCD_I2C_UpdateDisplayControl                                        text22       015B6E
_LCD_I2C_WriteChar                                                   text87       0159BE
_LCD_I2C_WriteFixedUnsigned                                          text85       012BAA
_LCD_I2C_WriteInt                                                    text4        01318A
_LCD_I2C_WriteNibble                                                 text21       0155B8
_LCD_I2C_WriteString                                                 text70       014716
_LCD_I2C_WriteStringN                                                text44       014F4E
_LCD_I2C_WriteUInt16                                                 text48       015ABA
_LCD_I2C_WriteUInt8                                                  text84       015732
_MostrarAnimacionCarga                                               text40       0154EE
_NVMADRH                                                             (abs)        000044
_NVMADRL                                                             (abs)        000043
_NVMADRU                                                             (abs)        000045
_NVMCON0bits                                                         (abs)        000040
_NVMCON1bits                                                         (abs)        000041
_NVMDATL                                                             (abs)        000046
_NVMLOCK                                                             (abs)        000042
_ODCONCbits                                                          (abs)        000412
_OSCCON1                                                             (abs)        0000AD
_OSCEN                                                               (abs)        0000B3
_OSCFRQ                                                              (abs)        0000B1
_PIE4bits                                                            (abs)        0004A2
_PIR4bits                                                            (abs)        0004B2
_PORTD                                                               (abs)        0004D1
_PORTEbits                                                           (abs)        0004D2
_PORTF                                                               (abs)        0004D3
_PPSLOCK                                                             (abs)        000200
_PPSLOCKbits                                                         (abs)        000200
_PantallaGeneral                                                     text34       01302A
_RC3I2Cbits                                                          (abs)        000287
_RC3PPS                                                              (abs)        000214
_RC4I2Cbits                                                          (abs)        000286
_RC4PPS                                                              (abs)        000215
_RF0PPS                                                              (abs)        000229
_RecorrerEEPROM                                                      text33       0157A6
_Sensores                                                            text3        014A54
_Stepper_Init                                                        text11       01355A
_Stepper_Off                                                         text82       015B30
_Stepper_Step_CW                                                     text81       014E78
_Stepper_Write                                                       text83       01423A
_SubProceso_AgregarHorario                                           text51       01098E
_SubProceso_CondicionesIniciales                                     text32       012EC4
_SubProceso_DispensacionVerificacion                                 text53       0129F0
_SubProceso_ManejoErrores                                            text62       012486
_SubProceso_MenuLCD                                                  text35       011AC4
_SubProceso_ModificarHorario                                         text50       010000
_SubProceso_RegistrarPastillas                                       text39       011330
_SubProceso_VerHorarios                                              text36       010F22
_TRISA                                                               (abs)        0004C6
_TRISB                                                               (abs)        0004C7
_TRISC                                                               (abs)        0004C8
_TRISCbits                                                           (abs)        0004C8
_TRISD                                                               (abs)        0004C9
_TRISEbits                                                           (abs)        0004CA
_TRISF                                                               (abs)        0004CB
_TRISFbits                                                           (abs)        0004CB
_U1BRGH                                                              (abs)        0002AF
_U1BRGL                                                              (abs)        0002AE
_U1CON0                                                              (abs)        0002AB
_U1CON1                                                              (abs)        0002AC
_U1CON2                                                              (abs)        0002AD
_U1ERRIRbits                                                         (abs)        0002B2
_U1RXB                                                               (abs)        0002A1
_U1RXPPS                                                             (abs)        000272
_U1RX_ISR                                                            text118      01368C
_U1TXB                                                               (abs)        0002A3
_U1_BYTE_SEND                                                        text6        015A72
_U1_INIT                                                             text31       015A54
_WPUD                                                                (abs)        000419
_WPUEbits                                                            (abs)        000421
_WS2812B_Clear                                                       text64       015A0E
_WS2812B_Init                                                        text13       014194
_WS2812B_RGB                                                         text63       0159E8
_WS2812B_SendBit                                                     text67       015576
_WS2812B_SendByte                                                    text66       0155F8
_WS2812B_SetAll                                                      text68       015638
_WS2812B_SetPixel                                                    text69       014C40
_WS2812B_Show                                                        text65       014686
__HRAM                                                               (abs)        000000
__H__absolute__                                                      __absolute__ 000000
__Habs1                                                              abs1         000000
__Hbank10                                                            bank10       000000
__Hbank11                                                            bank11       000000
__Hbank12                                                            bank12       000000
__Hbank13                                                            bank13       000000
__Hbank14                                                            bank14       000000
__Hbank15                                                            bank15       000000
__Hbank16                                                            bank16       000000
__Hbank17                                                            bank17       000000
__Hbank18                                                            bank18       000000
__Hbank19                                                            bank19       000000
__Hbank20                                                            bank20       000000
__Hbank21                                                            bank21       000000
__Hbank22                                                            bank22       000000
__Hbank23                                                            bank23       000000
__Hbank24                                                            bank24       000000
__Hbank25                                                            bank25       000000
__Hbank26                                                            bank26       000000
__Hbank27                                                            bank27       000000
__Hbank28                                                            bank28       000000
__Hbank29                                                            bank29       000000
__Hbank30                                                            bank30       000000
__Hbank31                                                            bank31       000000
__Hbank32                                                            bank32       000000
__Hbank33                                                            bank33       000000
__Hbank34                                                            bank34       000000
__Hbank35                                                            bank35       000000
__Hbank36                                                            bank36       000000
__Hbank5                                                             bank5        000000
__Hbank6                                                             bank6        000000
__Hbank7                                                             bank7        000000
__Hbank8                                                             bank8        000000
__Hbank9                                                             bank9        000000
__Hbigbss                                                            bigbss       000000
__Hbigdata                                                           bigdata      000000
__Hbigram                                                            bigram       000000
__Hbigsfr                                                            bigsfr       000000
__Hbss                                                               bss          000000
__HbssBANK5                                                          bssBANK5     000000
__HbssBANK6                                                          bssBANK6     000000
__HbssCOMRAM                                                         bssCOMRAM    000000
__Hcinit                                                             cinit        000000
__Hclrtext                                                           clrtext      000000
__Hcomram                                                            comram       000000
__Hconfig                                                            config       30000A
__Hconst                                                             const        000000
__HcstackBANK5                                                       cstackBANK5  000000
__HcstackCOMRAM                                                      cstackCOMRAM 000000
__Hdata                                                              data         000000
__HdataBANK5                                                         dataBANK5    000000
__Heeprom_data                                                       eeprom_data  000000
__Hfarbss                                                            farbss       000000
__Hfardata                                                           fardata      000000
__Hheap                                                              heap         000000
__Hibigdata                                                          ibigdata     000000
__Hidata                                                             idata        000000
__HidataBANK5                                                        idataBANK5   000000
__Hidloc                                                             idloc        000000
__Hifardata                                                          ifardata     000000
__Hinit                                                              init         000106
__Hintsave_regs                                                      intsave_regs 000000
__Hirdata                                                            irdata       000000
__Hivt0x8                                                            ivt0x8       000102
__Hmediumconst                                                       mediumconst  010000
__HnvFARRAM                                                          nvFARRAM     000000
__Hnvbit                                                             nvbit        000000
__Hnvrram                                                            nvrram       000000
__Hparam                                                             rparam       000000
__Hpowerup                                                           powerup      000000
__Hram                                                               ram          000000
__Hramtop                                                            ramtop       002600
__Hrbit                                                              rbit         000000
__Hrbss                                                              rbss         000000
__Hrdata                                                             rdata        000000
__Hreset_vec                                                         reset_vec    000004
__Hrparam                                                            rparam       000000
__Hsfr                                                               sfr          000000
__Hsmallconst                                                        smallconst   000000
__Hspace_0                                                           (abs)        015B90
__Hspace_1                                                           (abs)        0006D5
__Hspace_2                                                           (abs)        000000
__Hspace_4                                                           (abs)        60000A
__Hstack                                                             stack        000000
__Hstruct                                                            struct       000000
__Htemp                                                              temp         000000
__Htext                                                              text         000000
__Htext0                                                             text0        000000
__Htext1                                                             text1        000000
__Htext10                                                            text10       000000
__Htext100                                                           text100      000000
__Htext101                                                           text101      000000
__Htext102                                                           text102      000000
__Htext103                                                           text103      000000
[...]
__ptext74                                                            text74       0149D0
__ptext75                                                            text75       013D16
__ptext76                                                            text76       015084
__ptext77                                                            text77       015678
__ptext78                                                            text78       014034
__ptext79                                                            text79       0140E4
__ptext8                                                             text8        01584A
__ptext80                                                            text80       01593C
__ptext81                                                            text81       014E78
__ptext82                                                            text82       015B30
__ptext83                                                            text83       01423A
__ptext84                                                            text84       015732
__ptext85                                                            text85       012BAA
__ptext86                                                            text86       0148C0
__ptext87                                                            text87       0159BE
__ptext88                                                            text88       015272
__ptext89                                                            text89       01587C
__ptext9                                                             text9        01341E
__ptext90                                                            text90       015372
__ptext91                                                            text91       0156B8
__ptext92                                                            text92       0158AE
__ptext93                                                            text93       0147A6
__ptext94                                                            text94       014FB6
__ptext95                                                            text95       012662
__ptext96                                                            text96       014EE4
__ptext97                                                            text97       0142E0
__ptext98                                                            text98       0154A6
__ptext99                                                            text99       01590E
__ramtop                                                             ramtop       002600
__smallconst                                                         mediumconst  00F9F6
_buzzer1                                                             bssCOMRAM    000557
_cny70_last_channel                                                  dataBANK5    0005EF
_config_buzzer                                                       text29       015814
_config_cny70                                                        text26       014560
_config_i2c_lcd                                                      text18       015A8A
_config_ir                                                           text16       015994
_config_keypad                                                       text14       0157DE
_config_leds                                                         text12       015AFA
_config_motores                                                      text10       014384
_config_perifericos                                                  text9        01341E
_configuro                                                           text8        01584A
_dato_memoria                                                        bssCOMRAM    000552
_datos                                                               bssBANK6     0006AD
_dbuf                                                                bssBANK6     000632
_estado                                                              bssBANK5     000575
_fechaHora                                                           bssBANK5     000577
_flag_paquete_listo                                                  bssCOMRAM    000555
_flags                                                               bssBANK5     000574
_fputc                                                               text58       013DE2
_full_step_sequence                                                  mediumconst  00FA23
_lcdAddress                                                          dataBANK5    0005EE
_lcdBacklight                                                        dataBANK5    0005ED
_lcdDisplayControl                                                   dataBANK5    0005EC
_longitud_esperada                                                   bssCOMRAM    000554
_main                                                                text0        015AE6
_motor1                                                              bssBANK5     0005A5
_motor2                                                              bssBANK5     00059D
_motor3                                                              bssBANK5     000595
_motor4                                                              bssBANK5     00058D
_prec                                                                bssBANK5     00056A
_putch                                                               text59       015B8E
_rx_buffer                                                           bssBANK6     000600
_rx_indice                                                           bssCOMRAM    000556
_sensor1                                                             bssBANK5     0005C6
_sensor2                                                             bssBANK5     0005C0
_sensor3                                                             bssBANK5     0005BA
_sensor4                                                             bssBANK5     0005B4
_sensor_ir                                                           bssBANK5     0005AD
_sensores_en_pantalla                                                text2        014836
_sprintf                                                             text55       01545E
_tecla                                                               bssCOMRAM    000553
_teclado                                                             bssBANK5     000583
_tira1                                                               bssBANK6     000652
_uart_serial                                                         text1        011DB4
_valor_S1                                                            bssBANK5     000572
_valor_S2                                                            bssBANK5     000570
_valor_S3                                                            bssBANK5     00056E
_valor_S4                                                            bssBANK5     00056C
_vfpfcnvrt                                                           text57       012832
_vfprintf                                                            text56       0153C4
_width                                                               bssBANK5     000568
config_perifericos@x                                                 cstackCOMRAM 000541
end_of_initialization                                                cinit        01526C
fputc@c                                                              cstackCOMRAM 000502
fputc@fp                                                             cstackCOMRAM 000504
intlevel0                                                            text         000000
intlevel1                                                            text         000000
intlevel2                                                            text         000000
intlevel3                                                            text         000000
isa$std                                                              (abs)        000001
isa$xinst                                                            (abs)        000000
ivt0x8_base                                                          ivt0x8       000008
ivt0x8_undefint                                                      ivt0x8       000100
sensores_en_pantalla@valor_de_sensores                               cstackCOMRAM 000530
sprintf@ap                                                           cstackCOMRAM 000528
sprintf@f                                                            cstackCOMRAM 00052A
sprintf@fmt                                                          cstackCOMRAM 000524
sprintf@s                                                            cstackCOMRAM 000522
stackhi                                                              (abs)        000000
stacklo                                                              (abs)        000000
start                                                                init         000102
start_initialization                                                 cinit        01521A
uart_serial@checksum_calculado                                       cstackCOMRAM 000544
uart_serial@checksum_out                                             cstackCOMRAM 000545
uart_serial@high_byte                                                cstackCOMRAM 00054A
uart_serial@i                                                        cstackCOMRAM 000546
uart_serial@i_270                                                    cstackCOMRAM 00054D
uart_serial@longitud                                                 cstackCOMRAM 00054C
uart_serial@low_byte                                                 cstackCOMRAM 00054B
uart_serial@pos_chk                                                  cstackCOMRAM 000548
uart_serial@pos_fin                                                  cstackCOMRAM 000543
uart_serial@valor_de_sensores                                        cstackCOMRAM 00053B
uart_serial@valor_sensor_ir                                          cstackCOMRAM 000549
vfpfcnvrt@ap                                                         cstackCOMRAM 00050F
vfpfcnvrt@c                                                          cstackCOMRAM 000519
vfpfcnvrt@convarg                                                    cstackCOMRAM 000515
vfpfcnvrt@cp                                                         cstackCOMRAM 000513
vfpfcnvrt@fmt                                                        cstackCOMRAM 00050D
vfpfcnvrt@fp                                                         cstackCOMRAM 00050B
vfprintf@ap                                                          cstackCOMRAM 00051E
vfprintf@cfmt                                                        cstackCOMRAM 000520
vfprintf@fmt                                                         cstackCOMRAM 00051C
vfprintf@fp                                                          cstackCOMRAM 00051A


MODULE INFORMATION

Module		Function		Class		Link	Load	Size
C:\Program Files\Microchip\xc8\v3.10\pic\sources\c99\common\lwmod.c
		___lwmod       		CODE           	151B6	0000	100

C:\Program Files\Microchip\xc8\v3.10\pic\sources\c99\common\lwmod.c estimated size: 100

C:\Program Files\Microchip\xc8\v3.10\pic\sources\c99\common\putch.c
		_putch         		CODE           	15B8E	0000	2

C:\Program Files\Microchip\xc8\v3.10\pic\sources\c99\common\putch.c estimated size: 2

C:\Program Files\Microchip\xc8\v3.10\pic\sources\c99\common\llmod.c
		___llmod       		CODE           	148C0	0000	136

C:\Program Files\Microchip\xc8\v3.10\pic\sources\c99\common\llmod.c estimated size: 136

motor_paso.c
		_Stepper_Write 		CODE           	1423A	0000	166
		_Stepper_Step_CW		CODE           	14E78	0000	108
		_Stepper_Off   		CODE           	15B30	0000	18
		_Stepper_Init  		CODE           	1355A	0000	304

motor_paso.c estimated size: 596

ws2812b.c
		_WS2812B_SetAll		CODE           	15638	0000	64
		_WS2812B_SendBit		CODE           	15576	0000	66
		_WS2812B_RGB   		CODE           	159E8	0000	38
		_WS2812B_Init  		CODE           	14194	0000	166
		_WS2812B_Show  		CODE           	14686	0000	144
		_WS2812B_SendByte		CODE           	155F8	0000	64
		_WS2812B_Clear 		CODE           	15A0E	0000	38
		_WS2812B_SetPixel		CODE           	14C40	0000	116

ws2812b.c estimated size: 696

keypad4x4.c
		_Keypad_ActivateRow		CODE           	15084	0000	102
		_Keypad_Read   		CODE           	149D0	0000	132
		_Keypad_Scan   		CODE           	13D16	0000	204
		_Keypad_Init   		CODE           	132D8	0000	326
		_Keypad_AllRowsHigh		CODE           	15678	0000	64

keypad4x4.c estimated size: 828

funcionesGenerales.c
		_config_keypad 		CODE           	157DE	0000	54
		_config_buzzer 		CODE           	15814	0000	54
		_MostrarAnimacionCarga		CODE           	154EE	0000	68
		_SubProceso_AgregarHorario		CODE           	1098E	0000	1428
		_config_i2c_lcd		CODE           	15A8A	0000	24
		_Detallar_Horarios		CODE           	14AD2	0000	122
		_SubProceso_DispensacionVerificacion		CODE           	129F0	0000	442
		_config_motores		CODE           	14384	0000	162
		_Funcion_AgregarHorario		CODE           	14CB4	0000	114
		_PantallaGeneral		CODE           	1302A	0000	352
		_SubProceso_VerHorarios		CODE           	10F22	0000	1038
		_RecorrerEEPROM		CODE           	157A6	0000	56
		_Funcion_AgregarPastillas		CODE           	144C8	0000	152
		_Sensores      		CODE           	14A54	0000	126
		_Detallar_CantPastillas		CODE           	13B76	0000	212
		_config_perifericos		CODE           	1341E	0000	316
		_SubProceso_MenuLCD		CODE           	11AC4	0000	752
		_SubProceso_RegistrarPastillas		CODE           	11330	0000	982
		_Guardar_CantPastillas		CODE           	13C4A	0000	204
		_SubProceso_ManejoErrores		CODE           	12486	0000	476
		_SubProceso_ModificarHorario		CODE           	10000	0000	2446
		_DataEEPROM    		CODE           	158E0	0000	46
		_SubProceso_CondicionesIniciales		CODE           	12EC4	0000	358
		_config_ir     		CODE           	15994	0000	42
		_config_leds   		CODE           	15AFA	0000	18
		_config_cny70  		CODE           	14560	0000	150
		_Dispensar     		CODE           	11706	0000	958

funcionesGenerales.c estimated size: 11152

C:\Program Files\Microchip\xc8\v3.10\pic\sources\c99\common\Umul32.c
		___lmul        		CODE           	14EE4	0000	106

C:\Program Files\Microchip\xc8\v3.10\pic\sources\c99\common\Umul32.c estimated size: 106

I2C.c
		_I2C1_Read     		CODE           	139A4	0000	234
		_I2C1_WaitBusFree		CODE           	15150	0000	102
		_I2C1_WaitStopRead		CODE           	150EA	0000	102
		_I2C1_Init     		CODE           	15320	0000	82
		_I2C1_WaitStop 		CODE           	14948	0000	136
		_I2C1_ResetModule		CODE           	15B60	0000	14
		_I2C1_ClearFlags		CODE           	15B82	0000	8
		_I2C1_ConfigurePPS		CODE           	156F6	0000	60
		_I2C1_WaitTxBufferEmpty		CODE           	14B4C	0000	122
		_I2C1_Write    		CODE           	137B6	0000	248
		_I2C1_WaitRxBufferFull		CODE           	14BC6	0000	122
		_I2C1_WriteSingleByte		CODE           	15AD0	0000	22

I2C.c estimated size: 1252

C:\Program Files\Microchip\xc8\v3.10\pic\sources\c99\common\lwdiv.c
		___lwdiv       		CODE           	14D26	0000	114

C:\Program Files\Microchip\xc8\v3.10\pic\sources\c99\common\lwdiv.c estimated size: 114

C:\Program Files\Microchip\xc8\v3.10\pic\sources\c99\common\awdiv.c
		___awdiv       		CODE           	13F74	0000	192

C:\Program Files\Microchip\xc8\v3.10\pic\sources\c99\common\awdiv.c estimated size: 192

C:\Program Files\Microchip\xc8\v3.10\pic\sources\c99\common\nf_sprintf.c
		_sprintf       		CODE           	1545E	0000	72

C:\Program Files\Microchip\xc8\v3.10\pic\sources\c99\common\nf_sprintf.c estimated size: 72

LIB_UART.c
		_U1_BYTE_SEND  		CODE           	15A72	0000	24
		_Enviar_Trama_Data		CODE           	14D98	0000	112
		_U1_INIT       		CODE           	15A54	0000	30

LIB_UART.c estimated size: 166

shared
		_Keypad_ColumnMasks		MEDIUMCONST    	FA1B	0000	4
		LCD_I2C_CreateSolidPixel@F17470		MEDIUMCONST    	FA07	0000	8
		_Keypad_Map    		MEDIUMCONST    	F9F7	0000	16
		__initialization		CODE           	1521A	0000	82
		Guardar_CantPastillas@F17995		MEDIUMCONST    	FA13	0000	4
		_full_step_sequence		MEDIUMCONST    	FA23	0000	4
		Funcion_AgregarPastillas@F17990		MEDIUMCONST    	FA17	0000	4
		_Keypad_RowMasks		MEDIUMCONST    	FA1F	0000	4
		Detallar_CantPastillas@F17999		MEDIUMCONST    	FA0F	0000	4

shared estimated size: 130

CNY70.c
		_CNY70_Init    		CODE           	14426	0000	162
		_CNY70_Read    		CODE           	147A6	0000	144
		_CNY70_ADC_Init_FOSC64		CODE           	15B0C	0000	18

CNY70.c estimated size: 324

DS1307.c
		_DS1307_IsValidBCD		CODE           	1576C	0000	58
		_DS1307_ReadDateTime		CODE           	122A8	0000	478
		_DS1307_BCDToDecimal		CODE           	15AA2	0000	24
		_DS1307_ValidateRawData		CODE           	1204E	0000	602
		_DS1307_ReadRaw		CODE           	15968	0000	44
		_DS1307_ReadRegisters		CODE           	14E08	0000	112

DS1307.c estimated size: 1318

maincode.c
		_configuro     		CODE           	1584A	0000	50
		_main          		CODE           	15AE6	0000	20
		_sensores_en_pantalla		CODE           	14836	0000	138
		_U1RX_ISR      		CODE           	1368C	0000	298
		_uart_serial   		CODE           	11DB4	0000	666

maincode.c estimated size: 1172

C:\Program Files\Microchip\xc8\v3.10\pic\sources\c99\common\nf_fputc.c
		_fputc         		CODE           	13DE2	0000	202

C:\Program Files\Microchip\xc8\v3.10\pic\sources\c99\common\nf_fputc.c estimated size: 202

Libbuzzer.c
		_Buzzer_Tone   		CODE           	12662	0000	464
		_Buzzer_CorrectSound		CODE           	13EAC	0000	200
		_Buzzer_Init   		CODE           	138AE	0000	246
		_Buzzer_PinLow 		CODE           	15414	0000	74
		_Buzzer_ErrorSound		CODE           	140E4	0000	176
		_Buzzer_PinHigh		CODE           	154A6	0000	72
		_Buzzer_DelayUs		CODE           	1590E	0000	46
		_Buzzer_ButtonClick		CODE           	1593C	0000	44
		_Buzzer_FinalCorrectClick		CODE           	14FB6	0000	104
		_Buzzer_Off    		CODE           	15B52	0000	14
		_Buzzer_WarningSound		CODE           	14034	0000	176

Libbuzzer.c estimated size: 1616

LCD_I2C.c
		_LCD_I2C_WriteNibble		CODE           	155B8	0000	64
		_LCD_I2C_WriteStringN		CODE           	14F4E	0000	104
		_LCD_I2C_SetAddress		CODE           	15A34	0000	32
		_LCD_I2C_UpdateDisplayControl		CODE           	15B6E	0000	12
		_LCD_I2C_Init  		CODE           	12D56	0000	366
		_LCD_I2C_WriteString		CODE           	14716	0000	144
		_LCD_I2C_SendByte		CODE           	15272	0000	88
		_LCD_I2C_Clear 		CODE           	15B7A	0000	8
		_LCD_I2C_WriteInt		CODE           	1318A	0000	334
		_LCD_I2C_ClearFile		CODE           	15B1E	0000	18
		_LCD_I2C_WriteChar		CODE           	159BE	0000	42
		_LCD_I2C_WriteFixedUnsigned		CODE           	12BAA	0000	428
		_LCD_I2C_ExpanderWrite		CODE           	15B42	0000	16
		_LCD_I2C_SetCursor		CODE           	152CA	0000	86
		_LCD_I2C_WriteUInt8		CODE           	15732	0000	58
		_LCD_I2C_CreateChar		CODE           	145F6	0000	144
		_LCD_I2C_CreateSolidPixel		CODE           	15532	0000	68
		_LCD_I2C_Command		CODE           	1501E	0000	102
		_LCD_I2C_WriteUInt16		CODE           	15ABA	0000	22

LCD_I2C.c estimated size: 2136

irsensor.c
		_IRSensor_Init 		CODE           	13A8E	0000	232

irsensor.c estimated size: 232

C:\Program Files\Microchip\xc8\v3.10\pic\sources\c99\common\__lldiv.c
		___lldiv       		CODE           	142E0	0000	164

C:\Program Files\Microchip\xc8\v3.10\pic\sources\c99\common\__lldiv.c estimated size: 164

EPROM_DFM.c
		_EEPROM_WriteByte		CODE           	15372	0000	82
		_EEPROM_UpdateByte		CODE           	1587C	0000	50
		_EEPROM_SetAddress		CODE           	158AE	0000	50
		_EEPROM_ReadByte		CODE           	156B8	0000	62

EPROM_DFM.c estimated size: 244

C:\Program Files\Microchip\xc8\v3.10\pic\sources\c99\common\doprnt.c
		_vfpfcnvrt     		CODE           	12832	0000	446
		_vfprintf      		CODE           	153C4	0000	80

C:\Program Files\Microchip\xc8\v3.10\pic\sources\c99\common\doprnt.c estimated size: 526

